Archive member included to satisfy reference by file (symbol)

/home/py/Ac6/SystemWorkbench/plugins/fr.ac6.mcu.externaltools.arm-none.linux64_1.17.0.201812190825/tools/compiler/bin/../lib/gcc/arm-none-eabi/7.3.1/../../../../arm-none-eabi/lib/thumb/v7e-m/fpv4-sp/hard/libc.a(lib_a-errno.o)
                              src/syscalls.o (__errno)
/home/py/Ac6/SystemWorkbench/plugins/fr.ac6.mcu.externaltools.arm-none.linux64_1.17.0.201812190825/tools/compiler/bin/../lib/gcc/arm-none-eabi/7.3.1/../../../../arm-none-eabi/lib/thumb/v7e-m/fpv4-sp/hard/libc.a(lib_a-exit.o)
                              /home/py/Ac6/SystemWorkbench/plugins/fr.ac6.mcu.externaltools.arm-none.linux64_1.17.0.201812190825/tools/compiler/bin/../lib/gcc/arm-none-eabi/7.3.1/../../../../arm-none-eabi/lib/thumb/v7e-m/fpv4-sp/hard/crt0.o (exit)
/home/py/Ac6/SystemWorkbench/plugins/fr.ac6.mcu.externaltools.arm-none.linux64_1.17.0.201812190825/tools/compiler/bin/../lib/gcc/arm-none-eabi/7.3.1/../../../../arm-none-eabi/lib/thumb/v7e-m/fpv4-sp/hard/libc.a(lib_a-impure.o)
                              /home/py/Ac6/SystemWorkbench/plugins/fr.ac6.mcu.externaltools.arm-none.linux64_1.17.0.201812190825/tools/compiler/bin/../lib/gcc/arm-none-eabi/7.3.1/../../../../arm-none-eabi/lib/thumb/v7e-m/fpv4-sp/hard/libc.a(lib_a-exit.o) (_global_impure_ptr)
/home/py/Ac6/SystemWorkbench/plugins/fr.ac6.mcu.externaltools.arm-none.linux64_1.17.0.201812190825/tools/compiler/bin/../lib/gcc/arm-none-eabi/7.3.1/../../../../arm-none-eabi/lib/thumb/v7e-m/fpv4-sp/hard/libc.a(lib_a-init.o)
                              /home/py/Ac6/SystemWorkbench/plugins/fr.ac6.mcu.externaltools.arm-none.linux64_1.17.0.201812190825/tools/compiler/bin/../lib/gcc/arm-none-eabi/7.3.1/../../../../arm-none-eabi/lib/thumb/v7e-m/fpv4-sp/hard/crt0.o (__libc_init_array)
/home/py/Ac6/SystemWorkbench/plugins/fr.ac6.mcu.externaltools.arm-none.linux64_1.17.0.201812190825/tools/compiler/bin/../lib/gcc/arm-none-eabi/7.3.1/../../../../arm-none-eabi/lib/thumb/v7e-m/fpv4-sp/hard/libc.a(lib_a-memcmp.o)
                              Third-Party/SEGGER/OS/SEGGER_SYSVIEW_FreeRTOS.o (memcmp)
/home/py/Ac6/SystemWorkbench/plugins/fr.ac6.mcu.externaltools.arm-none.linux64_1.17.0.201812190825/tools/compiler/bin/../lib/gcc/arm-none-eabi/7.3.1/../../../../arm-none-eabi/lib/thumb/v7e-m/fpv4-sp/hard/libc.a(lib_a-memcpy.o)
                              Third-Party/FreeRTOS/org/Source/queue.o (memcpy)
/home/py/Ac6/SystemWorkbench/plugins/fr.ac6.mcu.externaltools.arm-none.linux64_1.17.0.201812190825/tools/compiler/bin/../lib/gcc/arm-none-eabi/7.3.1/../../../../arm-none-eabi/lib/thumb/v7e-m/fpv4-sp/hard/libc.a(lib_a-memset.o)
                              /home/py/Ac6/SystemWorkbench/plugins/fr.ac6.mcu.externaltools.arm-none.linux64_1.17.0.201812190825/tools/compiler/bin/../lib/gcc/arm-none-eabi/7.3.1/../../../../arm-none-eabi/lib/thumb/v7e-m/fpv4-sp/hard/crt0.o (memset)
/home/py/Ac6/SystemWorkbench/plugins/fr.ac6.mcu.externaltools.arm-none.linux64_1.17.0.201812190825/tools/compiler/bin/../lib/gcc/arm-none-eabi/7.3.1/../../../../arm-none-eabi/lib/thumb/v7e-m/fpv4-sp/hard/libc.a(lib_a-sprintf.o)
                              src/main.o (sprintf)
/home/py/Ac6/SystemWorkbench/plugins/fr.ac6.mcu.externaltools.arm-none.linux64_1.17.0.201812190825/tools/compiler/bin/../lib/gcc/arm-none-eabi/7.3.1/../../../../arm-none-eabi/lib/thumb/v7e-m/fpv4-sp/hard/libc.a(lib_a-strlen.o)
                              Third-Party/SEGGER/SEGGER/SEGGER_RTT.o (strlen)
/home/py/Ac6/SystemWorkbench/plugins/fr.ac6.mcu.externaltools.arm-none.linux64_1.17.0.201812190825/tools/compiler/bin/../lib/gcc/arm-none-eabi/7.3.1/../../../../arm-none-eabi/lib/thumb/v7e-m/fpv4-sp/hard/libc.a(lib_a-svfprintf.o)
                              /home/py/Ac6/SystemWorkbench/plugins/fr.ac6.mcu.externaltools.arm-none.linux64_1.17.0.201812190825/tools/compiler/bin/../lib/gcc/arm-none-eabi/7.3.1/../../../../arm-none-eabi/lib/thumb/v7e-m/fpv4-sp/hard/libc.a(lib_a-sprintf.o) (_svfprintf_r)
/home/py/Ac6/SystemWorkbench/plugins/fr.ac6.mcu.externaltools.arm-none.linux64_1.17.0.201812190825/tools/compiler/bin/../lib/gcc/arm-none-eabi/7.3.1/../../../../arm-none-eabi/lib/thumb/v7e-m/fpv4-sp/hard/libc.a(lib_a-__call_atexit.o)
                              /home/py/Ac6/SystemWorkbench/plugins/fr.ac6.mcu.externaltools.arm-none.linux64_1.17.0.201812190825/tools/compiler/bin/../lib/gcc/arm-none-eabi/7.3.1/../../../../arm-none-eabi/lib/thumb/v7e-m/fpv4-sp/hard/libc.a(lib_a-exit.o) (__call_exitprocs)
/home/py/Ac6/SystemWorkbench/plugins/fr.ac6.mcu.externaltools.arm-none.linux64_1.17.0.201812190825/tools/compiler/bin/../lib/gcc/arm-none-eabi/7.3.1/../../../../arm-none-eabi/lib/thumb/v7e-m/fpv4-sp/hard/libc.a(lib_a-atexit.o)
                              /home/py/Ac6/SystemWorkbench/plugins/fr.ac6.mcu.externaltools.arm-none.linux64_1.17.0.201812190825/tools/compiler/bin/../lib/gcc/arm-none-eabi/7.3.1/../../../../arm-none-eabi/lib/thumb/v7e-m/fpv4-sp/hard/libc.a(lib_a-__call_atexit.o) (atexit)
[...]
Memory Configuration

Name             Origin             Length             Attributes
RAM              0x0000000020000000 0x0000000000020000 xrw
ROM              0x0000000008000000 0x0000000000080000 xr
*default*        0x0000000000000000 0xffffffffffffffff

Linker script and memory map

LOAD /home/py/Ac6/SystemWorkbench/plugins/fr.ac6.mcu.externaltools.arm-none.linux64_1.17.0.201812190825/tools/compiler/bin/../lib/gcc/arm-none-eabi/7.3.1/thumb/v7e-m/fpv4-sp/hard/crti.o
LOAD /home/py/Ac6/SystemWorkbench/plugins/fr.ac6.mcu.externaltools.arm-none.linux64_1.17.0.201812190825/tools/compiler/bin/../lib/gcc/arm-none-eabi/7.3.1/thumb/v7e-m/fpv4-sp/hard/crtbegin.o
LOAD /home/py/Ac6/SystemWorkbench/plugins/fr.ac6.mcu.externaltools.arm-none.linux64_1.17.0.201812190825/tools/compiler/bin/../lib/gcc/arm-none-eabi/7.3.1/../../../../arm-none-eabi/lib/thumb/v7e-m/fpv4-sp/hard/crt0.o
LOAD StdPeriph_Driver/src/misc.o
LOAD StdPeriph_Driver/src/stm32f4xx_adc.o
LOAD StdPeriph_Driver/src/stm32f4xx_can.o
LOAD StdPeriph_Driver/src/stm32f4xx_cec.o
LOAD StdPeriph_Driver/src/stm32f4xx_crc.o
LOAD StdPeriph_Driver/src/stm32f4xx_cryp.o
LOAD StdPeriph_Driver/src/stm32f4xx_cryp_aes.o
LOAD StdPeriph_Driver/src/stm32f4xx_cryp_des.o
LOAD StdPeriph_Driver/src/stm32f4xx_cryp_tdes.o
LOAD StdPeriph_Driver/src/stm32f4xx_dac.o
LOAD StdPeriph_Driver/src/stm32f4xx_dbgmcu.o
LOAD StdPeriph_Driver/src/stm32f4xx_dcmi.o
LOAD StdPeriph_Driver/src/stm32f4xx_dfsdm.o
LOAD StdPeriph_Driver/src/stm32f4xx_dma.o
LOAD StdPeriph_Driver/src/stm32f4xx_dma2d.o
LOAD StdPeriph_Driver/src/stm32f4xx_dsi.o
LOAD StdPeriph_Driver/src/stm32f4xx_exti.o
LOAD StdPeriph_Driver/src/stm32f4xx_flash.o
LOAD StdPeriph_Driver/src/stm32f4xx_flash_ramfunc.o
LOAD StdPeriph_Driver/src/stm32f4xx_fmc.o
LOAD StdPeriph_Driver/src/stm32f4xx_fmip2c.o
LOAD StdPeriph_Driver/src/stm32f4xx_fsmc.o
LOAD StdPeriph_Driver/src/stm32f4xx_gpio.o
LOAD StdPeriph_Driver/src/stm32f4xx_hash.o
LOAD StdPeriph_Driver/src/stm32f4xx_hash_md5.o
LOAD StdPeriph_Driver/src/stm32f4xx_hash_sha1.o
LOAD StdPeriph_Driver/src/stm32f4xx_i2c.o
LOAD StdPeriph_Driver/src/stm32f4xx_iwdg.o
LOAD StdPeriph_Driver/src/stm32f4xx_lptim.o
LOAD StdPeriph_Driver/src/stm32f4xx_ltdc.o
LOAD StdPeriph_Driver/src/stm32f4xx_pwr.o
LOAD StdPeriph_Driver/src/stm32f4xx_qspi.o
LOAD StdPeriph_Driver/src/stm32f4xx_rcc.o
LOAD StdPeriph_Driver/src/stm32f4xx_rng.o
LOAD StdPeriph_Driver/src/stm32f4xx_rtc.o
LOAD StdPeriph_Driver/src/stm32f4xx_sai.o
LOAD StdPeriph_Driver/src/stm32f4xx_sdio.o
LOAD StdPeriph_Driver/src/stm32f4xx_spdifrx.o
LOAD StdPeriph_Driver/src/stm32f4xx_spi.o
LOAD StdPeriph_Driver/src/stm32f4xx_syscfg.o
LOAD StdPeriph_Driver/src/stm32f4xx_tim.o
LOAD StdPeriph_Driver/src/stm32f4xx_usart.o
LOAD StdPeriph_Driver/src/stm32f4xx_wwdg.o
LOAD Third-Party/FreeRTOS/org/Source/croutine.o
LOAD Third-Party/FreeRTOS/org/Source/event_groups.o
LOAD Third-Party/FreeRTOS/org/Source/list.o
LOAD Third-Party/FreeRTOS/org/Source/queue.o
LOAD Third-Party/FreeRTOS/org/Source/stream_buffer.o
LOAD Third-Party/FreeRTOS/org/Source/tasks.o
LOAD Third-Party/FreeRTOS/org/Source/timers.o
LOAD Third-Party/FreeRTOS/org/Source/portable/GCC/ARM_CM4F/port.o
LOAD Third-Party/FreeRTOS/org/Source/portable/MemMang/heap_4.o
LOAD Third-Party/SEGGER/Config/SEGGER_SYSVIEW_Config_FreeRTOS.o
LOAD Third-Party/SEGGER/OS/SEGGER_SYSVIEW_FreeRTOS.o
LOAD Third-Party/SEGGER/SEGGER/SEGGER_RTT.o
LOAD Third-Party/SEGGER/SEGGER/SEGGER_SYSVIEW.o
LOAD src/main.o
LOAD src/syscalls.o
LOAD src/system_stm32f4xx.o
LOAD startup/startup_stm32.o
LOAD /home/py/Ac6/SystemWorkbench/plugins/fr.ac6.mcu.externaltools.arm-none.linux64_1.17.0.201812190825/tools/compiler/bin/../lib/gcc/arm-none-eabi/7.3.1/../../../../arm-none-eabi/lib/thumb/v7e-m/fpv4-sp/hard/libm.a
START GROUP
LOAD /home/py/Ac6/SystemWorkbench/plugins/fr.ac6.mcu.externaltools.arm-none.linux64_1.17.0.201812190825/tools/compiler/bin/../lib/gcc/arm-none-eabi/7.3.1/thumb/v7e-m/fpv4-sp/hard/libgcc.a
LOAD /home/py/Ac6/SystemWorkbench/plugins/fr.ac6.mcu.externaltools.arm-none.linux64_1.17.0.201812190825/tools/compiler/bin/../lib/gcc/arm-none-eabi/7.3.1/../../../../arm-none-eabi/lib/thumb/v7e-m/fpv4-sp/hard/libc.a
END GROUP
LOAD /home/py/Ac6/SystemWorkbench/plugins/fr.ac6.mcu.externaltools.arm-none.linux64_1.17.0.201812190825/tools/compiler/bin/../lib/gcc/arm-none-eabi/7.3.1/thumb/v7e-m/fpv4-sp/hard/crtend.o
LOAD /home/py/Ac6/SystemWorkbench/plugins/fr.ac6.mcu.externaltools.arm-none.linux64_1.17.0.201812190825/tools/compiler/bin/../lib/gcc/arm-none-eabi/7.3.1/thumb/v7e-m/fpv4-sp/hard/crtn.o
                0x0000000020020000                _estack = 0x20020000
                0x0000000000000000                _Min_Heap_Size = 0x0
                0x0000000000000400                _Min_Stack_Size = 0x400

.isr_vector     0x0000000008000000      0x1c4
                0x0000000008000000                . = ALIGN (0x4)
 *(.isr_vector)
 .isr_vector    0x0000000008000000      0x1c4 startup/startup_stm32.o
                0x0000000008000000                g_pfnVectors
                0x00000000080001c4                . = ALIGN (0x4)

.text           0x0000000008000200     0x8d3c
                0x0000000008000200                . = ALIGN (0x4)
 *(.text)
 .text          0x0000000008000200       0x40 /home/py/Ac6/SystemWorkbench/plugins/fr.ac6.mcu.externaltools.arm-none.linux64_1.17.0.201812190825/tools/compiler/bin/../lib/gcc/arm-none-eabi/7.3.1/thumb/v7e-m/fpv4-sp/hard/crtbegin.o
 .text          0x0000000008000240      0x134 /home/py/Ac6/SystemWorkbench/plugins/fr.ac6.mcu.externaltools.arm-none.linux64_1.17.0.201812190825/tools/compiler/bin/../lib/gcc/arm-none-eabi/7.3.1/../../../../arm-none-eabi/lib/thumb/v7e-m/fpv4-sp/hard/libc.a(lib_a-memcpy.o)
                0x0000000008000240                memcpy
 *fill*         0x0000000008000374        0xc 
 .text          0x0000000008000380       0xdc /home/py/Ac6/SystemWorkbench/plugins/fr.ac6.mcu.externaltools.arm-none.linux64_1.17.0.201812190825/tools/compiler/bin/../lib/gcc/arm-none-eabi/7.3.1/../../../../arm-none-eabi/lib/thumb/v7e-m/fpv4-sp/hard/libc.a(lib_a-strlen.o)
                0x0000000008000380                strlen
 *fill*         0x000000000800045c        0x4 
 .text          0x0000000008000460       0xa0 /home/py/Ac6/SystemWorkbench/plugins/fr.ac6.mcu.externaltools.arm-none.linux64_1.17.0.201812190825/tools/compiler/bin/../lib/gcc/arm-none-eabi/7.3.1/../../../../arm-none-eabi/lib/thumb/v7e-m/fpv4-sp/hard/libc.a(lib_a-memchr.o)
                0x0000000008000460                memchr
 .text          0x0000000008000500      0x378 /home/py/Ac6/SystemWorkbench/plugins/fr.ac6.mcu.externaltools.arm-none.linux64_1.17.0.201812190825/tools/compiler/bin/../lib/gcc/arm-none-eabi/7.3.1/thumb/v7e-m/fpv4-sp/hard/libgcc.a(_arm_addsubdf3.o)
                0x0000000008000500                __aeabi_drsub
                0x0000000008000508                __aeabi_dsub
                0x0000000008000508                __subdf3
                0x000000000800050c                __adddf3
                0x000000000800050c                __aeabi_dadd
                0x0000000008000784                __aeabi_ui2d
                0x0000000008000784                __floatunsidf
                0x00000000080007a4                __floatsidf
                0x00000000080007a4                __aeabi_i2d
                0x00000000080007c8                __extendsfdf2
                0x00000000080007c8                __aeabi_f2d
                0x000000000800080c                __aeabi_ul2d
                0x000000000800080c                __floatundidf
                0x000000000800081c                __floatdidf
                0x000000000800081c                __aeabi_l2d
 .text          0x0000000008000878      0x424 /home/py/Ac6/SystemWorkbench/plugins/fr.ac6.mcu.externaltools.arm-none.linux64_1.17.0.201812190825/tools/compiler/bin/../lib/gcc/arm-none-eabi/7.3.1/thumb/v7e-m/fpv4-sp/hard/libgcc.a(_arm_muldivdf3.o)
                0x0000000008000878                __aeabi_dmul
                0x0000000008000878                __muldf3
                0x0000000008000acc                __aeabi_ddiv
                0x0000000008000acc                __divdf3
 .text          0x0000000008000c9c      0x110 /home/py/Ac6/SystemWorkbench/plugins/fr.ac6.mcu.externaltools.arm-none.linux64_1.17.0.201812190825/tools/compiler/bin/../lib/gcc/arm-none-eabi/7.3.1/thumb/v7e-m/fpv4-sp/hard/libgcc.a(_arm_cmpdf2.o)
                0x0000000008000c9c                __gtdf2
                0x0000000008000c9c                __gedf2
                0x0000000008000ca4                __ltdf2
                0x0000000008000ca4                __ledf2
                0x0000000008000cac                __cmpdf2
                0x0000000008000cac                __eqdf2
                0x0000000008000cac                __nedf2
                0x0000000008000d28                __aeabi_cdrcmple
                0x0000000008000d38                __aeabi_cdcmple
                0x0000000008000d38                __aeabi_cdcmpeq
                0x0000000008000d48                __aeabi_dcmpeq
                0x0000000008000d5c                __aeabi_dcmplt
                0x0000000008000d70                __aeabi_dcmple
                0x0000000008000d84                __aeabi_dcmpge
                0x0000000008000d98                __aeabi_dcmpgt
 .text          0x0000000008000dac       0x2c /home/py/Ac6/SystemWorkbench/plugins/fr.ac6.mcu.externaltools.arm-none.linux64_1.17.0.201812190825/tools/compiler/bin/../lib/gcc/arm-none-eabi/7.3.1/thumb/v7e-m/fpv4-sp/hard/libgcc.a(_arm_unorddf2.o)
                0x0000000008000dac                __aeabi_dcmpun
                0x0000000008000dac                __unorddf2
 .text          0x0000000008000dd8       0x50 /home/py/Ac6/SystemWorkbench/plugins/fr.ac6.mcu.externaltools.arm-none.linux64_1.17.0.201812190825/tools/compiler/bin/../lib/gcc/arm-none-eabi/7.3.1/thumb/v7e-m/fpv4-sp/hard/libgcc.a(_arm_fixdfsi.o)
                0x0000000008000dd8                __fixdfsi
                0x0000000008000dd8                __aeabi_d2iz
 .text          0x0000000008000e28       0x30 /home/py/Ac6/SystemWorkbench/plugins/fr.ac6.mcu.externaltools.arm-none.linux64_1.17.0.201812190825/tools/compiler/bin/../lib/gcc/arm-none-eabi/7.3.1/thumb/v7e-m/fpv4-sp/hard/libgcc.a(_aeabi_uldivmod.o)
                0x0000000008000e28                __aeabi_uldivmod
 .text          0x0000000008000e58      0x2cc /home/py/Ac6/SystemWorkbench/plugins/fr.ac6.mcu.externaltools.arm-none.linux64_1.17.0.201812190825/tools/compiler/bin/../lib/gcc/arm-none-eabi/7.3.1/thumb/v7e-m/fpv4-sp/hard/libgcc.a(_udivmoddi4.o)
                0x0000000008000e58                __udivmoddi4
 .text          0x0000000008001124        0x4 /home/py/Ac6/SystemWorkbench/plugins/fr.ac6.mcu.externaltools.arm-none.linux64_1.17.0.201812190825/tools/compiler/bin/../lib/gcc/arm-none-eabi/7.3.1/thumb/v7e-m/fpv4-sp/hard/libgcc.a(_dvmd_tls.o)
                0x0000000008001124                __aeabi_ldiv0
                0x0000000008001124                __aeabi_idiv0
 *(.text*)
 .text.EXTI_Init
                0x0000000008001128       0xe4 StdPeriph_Driver/src/stm32f4xx_exti.o
                0x0000000008001128                EXTI_Init
 .text.EXTI_ClearITPendingBit
                0x000000000800120c       0x20 StdPeriph_Driver/src/stm32f4xx_exti.o
                0x000000000800120c                EXTI_ClearITPendingBit
 .text.GPIO_Init
                0x000000000800122c      0x11c StdPeriph_Driver/src/stm32f4xx_gpio.o
                0x000000000800122c                GPIO_Init
 .text.GPIO_ToggleBits
                0x0000000008001348       0x24 StdPeriph_Driver/src/stm32f4xx_gpio.o
                0x0000000008001348                GPIO_ToggleBits
 .text.GPIO_PinAFConfig
                0x000000000800136c       0x92 StdPeriph_Driver/src/stm32f4xx_gpio.o
                0x000000000800136c                GPIO_PinAFConfig
 *fill*         0x00000000080013fe        0x2 
 .text.RCC_DeInit
                0x0000000008001400       0x70 StdPeriph_Driver/src/stm32f4xx_rcc.o
                0x0000000008001400                RCC_DeInit
 .text.RCC_GetClocksFreq
                0x0000000008001470      0x1f4 StdPeriph_Driver/src/stm32f4xx_rcc.o
                0x0000000008001470                RCC_GetClocksFreq
 .text.RCC_AHB1PeriphClockCmd
                0x0000000008001664       0x40 StdPeriph_Driver/src/stm32f4xx_rcc.o
                0x0000000008001664                RCC_AHB1PeriphClockCmd
 .text.RCC_APB1PeriphClockCmd
                0x00000000080016a4       0x40 StdPeriph_Driver/src/stm32f4xx_rcc.o
                0x00000000080016a4                RCC_APB1PeriphClockCmd
 .text.RCC_APB2PeriphClockCmd
                0x00000000080016e4       0x40 StdPeriph_Driver/src/stm32f4xx_rcc.o
                0x00000000080016e4                RCC_APB2PeriphClockCmd
 .text.SYSCFG_EXTILineConfig
                0x0000000008001724       0x84 StdPeriph_Driver/src/stm32f4xx_syscfg.o
                0x0000000008001724                SYSCFG_EXTILineConfig
 .text.USART_Init
                0x00000000080017a8      0x174 StdPeriph_Driver/src/stm32f4xx_usart.o
                0x00000000080017a8                USART_Init
 .text.USART_Cmd
                0x000000000800191c       0x40 StdPeriph_Driver/src/stm32f4xx_usart.o
                0x000000000800191c                USART_Cmd
 .text.USART_SendData
                0x000000000800195c       0x24 StdPeriph_Driver/src/stm32f4xx_usart.o
                0x000000000800195c                USART_SendData
 .text.USART_GetFlagStatus
                0x0000000008001980       0x38 StdPeriph_Driver/src/stm32f4xx_usart.o
                0x0000000008001980                USART_GetFlagStatus
 .text.vListInitialise
                0x00000000080019b8       0x40 Third-Party/FreeRTOS/org/Source/list.o
                0x00000000080019b8                vListInitialise
 .text.vListInitialiseItem
                0x00000000080019f8       0x1a Third-Party/FreeRTOS/org/Source/list.o
                0x00000000080019f8                vListInitialiseItem
 .text.vListInsertEnd
                0x0000000008001a12       0x48 Third-Party/FreeRTOS/org/Source/list.o
                0x0000000008001a12                vListInsertEnd
 .text.uxListRemove
                0x0000000008001a5a       0x54 Third-Party/FreeRTOS/org/Source/list.o
                0x0000000008001a5a                uxListRemove
 .text.xTaskCreate
                0x0000000008001aae       0x82 Third-Party/FreeRTOS/org/Source/tasks.o
                0x0000000008001aae                xTaskCreate
 .text.prvInitialiseNewTask
                0x0000000008001b30      0x126 Third-Party/FreeRTOS/org/Source/tasks.o
 *fill*         0x0000000008001c56        0x2 
 .text.prvAddNewTaskToReadyList
                0x0000000008001c58      0x118 Third-Party/FreeRTOS/org/Source/tasks.o
 .text.uxTaskPriorityGet
                0x0000000008001d70       0x34 Third-Party/FreeRTOS/org/Source/tasks.o
                0x0000000008001d70                uxTaskPriorityGet
 .text.vTaskPrioritySet
                0x0000000008001da4      0x180 Third-Party/FreeRTOS/org/Source/tasks.o
                0x0000000008001da4                vTaskPrioritySet
 .text.vTaskStartScheduler
                0x0000000008001f24       0xac Third-Party/FreeRTOS/org/Source/tasks.o
                0x0000000008001f24                vTaskStartScheduler
 .text.vTaskSuspendAll
                0x0000000008001fd0       0x1c Third-Party/FreeRTOS/org/Source/tasks.o
                0x0000000008001fd0                vTaskSuspendAll
 .text.xTaskResumeAll
                0x0000000008001fec      0x140 Third-Party/FreeRTOS/org/Source/tasks.o
                0x0000000008001fec                xTaskResumeAll
 .text.xTaskGetTickCount
                0x000000000800212c       0x20 Third-Party/FreeRTOS/org/Source/tasks.o
                0x000000000800212c                xTaskGetTickCount
 .text.xTaskGetTickCountFromISR
                0x000000000800214c       0x24 Third-Party/FreeRTOS/org/Source/tasks.o
                0x000000000800214c                xTaskGetTickCountFromISR
 .text.xTaskIncrementTick
                0x0000000008002170      0x178 Third-Party/FreeRTOS/org/Source/tasks.o
                0x0000000008002170                xTaskIncrementTick
 .text.vTaskSwitchContext
                0x00000000080022e8       0xd0 Third-Party/FreeRTOS/org/Source/tasks.o
                0x00000000080022e8                vTaskSwitchContext
 .text.prvIdleTask
                0x00000000080023b8       0x30 Third-Party/FreeRTOS/org/Source/tasks.o
 .text.prvInitialiseTaskLists
                0x00000000080023e8       0x80 Third-Party/FreeRTOS/org/Source/tasks.o
 .text.prvCheckTasksWaitingTermination
                0x0000000008002468       0x58 Third-Party/FreeRTOS/org/Source/tasks.o
 .text.prvDeleteTCB
                0x00000000080024c0       0x20 Third-Party/FreeRTOS/org/Source/tasks.o
 .text.prvResetNextTaskUnblockTime
                0x00000000080024e0       0x40 Third-Party/FreeRTOS/org/Source/tasks.o
 .text.pxPortInitialiseStack
                0x0000000008002520       0x68 Third-Party/FreeRTOS/org/Source/portable/GCC/ARM_CM4F/port.o
                0x0000000008002520                pxPortInitialiseStack
 .text.prvTaskExitError
                0x0000000008002588       0x54 Third-Party/FreeRTOS/org/Source/portable/GCC/ARM_CM4F/port.o
 *fill*         0x00000000080025dc        0x4 
 .text.SVC_Handler
                0x00000000080025e0       0x28 Third-Party/FreeRTOS/org/Source/portable/GCC/ARM_CM4F/port.o
                0x00000000080025e0                SVC_Handler
 .text.prvPortStartFirstTask
                0x0000000008002608       0x28 Third-Party/FreeRTOS/org/Source/portable/GCC/ARM_CM4F/port.o
 .text.xPortStartScheduler
                0x0000000008002630      0x13c Third-Party/FreeRTOS/org/Source/portable/GCC/ARM_CM4F/port.o
                0x0000000008002630                xPortStartScheduler
 .text.vPortEnterCritical
                0x000000000800276c       0x5c Third-Party/FreeRTOS/org/Source/portable/GCC/ARM_CM4F/port.o
                0x000000000800276c                vPortEnterCritical
 .text.vPortExitCritical
                0x00000000080027c8       0x50 Third-Party/FreeRTOS/org/Source/portable/GCC/ARM_CM4F/port.o
                0x00000000080027c8                vPortExitCritical
 *fill*         0x0000000008002818        0x8 
 .text.PendSV_Handler
                0x0000000008002820       0x68 Third-Party/FreeRTOS/org/Source/portable/GCC/ARM_CM4F/port.o
                0x0000000008002820                PendSV_Handler
 .text.SysTick_Handler
                0x0000000008002888       0x54 Third-Party/FreeRTOS/org/Source/portable/GCC/ARM_CM4F/port.o
                0x0000000008002888                SysTick_Handler
 .text.vPortSetupTimerInterrupt
                0x00000000080028dc       0x48 Third-Party/FreeRTOS/org/Source/portable/GCC/ARM_CM4F/port.o
                0x00000000080028dc                vPortSetupTimerInterrupt
 .text.vPortEnableVFP
                0x0000000008002924       0x14 Third-Party/FreeRTOS/org/Source/portable/GCC/ARM_CM4F/port.o
 .text.vPortValidateInterruptPriority
                0x0000000008002938       0x7c Third-Party/FreeRTOS/org/Source/portable/GCC/ARM_CM4F/port.o
                0x0000000008002938                vPortValidateInterruptPriority
 .text.pvPortMalloc
                0x00000000080029b4      0x184 Third-Party/FreeRTOS/org/Source/portable/MemMang/heap_4.o
                0x00000000080029b4                pvPortMalloc
 .text.vPortFree
                0x0000000008002b38       0xb0 Third-Party/FreeRTOS/org/Source/portable/MemMang/heap_4.o
                0x0000000008002b38                vPortFree
 .text.prvHeapInit
                0x0000000008002be8       0xc4 Third-Party/FreeRTOS/org/Source/portable/MemMang/heap_4.o
 .text.prvInsertBlockIntoFreeList
                0x0000000008002cac       0xb4 Third-Party/FreeRTOS/org/Source/portable/MemMang/heap_4.o
 .text._cbSendSystemDesc
                0x0000000008002d60       0x1c Third-Party/SEGGER/Config/SEGGER_SYSVIEW_Config_FreeRTOS.o
 .text.SEGGER_SYSVIEW_Conf
                0x0000000008002d7c       0x2c Third-Party/SEGGER/Config/SEGGER_SYSVIEW_Config_FreeRTOS.o
                0x0000000008002d7c                SEGGER_SYSVIEW_Conf
 .text._cbSendTaskList
                0x0000000008002da8       0x90 Third-Party/SEGGER/OS/SEGGER_SYSVIEW_FreeRTOS.o
 .text._cbGetTime
                0x0000000008002e38       0x76 Third-Party/SEGGER/OS/SEGGER_SYSVIEW_FreeRTOS.o
 *fill*         0x0000000008002eae        0x2 
 .text.SYSVIEW_AddTask
                0x0000000008002eb0       0xd0 Third-Party/SEGGER/OS/SEGGER_SYSVIEW_FreeRTOS.o
                0x0000000008002eb0                SYSVIEW_AddTask
 .text.SYSVIEW_UpdateTask
                0x0000000008002f80       0xe0 Third-Party/SEGGER/OS/SEGGER_SYSVIEW_FreeRTOS.o
                0x0000000008002f80                SYSVIEW_UpdateTask
 .text.SYSVIEW_SendTaskInfo
                0x0000000008003060       0x42 Third-Party/SEGGER/OS/SEGGER_SYSVIEW_FreeRTOS.o
                0x0000000008003060                SYSVIEW_SendTaskInfo
 *fill*         0x00000000080030a2        0x2 
 .text._DoInit  0x00000000080030a4       0xa4 Third-Party/SEGGER/SEGGER/SEGGER_RTT.o
 .text.SEGGER_RTT_ReadNoLock
                0x0000000008003148      0x104 Third-Party/SEGGER/SEGGER/SEGGER_RTT.o
                0x0000000008003148                SEGGER_RTT_ReadNoLock
 .text.SEGGER_RTT_WriteSkipNoLock
                0x000000000800324c      0x120 Third-Party/SEGGER/SEGGER/SEGGER_RTT.o
                0x000000000800324c                SEGGER_RTT_WriteSkipNoLock
 .text.SEGGER_RTT_ConfigUpBuffer
                0x000000000800336c       0xd4 Third-Party/SEGGER/SEGGER/SEGGER_RTT.o
                0x000000000800336c                SEGGER_RTT_ConfigUpBuffer
 .text.SEGGER_RTT_ConfigDownBuffer
                0x0000000008003440       0xd4 Third-Party/SEGGER/SEGGER/SEGGER_RTT.o
                0x0000000008003440                SEGGER_RTT_ConfigDownBuffer
 .text._EncodeStr
                0x0000000008003514       0x9a Third-Party/SEGGER/SEGGER/SEGGER_SYSVIEW.o
 .text._PreparePacket
                0x00000000080035ae       0x18 Third-Party/SEGGER/SEGGER/SEGGER_SYSVIEW.o
 .text._HandleIncomingPacket
                0x00000000080035c6       0xb8 Third-Party/SEGGER/SEGGER/SEGGER_SYSVIEW.o
 *fill*         0x000000000800367e        0x2 
 .text._TrySendOverflowPacket
                0x0000000008003680       0xe0 Third-Party/SEGGER/SEGGER/SEGGER_SYSVIEW.o
 .text._SendPacket
                0x0000000008003760      0x1a8 Third-Party/SEGGER/SEGGER/SEGGER_SYSVIEW.o
 .text.SEGGER_SYSVIEW_Init
                0x0000000008003908       0x7c Third-Party/SEGGER/SEGGER/SEGGER_SYSVIEW.o
                0x0000000008003908                SEGGER_SYSVIEW_Init
 .text.SEGGER_SYSVIEW_SetRAMBase
                0x0000000008003984       0x20 Third-Party/SEGGER/SEGGER/SEGGER_SYSVIEW.o
                0x0000000008003984                SEGGER_SYSVIEW_SetRAMBase
 .text.SEGGER_SYSVIEW_RecordVoid
                0x00000000080039a4       0x3c Third-Party/SEGGER/SEGGER/SEGGER_SYSVIEW.o
                0x00000000080039a4                SEGGER_SYSVIEW_RecordVoid
 .text.SEGGER_SYSVIEW_RecordU32
                0x00000000080039e0       0x78 Third-Party/SEGGER/SEGGER/SEGGER_SYSVIEW.o
                0x00000000080039e0                SEGGER_SYSVIEW_RecordU32
 .text.SEGGER_SYSVIEW_RecordU32x2
                0x0000000008003a58       0xb4 Third-Party/SEGGER/SEGGER/SEGGER_SYSVIEW.o
                0x0000000008003a58                SEGGER_SYSVIEW_RecordU32x2
 .text.SEGGER_SYSVIEW_Start
                0x0000000008003b0c      0x178 Third-Party/SEGGER/SEGGER/SEGGER_SYSVIEW.o
                0x0000000008003b0c                SEGGER_SYSVIEW_Start
 .text.SEGGER_SYSVIEW_Stop
                0x0000000008003c84       0x4c Third-Party/SEGGER/SEGGER/SEGGER_SYSVIEW.o
                0x0000000008003c84                SEGGER_SYSVIEW_Stop
 .text.SEGGER_SYSVIEW_GetSysDesc
                0x0000000008003cd0      0x134 Third-Party/SEGGER/SEGGER/SEGGER_SYSVIEW.o
                0x0000000008003cd0                SEGGER_SYSVIEW_GetSysDesc
 .text.SEGGER_SYSVIEW_SendTaskInfo
                0x0000000008003e04      0x1cc Third-Party/SEGGER/SEGGER/SEGGER_SYSVIEW.o
                0x0000000008003e04                SEGGER_SYSVIEW_SendTaskInfo
 .text.SEGGER_SYSVIEW_SendTaskList
                0x0000000008003fd0       0x28 Third-Party/SEGGER/SEGGER/SEGGER_SYSVIEW.o
                0x0000000008003fd0                SEGGER_SYSVIEW_SendTaskList
 .text.SEGGER_SYSVIEW_SendSysDesc
                0x0000000008003ff8       0x48 Third-Party/SEGGER/SEGGER/SEGGER_SYSVIEW.o
                0x0000000008003ff8                SEGGER_SYSVIEW_SendSysDesc
 .text.SEGGER_SYSVIEW_RecordSystime
                0x0000000008004040       0x60 Third-Party/SEGGER/SEGGER/SEGGER_SYSVIEW.o
                0x0000000008004040                SEGGER_SYSVIEW_RecordSystime
 .text.SEGGER_SYSVIEW_RecordEnterISR
                0x00000000080040a0       0x84 Third-Party/SEGGER/SEGGER/SEGGER_SYSVIEW.o
                0x00000000080040a0                SEGGER_SYSVIEW_RecordEnterISR
 .text.SEGGER_SYSVIEW_RecordExitISR
                0x0000000008004124       0x38 Third-Party/SEGGER/SEGGER/SEGGER_SYSVIEW.o
                0x0000000008004124                SEGGER_SYSVIEW_RecordExitISR
 .text.SEGGER_SYSVIEW_RecordExitISRToScheduler
                0x000000000800415c       0x38 Third-Party/SEGGER/SEGGER/SEGGER_SYSVIEW.o
                0x000000000800415c                SEGGER_SYSVIEW_RecordExitISRToScheduler
 .text.SEGGER_SYSVIEW_OnIdle
                0x0000000008004194       0x38 Third-Party/SEGGER/SEGGER/SEGGER_SYSVIEW.o
                0x0000000008004194                SEGGER_SYSVIEW_OnIdle
 .text.SEGGER_SYSVIEW_OnTaskCreate
                0x00000000080041cc       0x88 Third-Party/SEGGER/SEGGER/SEGGER_SYSVIEW.o
                0x00000000080041cc                SEGGER_SYSVIEW_OnTaskCreate
 .text.SEGGER_SYSVIEW_OnTaskStartExec
                0x0000000008004254       0x88 Third-Party/SEGGER/SEGGER/SEGGER_SYSVIEW.o
                0x0000000008004254                SEGGER_SYSVIEW_OnTaskStartExec
 .text.SEGGER_SYSVIEW_OnTaskStartReady
                0x00000000080042dc       0x88 Third-Party/SEGGER/SEGGER/SEGGER_SYSVIEW.o
                0x00000000080042dc                SEGGER_SYSVIEW_OnTaskStartReady
 .text.SEGGER_SYSVIEW_ShrinkId
                0x0000000008004364       0x24 Third-Party/SEGGER/SEGGER/SEGGER_SYSVIEW.o
                0x0000000008004364                SEGGER_SYSVIEW_ShrinkId
 .text.SEGGER_SYSVIEW_SendModule
                0x0000000008004388      0x100 Third-Party/SEGGER/SEGGER/SEGGER_SYSVIEW.o
                0x0000000008004388                SEGGER_SYSVIEW_SendModule
 .text.SEGGER_SYSVIEW_SendModuleDescription
                0x0000000008004488       0x3c Third-Party/SEGGER/SEGGER/SEGGER_SYSVIEW.o
                0x0000000008004488                SEGGER_SYSVIEW_SendModuleDescription
 .text.SEGGER_SYSVIEW_SendNumModules
                0x00000000080044c4       0x7c Third-Party/SEGGER/SEGGER/SEGGER_SYSVIEW.o
                0x00000000080044c4                SEGGER_SYSVIEW_SendNumModules
 .text.SEGGER_SYSVIEW_Warn
                0x0000000008004540       0xb8 Third-Party/SEGGER/SEGGER/SEGGER_SYSVIEW.o
                0x0000000008004540                SEGGER_SYSVIEW_Warn
 .text.NVIC_EnableIRQ
                0x00000000080045f8       0x34 src/main.o
 .text.NVIC_SetPriority
                0x000000000800462c       0x54 src/main.o
 .text.main     0x0000000008004680       0x9c src/main.o
                0x0000000008004680                main
 .text.vTask1_handler
                0x000000000800471c       0xc8 src/main.o
                0x000000000800471c                vTask1_handler
 .text.vTask2_handler
                0x00000000080047e4       0xcc src/main.o
                0x00000000080047e4                vTask2_handler
 .text.prvSetupHardware
                0x00000000080048b0       0x10 src/main.o
 .text.printmsg
                0x00000000080048c0       0x50 src/main.o
                0x00000000080048c0                printmsg
 .text.prvSetupUart
                0x0000000008004910       0x9c src/main.o
 .text.prvSetupGpio
                0x00000000080049ac       0xa4 src/main.o
                0x00000000080049ac                prvSetupGpio
 .text.EXTI15_10_IRQHandler
                0x0000000008004a50       0x24 src/main.o
                0x0000000008004a50                EXTI15_10_IRQHandler
 .text.rtos_delay
                0x0000000008004a74       0x40 src/main.o
                0x0000000008004a74                rtos_delay
 .text._sbrk    0x0000000008004ab4       0x58 src/syscalls.o
                0x0000000008004ab4                _sbrk
 .text.SystemInit
                0x0000000008004b0c       0x6c src/system_stm32f4xx.o
                0x0000000008004b0c                SystemInit
 .text.SystemCoreClockUpdate
                0x0000000008004b78      0x19c src/system_stm32f4xx.o
                0x0000000008004b78                SystemCoreClockUpdate
 .text.SetSysClock
                0x0000000008004d14      0x12c src/system_stm32f4xx.o
 .text.Reset_Handler
                0x0000000008004e40       0x50 startup/startup_stm32.o
                0x0000000008004e40                Reset_Handler
 .text.Default_Handler
                0x0000000008004e90        0x2 startup/startup_stm32.o
                0x0000000008004e90                RTC_Alarm_IRQHandler
                0x0000000008004e90                EXTI2_IRQHandler
                0x0000000008004e90                TIM8_CC_IRQHandler
                0x0000000008004e90                SPDIF_Rx_IRQHandler
                0x0000000008004e90                DebugMon_Handler
                0x0000000008004e90                SPI4_IRQHandler
                0x0000000008004e90                TIM1_CC_IRQHandler
                0x0000000008004e90                QuadSPI_IRQHandler
                0x0000000008004e90                DMA2_Stream5_IRQHandler
                0x0000000008004e90                HardFault_Handler
                0x0000000008004e90                DMA1_Stream5_IRQHandler
                0x0000000008004e90                PVD_IRQHandler
                0x0000000008004e90                SDIO_IRQHandler
                0x0000000008004e90                TAMP_STAMP_IRQHandler
                0x0000000008004e90                NMI_Handler
                0x0000000008004e90                CAN2_RX1_IRQHandler
                0x0000000008004e90                EXTI3_IRQHandler
                0x0000000008004e90                TIM8_TRG_COM_TIM14_IRQHandler
                0x0000000008004e90                TIM1_UP_TIM10_IRQHandler
                0x0000000008004e90                FMPI2C1_error_IRQHandler
                0x0000000008004e90                TIM8_UP_TIM13_IRQHandler
                0x0000000008004e90                I2C3_ER_IRQHandler
                0x0000000008004e90                EXTI0_IRQHandler
                0x0000000008004e90                I2C2_EV_IRQHandler
                0x0000000008004e90                DMA1_Stream2_IRQHandler
                0x0000000008004e90                CAN1_RX0_IRQHandler
                0x0000000008004e90                FPU_IRQHandler
                0x0000000008004e90                OTG_HS_WKUP_IRQHandler
                0x0000000008004e90                UsageFault_Handler
                0x0000000008004e90                CAN2_SCE_IRQHandler
                0x0000000008004e90                DMA2_Stream2_IRQHandler
                0x0000000008004e90                SPI1_IRQHandler
                0x0000000008004e90                TIM6_DAC_IRQHandler
                0x0000000008004e90                TIM1_BRK_TIM9_IRQHandler
                0x0000000008004e90                DCMI_IRQHandler
                0x0000000008004e90                CAN2_RX0_IRQHandler
                0x0000000008004e90                DMA2_Stream3_IRQHandler
                0x0000000008004e90                FMPI2C1_IRQHandler
                0x0000000008004e90                SAI2_IRQHandler
                0x0000000008004e90                USART6_IRQHandler
                0x0000000008004e90                USART3_IRQHandler
                0x0000000008004e90                CAN1_RX1_IRQHandler
                0x0000000008004e90                UART5_IRQHandler
                0x0000000008004e90                DMA2_Stream0_IRQHandler
                0x0000000008004e90                TIM4_IRQHandler
                0x0000000008004e90                I2C1_EV_IRQHandler
                0x0000000008004e90                HDMI_CEC_IRQHandler
                0x0000000008004e90                DMA1_Stream6_IRQHandler
                0x0000000008004e90                DMA1_Stream1_IRQHandler
                0x0000000008004e90                UART4_IRQHandler
                0x0000000008004e90                TIM3_IRQHandler
                0x0000000008004e90                RCC_IRQHandler
                0x0000000008004e90                TIM8_BRK_TIM12_IRQHandler
                0x0000000008004e90                Default_Handler
                0x0000000008004e90                ADC_IRQHandler
                0x0000000008004e90                DMA1_Stream7_IRQHandler
                0x0000000008004e90                TIM7_IRQHandler
                0x0000000008004e90                CAN2_TX_IRQHandler
                0x0000000008004e90                TIM5_IRQHandler
                0x0000000008004e90                DMA2_Stream7_IRQHandler
                0x0000000008004e90                I2C3_EV_IRQHandler
                0x0000000008004e90                EXTI9_5_IRQHandler
                0x0000000008004e90                RTC_WKUP_IRQHandler
                0x0000000008004e90                SPI2_IRQHandler
                0x0000000008004e90                OTG_HS_EP1_IN_IRQHandler
                0x0000000008004e90                MemManage_Handler
                0x0000000008004e90                DMA1_Stream0_IRQHandler
                0x0000000008004e90                CAN1_TX_IRQHandler
                0x0000000008004e90                EXTI4_IRQHandler
                0x0000000008004e90                OTG_HS_EP1_OUT_IRQHandler
                0x0000000008004e90                WWDG_IRQHandler
                0x0000000008004e90                TIM2_IRQHandler
                0x0000000008004e90                OTG_FS_WKUP_IRQHandler
                0x0000000008004e90                TIM1_TRG_COM_TIM11_IRQHandler
                0x0000000008004e90                OTG_HS_IRQHandler
                0x0000000008004e90                EXTI1_IRQHandler
                0x0000000008004e90                USART2_IRQHandler
                0x0000000008004e90                I2C2_ER_IRQHandler
                0x0000000008004e90                DMA2_Stream1_IRQHandler
                0x0000000008004e90                CAN1_SCE_IRQHandler
                0x0000000008004e90                FLASH_IRQHandler
                0x0000000008004e90                DMA2_Stream4_IRQHandler
                0x0000000008004e90                BusFault_Handler
                0x0000000008004e90                USART1_IRQHandler
                0x0000000008004e90                OTG_FS_IRQHandler
                0x0000000008004e90                SPI3_IRQHandler
                0x0000000008004e90                DMA1_Stream4_IRQHandler
                0x0000000008004e90                I2C1_ER_IRQHandler
                0x0000000008004e90                FMC_IRQHandler
                0x0000000008004e90                DMA2_Stream6_IRQHandler
                0x0000000008004e90                SAI1_IRQHandler
                0x0000000008004e90                DMA1_Stream3_IRQHandler
 *fill*         0x0000000008004e92        0x2 
 .text.__errno  0x0000000008004e94        0xc /home/py/Ac6/SystemWorkbench/plugins/fr.ac6.mcu.externaltools.arm-none.linux64_1.17.0.201812190825/tools/compiler/bin/../lib/gcc/arm-none-eabi/7.3.1/../../../../arm-none-eabi/lib/thumb/v7e-m/fpv4-sp/hard/libc.a(lib_a-errno.o)
                0x0000000008004e94                __errno
 .text.__libc_init_array
                0x0000000008004ea0       0x48 /home/py/Ac6/SystemWorkbench/plugins/fr.ac6.mcu.externaltools.arm-none.linux64_1.17.0.201812190825/tools/compiler/bin/../lib/gcc/arm-none-eabi/7.3.1/../../../../arm-none-eabi/lib/thumb/v7e-m/fpv4-sp/hard/libc.a(lib_a-init.o)
                0x0000000008004ea0                __libc_init_array
 .text.memcmp   0x0000000008004ee8       0x64 /home/py/Ac6/SystemWorkbench/plugins/fr.ac6.mcu.externaltools.arm-none.linux64_1.17.0.201812190825/tools/compiler/bin/../lib/gcc/arm-none-eabi/7.3.1/../../../../arm-none-eabi/lib/thumb/v7e-m/fpv4-sp/hard/libc.a(lib_a-memcmp.o)
                0x0000000008004ee8                memcmp
 .text.memset   0x0000000008004f4c       0x94 /home/py/Ac6/SystemWorkbench/plugins/fr.ac6.mcu.externaltools.arm-none.linux64_1.17.0.201812190825/tools/compiler/bin/../lib/gcc/arm-none-eabi/7.3.1/../../../../arm-none-eabi/lib/thumb/v7e-m/fpv4-sp/hard/libc.a(lib_a-memset.o)
                0x0000000008004f4c                memset
 .text.sprintf  0x0000000008004fe0       0x44 /home/py/Ac6/SystemWorkbench/plugins/fr.ac6.mcu.externaltools.arm-none.linux64_1.17.0.201812190825/tools/compiler/bin/../lib/gcc/arm-none-eabi/7.3.1/../../../../arm-none-eabi/lib/thumb/v7e-m/fpv4-sp/hard/libc.a(lib_a-sprintf.o)
                0x0000000008004fe0                sprintf
 *fill*         0x0000000008005024        0x4 
 .text._svfprintf_r
                0x0000000008005028     0x19cc /home/py/Ac6/SystemWorkbench/plugins/fr.ac6.mcu.externaltools.arm-none.linux64_1.17.0.201812190825/tools/compiler/bin/../lib/gcc/arm-none-eabi/7.3.1/../../../../arm-none-eabi/lib/thumb/v7e-m/fpv4-sp/hard/libc.a(lib_a-svfprintf.o)
                0x0000000008005028                _svfprintf_r
 .text.startup.register_fini
                0x00000000080069f4       0x14 /home/py/Ac6/SystemWorkbench/plugins/fr.ac6.mcu.externaltools.arm-none.linux64_1.17.0.201812190825/tools/compiler/bin/../lib/gcc/arm-none-eabi/7.3.1/../../../../arm-none-eabi/lib/thumb/v7e-m/fpv4-sp/hard/libc.a(lib_a-__call_atexit.o)
 .text.atexit   0x0000000008006a08        0xc /home/py/Ac6/SystemWorkbench/plugins/fr.ac6.mcu.externaltools.arm-none.linux64_1.17.0.201812190825/tools/compiler/bin/../lib/gcc/arm-none-eabi/7.3.1/../../../../arm-none-eabi/lib/thumb/v7e-m/fpv4-sp/hard/libc.a(lib_a-atexit.o)
                0x0000000008006a08                atexit
 .text.quorem   0x0000000008006a14      0x124 /home/py/Ac6/SystemWorkbench/plugins/fr.ac6.mcu.externaltools.arm-none.linux64_1.17.0.201812190825/tools/compiler/bin/../lib/gcc/arm-none-eabi/7.3.1/../../../../arm-none-eabi/lib/thumb/v7e-m/fpv4-sp/hard/libc.a(lib_a-dtoa.o)
 .text._dtoa_r  0x0000000008006b38      0xe20 /home/py/Ac6/SystemWorkbench/plugins/fr.ac6.mcu.externaltools.arm-none.linux64_1.17.0.201812190825/tools/compiler/bin/../lib/gcc/arm-none-eabi/7.3.1/../../../../arm-none-eabi/lib/thumb/v7e-m/fpv4-sp/hard/libc.a(lib_a-dtoa.o)
                0x0000000008006b38                _dtoa_r
 .text.__libc_fini_array
                0x0000000008007958       0x34 /home/py/Ac6/SystemWorkbench/plugins/fr.ac6.mcu.externaltools.arm-none.linux64_1.17.0.201812190825/tools/compiler/bin/../lib/gcc/arm-none-eabi/7.3.1/../../../../arm-none-eabi/lib/thumb/v7e-m/fpv4-sp/hard/libc.a(lib_a-fini.o)
                0x0000000008007958                __libc_fini_array
 .text._malloc_trim_r
                0x000000000800798c       0xa0 /home/py/Ac6/SystemWorkbench/plugins/fr.ac6.mcu.externaltools.arm-none.linux64_1.17.0.201812190825/tools/compiler/bin/../lib/gcc/arm-none-eabi/7.3.1/../../../../arm-none-eabi/lib/thumb/v7e-m/fpv4-sp/hard/libc.a(lib_a-freer.o)
                0x000000000800798c                _malloc_trim_r
 .text._free_r  0x0000000008007a2c      0x1e8 /home/py/Ac6/SystemWorkbench/plugins/fr.ac6.mcu.externaltools.arm-none.linux64_1.17.0.201812190825/tools/compiler/bin/../lib/gcc/arm-none-eabi/7.3.1/../../../../arm-none-eabi/lib/thumb/v7e-m/fpv4-sp/hard/libc.a(lib_a-freer.o)
                0x0000000008007a2c                _free_r
 .text._localeconv_r
                0x0000000008007c14       0x1c /home/py/Ac6/SystemWorkbench/plugins/fr.ac6.mcu.externaltools.arm-none.linux64_1.17.0.201812190825/tools/compiler/bin/../lib/gcc/arm-none-eabi/7.3.1/../../../../arm-none-eabi/lib/thumb/v7e-m/fpv4-sp/hard/libc.a(lib_a-localeconv.o)
                0x0000000008007c14                _localeconv_r
 .text.__retarget_lock_acquire_recursive
                0x0000000008007c30        0x4 /home/py/Ac6/SystemWorkbench/plugins/fr.ac6.mcu.externaltools.arm-none.linux64_1.17.0.201812190825/tools/compiler/bin/../lib/gcc/arm-none-eabi/7.3.1/../../../../arm-none-eabi/lib/thumb/v7e-m/fpv4-sp/hard/libc.a(lib_a-lock.o)
                0x0000000008007c30                __retarget_lock_acquire_recursive
 .text.__retarget_lock_release_recursive
                0x0000000008007c34        0x4 /home/py/Ac6/SystemWorkbench/plugins/fr.ac6.mcu.externaltools.arm-none.linux64_1.17.0.201812190825/tools/compiler/bin/../lib/gcc/arm-none-eabi/7.3.1/../../../../arm-none-eabi/lib/thumb/v7e-m/fpv4-sp/hard/libc.a(lib_a-lock.o)
                0x0000000008007c34                __retarget_lock_release_recursive
 .text._malloc_r
                0x0000000008007c38      0x548 /home/py/Ac6/SystemWorkbench/plugins/fr.ac6.mcu.externaltools.arm-none.linux64_1.17.0.201812190825/tools/compiler/bin/../lib/gcc/arm-none-eabi/7.3.1/../../../../arm-none-eabi/lib/thumb/v7e-m/fpv4-sp/hard/libc.a(lib_a-mallocr.o)
                0x0000000008007c38                _malloc_r
 .text.__malloc_lock
                0x0000000008008180        0xc /home/py/Ac6/SystemWorkbench/plugins/fr.ac6.mcu.externaltools.arm-none.linux64_1.17.0.201812190825/tools/compiler/bin/../lib/gcc/arm-none-eabi/7.3.1/../../../../arm-none-eabi/lib/thumb/v7e-m/fpv4-sp/hard/libc.a(lib_a-mlock.o)
                0x0000000008008180                __malloc_lock
 .text.__malloc_unlock
                0x000000000800818c        0xc /home/py/Ac6/SystemWorkbench/plugins/fr.ac6.mcu.externaltools.arm-none.linux64_1.17.0.201812190825/tools/compiler/bin/../lib/gcc/arm-none-eabi/7.3.1/../../../../arm-none-eabi/lib/thumb/v7e-m/fpv4-sp/hard/libc.a(lib_a-mlock.o)
                0x000000000800818c                __malloc_unlock
 .text._Balloc  0x0000000008008198       0x4c /home/py/Ac6/SystemWorkbench/plugins/fr.ac6.mcu.externaltools.arm-none.linux64_1.17.0.201812190825/tools/compiler/bin/../lib/gcc/arm-none-eabi/7.3.1/../../../../arm-none-eabi/lib/thumb/v7e-m/fpv4-sp/hard/libc.a(lib_a-mprec.o)
                0x0000000008008198                _Balloc
 .text._Bfree   0x00000000080081e4       0x14 /home/py/Ac6/SystemWorkbench/plugins/fr.ac6.mcu.externaltools.arm-none.linux64_1.17.0.201812190825/tools/compiler/bin/../lib/gcc/arm-none-eabi/7.3.1/../../../../arm-none-eabi/lib/thumb/v7e-m/fpv4-sp/hard/libc.a(lib_a-mprec.o)
                0x00000000080081e4                _Bfree
 .text.__multadd
                0x00000000080081f8       0x80 /home/py/Ac6/SystemWorkbench/plugins/fr.ac6.mcu.externaltools.arm-none.linux64_1.17.0.201812190825/tools/compiler/bin/../lib/gcc/arm-none-eabi/7.3.1/../../../../arm-none-eabi/lib/thumb/v7e-m/fpv4-sp/hard/libc.a(lib_a-mprec.o)
                0x00000000080081f8                __multadd
 .text.__hi0bits
                0x0000000008008278       0x40 /home/py/Ac6/SystemWorkbench/plugins/fr.ac6.mcu.externaltools.arm-none.linux64_1.17.0.201812190825/tools/compiler/bin/../lib/gcc/arm-none-eabi/7.3.1/../../../../arm-none-eabi/lib/thumb/v7e-m/fpv4-sp/hard/libc.a(lib_a-mprec.o)
                0x0000000008008278                __hi0bits
 .text.__lo0bits
                0x00000000080082b8       0x60 /home/py/Ac6/SystemWorkbench/plugins/fr.ac6.mcu.externaltools.arm-none.linux64_1.17.0.201812190825/tools/compiler/bin/../lib/gcc/arm-none-eabi/7.3.1/../../../../arm-none-eabi/lib/thumb/v7e-m/fpv4-sp/hard/libc.a(lib_a-mprec.o)
                0x00000000080082b8                __lo0bits
 .text.__i2b    0x0000000008008318       0x14 /home/py/Ac6/SystemWorkbench/plugins/fr.ac6.mcu.externaltools.arm-none.linux64_1.17.0.201812190825/tools/compiler/bin/../lib/gcc/arm-none-eabi/7.3.1/../../../../arm-none-eabi/lib/thumb/v7e-m/fpv4-sp/hard/libc.a(lib_a-mprec.o)
                0x0000000008008318                __i2b
 .text.__multiply
                0x000000000800832c      0x14c /home/py/Ac6/SystemWorkbench/plugins/fr.ac6.mcu.externaltools.arm-none.linux64_1.17.0.201812190825/tools/compiler/bin/../lib/gcc/arm-none-eabi/7.3.1/../../../../arm-none-eabi/lib/thumb/v7e-m/fpv4-sp/hard/libc.a(lib_a-mprec.o)
                0x000000000800832c                __multiply
 .text.__pow5mult
                0x0000000008008478       0xa0 /home/py/Ac6/SystemWorkbench/plugins/fr.ac6.mcu.externaltools.arm-none.linux64_1.17.0.201812190825/tools/compiler/bin/../lib/gcc/arm-none-eabi/7.3.1/../../../../arm-none-eabi/lib/thumb/v7e-m/fpv4-sp/hard/libc.a(lib_a-mprec.o)
                0x0000000008008478                __pow5mult
 .text.__lshift
                0x0000000008008518       0xac /home/py/Ac6/SystemWorkbench/plugins/fr.ac6.mcu.externaltools.arm-none.linux64_1.17.0.201812190825/tools/compiler/bin/../lib/gcc/arm-none-eabi/7.3.1/../../../../arm-none-eabi/lib/thumb/v7e-m/fpv4-sp/hard/libc.a(lib_a-mprec.o)
                0x0000000008008518                __lshift
 .text.__mcmp   0x00000000080085c4       0x38 /home/py/Ac6/SystemWorkbench/plugins/fr.ac6.mcu.externaltools.arm-none.linux64_1.17.0.201812190825/tools/compiler/bin/../lib/gcc/arm-none-eabi/7.3.1/../../../../arm-none-eabi/lib/thumb/v7e-m/fpv4-sp/hard/libc.a(lib_a-mprec.o)
                0x00000000080085c4                __mcmp
 .text.__mdiff  0x00000000080085fc       0xec /home/py/Ac6/SystemWorkbench/plugins/fr.ac6.mcu.externaltools.arm-none.linux64_1.17.0.201812190825/tools/compiler/bin/../lib/gcc/arm-none-eabi/7.3.1/../../../../arm-none-eabi/lib/thumb/v7e-m/fpv4-sp/hard/libc.a(lib_a-mprec.o)
                0x00000000080085fc                __mdiff
 .text.__d2b    0x00000000080086e8       0xc4 /home/py/Ac6/SystemWorkbench/plugins/fr.ac6.mcu.externaltools.arm-none.linux64_1.17.0.201812190825/tools/compiler/bin/../lib/gcc/arm-none-eabi/7.3.1/../../../../arm-none-eabi/lib/thumb/v7e-m/fpv4-sp/hard/libc.a(lib_a-mprec.o)
                0x00000000080086e8                __d2b
 .text.frexp    0x00000000080087ac       0x68 /home/py/Ac6/SystemWorkbench/plugins/fr.ac6.mcu.externaltools.arm-none.linux64_1.17.0.201812190825/tools/compiler/bin/../lib/gcc/arm-none-eabi/7.3.1/../../../../arm-none-eabi/lib/thumb/v7e-m/fpv4-sp/hard/libc.a(lib_a-s_frexp.o)
                0x00000000080087ac                frexp
 .text._sbrk_r  0x0000000008008814       0x24 /home/py/Ac6/SystemWorkbench/plugins/fr.ac6.mcu.externaltools.arm-none.linux64_1.17.0.201812190825/tools/compiler/bin/../lib/gcc/arm-none-eabi/7.3.1/../../../../arm-none-eabi/lib/thumb/v7e-m/fpv4-sp/hard/libc.a(lib_a-sbrkr.o)
                0x0000000008008814                _sbrk_r
 .text.strncpy  0x0000000008008838       0x64 /home/py/Ac6/SystemWorkbench/plugins/fr.ac6.mcu.externaltools.arm-none.linux64_1.17.0.201812190825/tools/compiler/bin/../lib/gcc/arm-none-eabi/7.3.1/../../../../arm-none-eabi/lib/thumb/v7e-m/fpv4-sp/hard/libc.a(lib_a-strncpy.o)
                0x0000000008008838                strncpy
 .text.__ssprint_r
                0x000000000800889c       0xf4 /home/py/Ac6/SystemWorkbench/plugins/fr.ac6.mcu.externaltools.arm-none.linux64_1.17.0.201812190825/tools/compiler/bin/../lib/gcc/arm-none-eabi/7.3.1/../../../../arm-none-eabi/lib/thumb/v7e-m/fpv4-sp/hard/libc.a(lib_a-svfiprintf.o)
                0x000000000800889c                __ssprint_r
 .text.__register_exitproc
                0x0000000008008990       0xc0 /home/py/Ac6/SystemWorkbench/plugins/fr.ac6.mcu.externaltools.arm-none.linux64_1.17.0.201812190825/tools/compiler/bin/../lib/gcc/arm-none-eabi/7.3.1/../../../../arm-none-eabi/lib/thumb/v7e-m/fpv4-sp/hard/libc.a(lib_a-__atexit.o)
                0x0000000008008990                __register_exitproc
 .text._calloc_r
                0x0000000008008a50       0x68 /home/py/Ac6/SystemWorkbench/plugins/fr.ac6.mcu.externaltools.arm-none.linux64_1.17.0.201812190825/tools/compiler/bin/../lib/gcc/arm-none-eabi/7.3.1/../../../../arm-none-eabi/lib/thumb/v7e-m/fpv4-sp/hard/libc.a(lib_a-callocr.o)
                0x0000000008008a50                _calloc_r
 .text.__ascii_mbtowc
                0x0000000008008ab8       0x2c /home/py/Ac6/SystemWorkbench/plugins/fr.ac6.mcu.externaltools.arm-none.linux64_1.17.0.201812190825/tools/compiler/bin/../lib/gcc/arm-none-eabi/7.3.1/../../../../arm-none-eabi/lib/thumb/v7e-m/fpv4-sp/hard/libc.a(lib_a-mbtowc_r.o)
                0x0000000008008ab8                __ascii_mbtowc
 .text.memmove  0x0000000008008ae4       0xc8 /home/py/Ac6/SystemWorkbench/plugins/fr.ac6.mcu.externaltools.arm-none.linux64_1.17.0.201812190825/tools/compiler/bin/../lib/gcc/arm-none-eabi/7.3.1/../../../../arm-none-eabi/lib/thumb/v7e-m/fpv4-sp/hard/libc.a(lib_a-memmove.o)
                0x0000000008008ae4                memmove
 .text._realloc_r
                0x0000000008008bac      0x35c /home/py/Ac6/SystemWorkbench/plugins/fr.ac6.mcu.externaltools.arm-none.linux64_1.17.0.201812190825/tools/compiler/bin/../lib/gcc/arm-none-eabi/7.3.1/../../../../arm-none-eabi/lib/thumb/v7e-m/fpv4-sp/hard/libc.a(lib_a-reallocr.o)
                0x0000000008008bac                _realloc_r
 .text.__ascii_wctomb
                0x0000000008008f08       0x1c /home/py/Ac6/SystemWorkbench/plugins/fr.ac6.mcu.externaltools.arm-none.linux64_1.17.0.201812190825/tools/compiler/bin/../lib/gcc/arm-none-eabi/7.3.1/../../../../arm-none-eabi/lib/thumb/v7e-m/fpv4-sp/hard/libc.a(lib_a-wctomb_r.o)
                0x0000000008008f08                __ascii_wctomb
 *(.glue_7)
 .glue_7        0x0000000008008f24        0x0 linker stubs
 *(.glue_7t)
 .glue_7t       0x0000000008008f24        0x0 linker stubs
 *(.eh_frame)
 .eh_frame      0x0000000008008f24        0x0 /home/py/Ac6/SystemWorkbench/plugins/fr.ac6.mcu.externaltools.arm-none.linux64_1.17.0.201812190825/tools/compiler/bin/../lib/gcc/arm-none-eabi/7.3.1/thumb/v7e-m/fpv4-sp/hard/crtbegin.o
 *(.init)
 .init          0x0000000008008f24        0x4 /home/py/Ac6/SystemWorkbench/plugins/fr.ac6.mcu.externaltools.arm-none.linux64_1.17.0.201812190825/tools/compiler/bin/../lib/gcc/arm-none-eabi/7.3.1/thumb/v7e-m/fpv4-sp/hard/crti.o
                0x0000000008008f24                _init
 .init          0x0000000008008f28        0x8 /home/py/Ac6/SystemWorkbench/plugins/fr.ac6.mcu.externaltools.arm-none.linux64_1.17.0.201812190825/tools/compiler/bin/../lib/gcc/arm-none-eabi/7.3.1/thumb/v7e-m/fpv4-sp/hard/crtn.o
 *(.fini)
 .fini          0x0000000008008f30        0x4 /home/py/Ac6/SystemWorkbench/plugins/fr.ac6.mcu.externaltools.arm-none.linux64_1.17.0.201812190825/tools/compiler/bin/../lib/gcc/arm-none-eabi/7.3.1/thumb/v7e-m/fpv4-sp/hard/crti.o
                0x0000000008008f30                _fini
 .fini          0x0000000008008f34        0x8 /home/py/Ac6/SystemWorkbench/plugins/fr.ac6.mcu.externaltools.arm-none.linux64_1.17.0.201812190825/tools/compiler/bin/../lib/gcc/arm-none-eabi/7.3.1/thumb/v7e-m/fpv4-sp/hard/crtn.o
                0x0000000008008f3c                . = ALIGN (0x4)
                0x0000000008008f3c                _etext = .

.vfp11_veneer   0x0000000008008f3c        0x0
 .vfp11_veneer  0x0000000008008f3c        0x0 linker stubs

.v4_bx          0x0000000008008f3c        0x0
 .v4_bx         0x0000000008008f3c        0x0 linker stubs

.iplt           0x0000000008008f3c        0x0
 .iplt          0x0000000008008f3c        0x0 /home/py/Ac6/SystemWorkbench/plugins/fr.ac6.mcu.externaltools.arm-none.linux64_1.17.0.201812190825/tools/compiler/bin/../lib/gcc/arm-none-eabi/7.3.1/thumb/v7e-m/fpv4-sp/hard/crtbegin.o

.rodata         0x0000000008008f40      0x458
                0x0000000008008f40                . = ALIGN (0x4)
 *(.rodata)
 .rodata        0x0000000008008f40        0x5 Third-Party/FreeRTOS/org/Source/tasks.o
 *fill*         0x0000000008008f45        0x3 
 .rodata        0x0000000008008f48       0x51 Third-Party/SEGGER/Config/SEGGER_SYSVIEW_Config_FreeRTOS.o
 *fill*         0x0000000008008f99        0x3 
 .rodata        0x0000000008008f9c       0x60 Third-Party/SEGGER/OS/SEGGER_SYSVIEW_FreeRTOS.o
                0x0000000008008ff4                SYSVIEW_X_OS_TraceAPI
 .rodata        0x0000000008008ffc       0x17 Third-Party/SEGGER/SEGGER/SEGGER_RTT.o
 *fill*         0x0000000008009013        0x1 
 .rodata        0x0000000008009014       0x24 Third-Party/SEGGER/SEGGER/SEGGER_SYSVIEW.o
 .rodata        0x0000000008009038       0xd2 src/main.o
 *(.rodata*)
 *fill*         0x000000000800910a        0x2 
 .rodata._global_impure_ptr
                0x000000000800910c        0x4 /home/py/Ac6/SystemWorkbench/plugins/fr.ac6.mcu.externaltools.arm-none.linux64_1.17.0.201812190825/tools/compiler/bin/../lib/gcc/arm-none-eabi/7.3.1/../../../../arm-none-eabi/lib/thumb/v7e-m/fpv4-sp/hard/libc.a(lib_a-impure.o)
                0x000000000800910c                _global_impure_ptr
 .rodata._svfprintf_r.str1.4
                0x0000000008009110       0x42 /home/py/Ac6/SystemWorkbench/plugins/fr.ac6.mcu.externaltools.arm-none.linux64_1.17.0.201812190825/tools/compiler/bin/../lib/gcc/arm-none-eabi/7.3.1/../../../../arm-none-eabi/lib/thumb/v7e-m/fpv4-sp/hard/libc.a(lib_a-svfprintf.o)
 *fill*         0x0000000008009152        0x2 
 .rodata.blanks.8590
                0x0000000008009154       0x10 /home/py/Ac6/SystemWorkbench/plugins/fr.ac6.mcu.externaltools.arm-none.linux64_1.17.0.201812190825/tools/compiler/bin/../lib/gcc/arm-none-eabi/7.3.1/../../../../arm-none-eabi/lib/thumb/v7e-m/fpv4-sp/hard/libc.a(lib_a-svfprintf.o)
 .rodata.zeroes.8591
                0x0000000008009164       0x10 /home/py/Ac6/SystemWorkbench/plugins/fr.ac6.mcu.externaltools.arm-none.linux64_1.17.0.201812190825/tools/compiler/bin/../lib/gcc/arm-none-eabi/7.3.1/../../../../arm-none-eabi/lib/thumb/v7e-m/fpv4-sp/hard/libc.a(lib_a-svfprintf.o)
 .rodata._dtoa_r.str1.4
                0x0000000008009174       0x10 /home/py/Ac6/SystemWorkbench/plugins/fr.ac6.mcu.externaltools.arm-none.linux64_1.17.0.201812190825/tools/compiler/bin/../lib/gcc/arm-none-eabi/7.3.1/../../../../arm-none-eabi/lib/thumb/v7e-m/fpv4-sp/hard/libc.a(lib_a-dtoa.o)
                                         0x12 (size before relaxing)
 *fill*         0x0000000008009184        0x4 
 .rodata.__mprec_bigtens
                0x0000000008009188       0x28 /home/py/Ac6/SystemWorkbench/plugins/fr.ac6.mcu.externaltools.arm-none.linux64_1.17.0.201812190825/tools/compiler/bin/../lib/gcc/arm-none-eabi/7.3.1/../../../../arm-none-eabi/lib/thumb/v7e-m/fpv4-sp/hard/libc.a(lib_a-mprec.o)
                0x0000000008009188                __mprec_bigtens
 .rodata.__mprec_tens
                0x00000000080091b0       0xc8 /home/py/Ac6/SystemWorkbench/plugins/fr.ac6.mcu.externaltools.arm-none.linux64_1.17.0.201812190825/tools/compiler/bin/../lib/gcc/arm-none-eabi/7.3.1/../../../../arm-none-eabi/lib/thumb/v7e-m/fpv4-sp/hard/libc.a(lib_a-mprec.o)
                0x00000000080091b0                __mprec_tens
 .rodata.p05.7367
                0x0000000008009278        0xc /home/py/Ac6/SystemWorkbench/plugins/fr.ac6.mcu.externaltools.arm-none.linux64_1.17.0.201812190825/tools/compiler/bin/../lib/gcc/arm-none-eabi/7.3.1/../../../../arm-none-eabi/lib/thumb/v7e-m/fpv4-sp/hard/libc.a(lib_a-mprec.o)
 .rodata._setlocale_r.str1.4
                0x0000000008009284        0xa /home/py/Ac6/SystemWorkbench/plugins/fr.ac6.mcu.externaltools.arm-none.linux64_1.17.0.201812190825/tools/compiler/bin/../lib/gcc/arm-none-eabi/7.3.1/../../../../arm-none-eabi/lib/thumb/v7e-m/fpv4-sp/hard/libc.a(lib_a-locale.o)
                                          0xd (size before relaxing)
 *fill*         0x000000000800928e        0x2 
 .rodata.str1.4
                0x0000000008009290        0x4 /home/py/Ac6/SystemWorkbench/plugins/fr.ac6.mcu.externaltools.arm-none.linux64_1.17.0.201812190825/tools/compiler/bin/../lib/gcc/arm-none-eabi/7.3.1/../../../../arm-none-eabi/lib/thumb/v7e-m/fpv4-sp/hard/libc.a(lib_a-locale.o)
                                          0x2 (size before relaxing)
 .rodata._ctype_
                0x0000000008009294      0x101 /home/py/Ac6/SystemWorkbench/plugins/fr.ac6.mcu.externaltools.arm-none.linux64_1.17.0.201812190825/tools/compiler/bin/../lib/gcc/arm-none-eabi/7.3.1/../../../../arm-none-eabi/lib/thumb/v7e-m/fpv4-sp/hard/libc.a(lib_a-ctype_.o)
                0x0000000008009294                _ctype_
                0x0000000008009398                . = ALIGN (0x4)
 *fill*         0x0000000008009395        0x3 

.ARM.extab      0x0000000008009398        0x0
                0x0000000008009398                . = ALIGN (0x4)
 *(.ARM.extab* .gnu.linkonce.armextab.*)
                0x0000000008009398                . = ALIGN (0x4)

.ARM            0x0000000008009398        0x8
                0x0000000008009398                . = ALIGN (0x4)
                0x0000000008009398                __exidx_start = .
 *(.ARM.exidx*)
 .ARM.exidx     0x0000000008009398        0x8 /home/py/Ac6/SystemWorkbench/plugins/fr.ac6.mcu.externaltools.arm-none.linux64_1.17.0.201812190825/tools/compiler/bin/../lib/gcc/arm-none-eabi/7.3.1/thumb/v7e-m/fpv4-sp/hard/libgcc.a(_udivmoddi4.o)
                0x00000000080093a0                __exidx_end = .
                0x00000000080093a0                . = ALIGN (0x4)

.rel.dyn        0x00000000080093a0        0x0
 .rel.iplt      0x00000000080093a0        0x0 /home/py/Ac6/SystemWorkbench/plugins/fr.ac6.mcu.externaltools.arm-none.linux64_1.17.0.201812190825/tools/compiler/bin/../lib/gcc/arm-none-eabi/7.3.1/thumb/v7e-m/fpv4-sp/hard/crtbegin.o

.preinit_array  0x00000000080093a0        0x0
                0x00000000080093a0                . = ALIGN (0x4)
                0x00000000080093a0                PROVIDE (__preinit_array_start = .)
 *(.preinit_array*)
                0x00000000080093a0                PROVIDE (__preinit_array_end = .)
                0x00000000080093a0                . = ALIGN (0x4)

.init_array     0x00000000080093a0        0x8
                0x00000000080093a0                . = ALIGN (0x4)
                0x00000000080093a0                PROVIDE (__init_array_start = .)
 *(SORT_BY_NAME(.init_array.*))
 .init_array.00000
                0x00000000080093a0        0x4 /home/py/Ac6/SystemWorkbench/plugins/fr.ac6.mcu.externaltools.arm-none.linux64_1.17.0.201812190825/tools/compiler/bin/../lib/gcc/arm-none-eabi/7.3.1/../../../../arm-none-eabi/lib/thumb/v7e-m/fpv4-sp/hard/libc.a(lib_a-__call_atexit.o)
 *(.init_array*)
 .init_array    0x00000000080093a4        0x4 /home/py/Ac6/SystemWorkbench/plugins/fr.ac6.mcu.externaltools.arm-none.linux64_1.17.0.201812190825/tools/compiler/bin/../lib/gcc/arm-none-eabi/7.3.1/thumb/v7e-m/fpv4-sp/hard/crtbegin.o
                0x00000000080093a8                PROVIDE (__init_array_end = .)
                0x00000000080093a8                . = ALIGN (0x4)

.fini_array     0x00000000080093a8        0x4
                0x00000000080093a8                . = ALIGN (0x4)
                0x00000000080093a8                PROVIDE (__fini_array_start = .)
 *(SORT_BY_NAME(.fini_array.*))
 *(.fini_array*)
 .fini_array    0x00000000080093a8        0x4 /home/py/Ac6/SystemWorkbench/plugins/fr.ac6.mcu.externaltools.arm-none.linux64_1.17.0.201812190825/tools/compiler/bin/../lib/gcc/arm-none-eabi/7.3.1/thumb/v7e-m/fpv4-sp/hard/crtbegin.o
                0x00000000080093ac                PROVIDE (__fini_array_end = .)
                0x00000000080093ac                . = ALIGN (0x4)
                0x00000000080093ac                _sidata = LOADADDR (.data)

.data           0x0000000020000000      0x9d8 load address 0x00000000080093ac
                0x0000000020000000                . = ALIGN (0x4)
                0x0000000020000000                _sdata = .
 *(.data)
 .data          0x0000000020000000       0x10 StdPeriph_Driver/src/stm32f4xx_rcc.o
 .data          0x0000000020000010        0x4 Third-Party/FreeRTOS/org/Source/portable/GCC/ARM_CM4F/port.o
 .data          0x0000000020000014       0x14 src/system_stm32f4xx.o
                0x0000000020000014                SystemCoreClock
                0x0000000020000018                AHBPrescTable
 *(.data*)
 .data._impure_ptr
                0x0000000020000028        0x4 /home/py/Ac6/SystemWorkbench/plugins/fr.ac6.mcu.externaltools.arm-none.linux64_1.17.0.201812190825/tools/compiler/bin/../lib/gcc/arm-none-eabi/7.3.1/../../../../arm-none-eabi/lib/thumb/v7e-m/fpv4-sp/hard/libc.a(lib_a-impure.o)
                0x0000000020000028                _impure_ptr
 *fill*         0x000000002000002c        0x4 
 .data.impure_data
                0x0000000020000030      0x428 /home/py/Ac6/SystemWorkbench/plugins/fr.ac6.mcu.externaltools.arm-none.linux64_1.17.0.201812190825/tools/compiler/bin/../lib/gcc/arm-none-eabi/7.3.1/../../../../arm-none-eabi/lib/thumb/v7e-m/fpv4-sp/hard/libc.a(lib_a-impure.o)
 .data.__atexit_recursive_mutex
                0x0000000020000458        0x4 /home/py/Ac6/SystemWorkbench/plugins/fr.ac6.mcu.externaltools.arm-none.linux64_1.17.0.201812190825/tools/compiler/bin/../lib/gcc/arm-none-eabi/7.3.1/../../../../arm-none-eabi/lib/thumb/v7e-m/fpv4-sp/hard/libc.a(lib_a-__call_atexit.o)
                0x0000000020000458                __atexit_recursive_mutex
 .data.__malloc_av_
                0x000000002000045c      0x408 /home/py/Ac6/SystemWorkbench/plugins/fr.ac6.mcu.externaltools.arm-none.linux64_1.17.0.201812190825/tools/compiler/bin/../lib/gcc/arm-none-eabi/7.3.1/../../../../arm-none-eabi/lib/thumb/v7e-m/fpv4-sp/hard/libc.a(lib_a-mallocr.o)
                0x000000002000045c                __malloc_av_
 .data.__malloc_sbrk_base
                0x0000000020000864        0x4 /home/py/Ac6/SystemWorkbench/plugins/fr.ac6.mcu.externaltools.arm-none.linux64_1.17.0.201812190825/tools/compiler/bin/../lib/gcc/arm-none-eabi/7.3.1/../../../../arm-none-eabi/lib/thumb/v7e-m/fpv4-sp/hard/libc.a(lib_a-mallocr.o)
                0x0000000020000864                __malloc_sbrk_base
 .data.__malloc_trim_threshold
                0x0000000020000868        0x4 /home/py/Ac6/SystemWorkbench/plugins/fr.ac6.mcu.externaltools.arm-none.linux64_1.17.0.201812190825/tools/compiler/bin/../lib/gcc/arm-none-eabi/7.3.1/../../../../arm-none-eabi/lib/thumb/v7e-m/fpv4-sp/hard/libc.a(lib_a-mallocr.o)
                0x0000000020000868                __malloc_trim_threshold
 .data.__global_locale
                0x000000002000086c      0x16c /home/py/Ac6/SystemWorkbench/plugins/fr.ac6.mcu.externaltools.arm-none.linux64_1.17.0.201812190825/tools/compiler/bin/../lib/gcc/arm-none-eabi/7.3.1/../../../../arm-none-eabi/lib/thumb/v7e-m/fpv4-sp/hard/libc.a(lib_a-locale.o)
                0x000000002000086c                __global_locale
                0x00000000200009d8                . = ALIGN (0x4)
                0x00000000200009d8                _edata = .

.igot.plt       0x00000000200009d8        0x0 load address 0x0000000008009d84
 .igot.plt      0x00000000200009d8        0x0 /home/py/Ac6/SystemWorkbench/plugins/fr.ac6.mcu.externaltools.arm-none.linux64_1.17.0.201812190825/tools/compiler/bin/../lib/gcc/arm-none-eabi/7.3.1/thumb/v7e-m/fpv4-sp/hard/crtbegin.o
                0x00000000200009d8                . = ALIGN (0x4)

.bss            0x00000000200009d8    0x17524 load address 0x0000000008009d84
                0x00000000200009d8                _sbss = .
                0x00000000200009d8                __bss_start__ = _sbss
 *(.bss)
 .bss           0x00000000200009d8       0x1c /home/py/Ac6/SystemWorkbench/plugins/fr.ac6.mcu.externaltools.arm-none.linux64_1.17.0.201812190825/tools/compiler/bin/../lib/gcc/arm-none-eabi/7.3.1/thumb/v7e-m/fpv4-sp/hard/crtbegin.o
 .bss           0x00000000200009f4      0x104 Third-Party/FreeRTOS/org/Source/tasks.o
                0x00000000200009f4                pxCurrentTCB
 .bss           0x0000000020000af8        0x8 Third-Party/FreeRTOS/org/Source/portable/GCC/ARM_CM4F/port.o
 .bss           0x0000000020000b00    0x12c18 Third-Party/FreeRTOS/org/Source/portable/MemMang/heap_4.o
 .bss           0x0000000020013718       0xa4 Third-Party/SEGGER/OS/SEGGER_SYSVIEW_FreeRTOS.o
 .bss           0x00000000200137bc      0x411 Third-Party/SEGGER/SEGGER/SEGGER_RTT.o
 *fill*         0x0000000020013bcd        0x3 
 .bss           0x0000000020013bd0     0x411b Third-Party/SEGGER/SEGGER/SEGGER_SYSVIEW.o
 *fill*         0x0000000020017ceb        0x1 
 .bss           0x0000000020017cec      0x103 src/main.o
                0x0000000020017cec                xTaskHandle1
                0x0000000020017cf0                xTaskHandle2
                0x0000000020017cf4                usr_msg
                0x0000000020017dee                switch_prio
 *fill*         0x0000000020017def        0x1 
 .bss           0x0000000020017df0        0x8 src/syscalls.o
                0x0000000020017df0                __env
 *(.bss*)
 .bss.__malloc_current_mallinfo
                0x0000000020017df8       0x28 /home/py/Ac6/SystemWorkbench/plugins/fr.ac6.mcu.externaltools.arm-none.linux64_1.17.0.201812190825/tools/compiler/bin/../lib/gcc/arm-none-eabi/7.3.1/../../../../arm-none-eabi/lib/thumb/v7e-m/fpv4-sp/hard/libc.a(lib_a-mallocr.o)
                0x0000000020017df8                __malloc_current_mallinfo
 .bss.__malloc_max_sbrked_mem
                0x0000000020017e20        0x4 /home/py/Ac6/SystemWorkbench/plugins/fr.ac6.mcu.externaltools.arm-none.linux64_1.17.0.201812190825/tools/compiler/bin/../lib/gcc/arm-none-eabi/7.3.1/../../../../arm-none-eabi/lib/thumb/v7e-m/fpv4-sp/hard/libc.a(lib_a-mallocr.o)
                0x0000000020017e20                __malloc_max_sbrked_mem
 .bss.__malloc_max_total_mem
                0x0000000020017e24        0x4 /home/py/Ac6/SystemWorkbench/plugins/fr.ac6.mcu.externaltools.arm-none.linux64_1.17.0.201812190825/tools/compiler/bin/../lib/gcc/arm-none-eabi/7.3.1/../../../../arm-none-eabi/lib/thumb/v7e-m/fpv4-sp/hard/libc.a(lib_a-mallocr.o)
                0x0000000020017e24                __malloc_max_total_mem
 .bss.__malloc_top_pad
                0x0000000020017e28        0x4 /home/py/Ac6/SystemWorkbench/plugins/fr.ac6.mcu.externaltools.arm-none.linux64_1.17.0.201812190825/tools/compiler/bin/../lib/gcc/arm-none-eabi/7.3.1/../../../../arm-none-eabi/lib/thumb/v7e-m/fpv4-sp/hard/libc.a(lib_a-mallocr.o)
                0x0000000020017e28                __malloc_top_pad
 *(COMMON)
 COMMON         0x0000000020017e2c       0xa8 Third-Party/SEGGER/SEGGER/SEGGER_RTT.o
                0x0000000020017e2c                _SEGGER_RTT
 COMMON         0x0000000020017ed4       0x21 /home/py/Ac6/SystemWorkbench/plugins/fr.ac6.mcu.externaltools.arm-none.linux64_1.17.0.201812190825/tools/compiler/bin/../lib/gcc/arm-none-eabi/7.3.1/../../../../arm-none-eabi/lib/thumb/v7e-m/fpv4-sp/hard/libc.a(lib_a-lock.o)
                0x0000000020017ed4                __lock___atexit_recursive_mutex
                0x0000000020017ed8                __lock___arc4random_mutex
                0x0000000020017edc                __lock___env_recursive_mutex
                0x0000000020017ee0                __lock___sinit_recursive_mutex
                0x0000000020017ee4                __lock___malloc_recursive_mutex
                0x0000000020017ee8                __lock___at_quick_exit_mutex
                0x0000000020017eec                __lock___dd_hash_mutex
                0x0000000020017ef0                __lock___tz_mutex
                0x0000000020017ef4                __lock___sfp_recursive_mutex
 *fill*         0x0000000020017ef5        0x3 
 COMMON         0x0000000020017ef8        0x4 /home/py/Ac6/SystemWorkbench/plugins/fr.ac6.mcu.externaltools.arm-none.linux64_1.17.0.201812190825/tools/compiler/bin/../lib/gcc/arm-none-eabi/7.3.1/../../../../arm-none-eabi/lib/thumb/v7e-m/fpv4-sp/hard/libc.a(lib_a-reent.o)
                0x0000000020017ef8                errno
                0x0000000020017efc                . = ALIGN (0x4)
                0x0000000020017efc                _ebss = .
                0x0000000020017efc                __bss_end__ = _ebss

._user_heap_stack
                0x0000000020017efc      0x404 load address 0x0000000008009d84
                0x0000000020017f00                . = ALIGN (0x8)
 *fill*         0x0000000020017efc        0x4 
                0x0000000020017f00                PROVIDE (end = .)
                [!provide]                        PROVIDE (_end = .)
                0x0000000020017f00                . = (. + _Min_Heap_Size)
                0x0000000020018300                . = (. + _Min_Stack_Size)
 *fill*         0x0000000020017f00      0x400 
                0x0000000020018300                . = ALIGN (0x8)

/DISCARD/
 libc.a(*)
 libm.a(*)
 libgcc.a(*)

.ARM.attributes
                0x0000000000000000       0x30
 *(.ARM.attributes)
 .ARM.attributes
                0x0000000000000000       0x22 /home/py/Ac6/SystemWorkbench/plugins/fr.ac6.mcu.externaltools.arm-none.linux64_1.17.0.201812190825/tools/compiler/bin/../lib/gcc/arm-none-eabi/7.3.1/thumb/v7e-m/fpv4-sp/hard/crti.o
 .ARM.attributes
                0x0000000000000022       0x34 /home/py/Ac6/SystemWorkbench/plugins/fr.ac6.mcu.externaltools.arm-none.linux64_1.17.0.201812190825/tools/compiler/bin/../lib/gcc/arm-none-eabi/7.3.1/thumb/v7e-m/fpv4-sp/hard/crtbegin.o
 .ARM.attributes
                0x0000000000000056       0x39 StdPeriph_Driver/src/stm32f4xx_exti.o
 .ARM.attributes
                0x000000000000008f       0x39 StdPeriph_Driver/src/stm32f4xx_gpio.o
 .ARM.attributes
                0x00000000000000c8       0x39 StdPeriph_Driver/src/stm32f4xx_rcc.o
 .ARM.attributes
                0x0000000000000101       0x39 StdPeriph_Driver/src/stm32f4xx_syscfg.o
 .ARM.attributes
                0x000000000000013a       0x39 StdPeriph_Driver/src/stm32f4xx_usart.o
 .ARM.attributes
                0x0000000000000173       0x39 Third-Party/FreeRTOS/org/Source/list.o
 .ARM.attributes
                0x00000000000001ac       0x39 Third-Party/FreeRTOS/org/Source/tasks.o
 .ARM.attributes
                0x00000000000001e5       0x39 Third-Party/FreeRTOS/org/Source/portable/GCC/ARM_CM4F/port.o
 .ARM.attributes
                0x000000000000021e       0x39 Third-Party/FreeRTOS/org/Source/portable/MemMang/heap_4.o
 .ARM.attributes
                0x0000000000000257       0x39 Third-Party/SEGGER/Config/SEGGER_SYSVIEW_Config_FreeRTOS.o
 .ARM.attributes
                0x0000000000000290       0x39 Third-Party/SEGGER/OS/SEGGER_SYSVIEW_FreeRTOS.o
 .ARM.attributes
                0x00000000000002c9       0x39 Third-Party/SEGGER/SEGGER/SEGGER_RTT.o
 .ARM.attributes
                0x0000000000000302       0x39 Third-Party/SEGGER/SEGGER/SEGGER_SYSVIEW.o
 .ARM.attributes
                0x000000000000033b       0x39 src/main.o
 .ARM.attributes
                0x0000000000000374       0x39 src/syscalls.o
 .ARM.attributes
                0x00000000000003ad       0x39 src/system_stm32f4xx.o
 .ARM.attributes
                0x00000000000003e6       0x21 startup/startup_stm32.o
 .ARM.attributes
                0x0000000000000407       0x34 /home/py/Ac6/SystemWorkbench/plugins/fr.ac6.mcu.externaltools.arm-none.linux64_1.17.0.201812190825/tools/compiler/bin/../lib/gcc/arm-none-eabi/7.3.1/../../../../arm-none-eabi/lib/thumb/v7e-m/fpv4-sp/hard/libc.a(lib_a-errno.o)
 .ARM.attributes
                0x000000000000043b       0x34 /home/py/Ac6/SystemWorkbench/plugins/fr.ac6.mcu.externaltools.arm-none.linux64_1.17.0.201812190825/tools/compiler/bin/../lib/gcc/arm-none-eabi/7.3.1/../../../../arm-none-eabi/lib/thumb/v7e-m/fpv4-sp/hard/libc.a(lib_a-impure.o)
 .ARM.attributes
                0x000000000000046f       0x34 /home/py/Ac6/SystemWorkbench/plugins/fr.ac6.mcu.externaltools.arm-none.linux64_1.17.0.201812190825/tools/compiler/bin/../lib/gcc/arm-none-eabi/7.3.1/../../../../arm-none-eabi/lib/thumb/v7e-m/fpv4-sp/hard/libc.a(lib_a-init.o)
 .ARM.attributes
                0x00000000000004a3       0x34 /home/py/Ac6/SystemWorkbench/plugins/fr.ac6.mcu.externaltools.arm-none.linux64_1.17.0.201812190825/tools/compiler/bin/../lib/gcc/arm-none-eabi/7.3.1/../../../../arm-none-eabi/lib/thumb/v7e-m/fpv4-sp/hard/libc.a(lib_a-memcmp.o)
 .ARM.attributes
                0x00000000000004d7       0x20 /home/py/Ac6/SystemWorkbench/plugins/fr.ac6.mcu.externaltools.arm-none.linux64_1.17.0.201812190825/tools/compiler/bin/../lib/gcc/arm-none-eabi/7.3.1/../../../../arm-none-eabi/lib/thumb/v7e-m/fpv4-sp/hard/libc.a(lib_a-memcpy.o)
 .ARM.attributes
                0x00000000000004f7       0x34 /home/py/Ac6/SystemWorkbench/plugins/fr.ac6.mcu.externaltools.arm-none.linux64_1.17.0.201812190825/tools/compiler/bin/../lib/gcc/arm-none-eabi/7.3.1/../../../../arm-none-eabi/lib/thumb/v7e-m/fpv4-sp/hard/libc.a(lib_a-memset.o)
 .ARM.attributes
                0x000000000000052b       0x34 /home/py/Ac6/SystemWorkbench/plugins/fr.ac6.mcu.externaltools.arm-none.linux64_1.17.0.201812190825/tools/compiler/bin/../lib/gcc/arm-none-eabi/7.3.1/../../../../arm-none-eabi/lib/thumb/v7e-m/fpv4-sp/hard/libc.a(lib_a-sprintf.o)
 .ARM.attributes
                0x000000000000055f       0x20 /home/py/Ac6/SystemWorkbench/plugins/fr.ac6.mcu.externaltools.arm-none.linux64_1.17.0.201812190825/tools/compiler/bin/../lib/gcc/arm-none-eabi/7.3.1/../../../../arm-none-eabi/lib/thumb/v7e-m/fpv4-sp/hard/libc.a(lib_a-strlen.o)
 .ARM.attributes
                0x000000000000057f       0x34 /home/py/Ac6/SystemWorkbench/plugins/fr.ac6.mcu.externaltools.arm-none.linux64_1.17.0.201812190825/tools/compiler/bin/../lib/gcc/arm-none-eabi/7.3.1/../../../../arm-none-eabi/lib/thumb/v7e-m/fpv4-sp/hard/libc.a(lib_a-svfprintf.o)
 .ARM.attributes
                0x00000000000005b3       0x34 /home/py/Ac6/SystemWorkbench/plugins/fr.ac6.mcu.externaltools.arm-none.linux64_1.17.0.201812190825/tools/compiler/bin/../lib/gcc/arm-none-eabi/7.3.1/../../../../arm-none-eabi/lib/thumb/v7e-m/fpv4-sp/hard/libc.a(lib_a-__call_atexit.o)
 .ARM.attributes
                0x00000000000005e7       0x34 /home/py/Ac6/SystemWorkbench/plugins/fr.ac6.mcu.externaltools.arm-none.linux64_1.17.0.201812190825/tools/compiler/bin/../lib/gcc/arm-none-eabi/7.3.1/../../../../arm-none-eabi/lib/thumb/v7e-m/fpv4-sp/hard/libc.a(lib_a-atexit.o)
 .ARM.attributes
                0x000000000000061b       0x34 /home/py/Ac6/SystemWorkbench/plugins/fr.ac6.mcu.externaltools.arm-none.linux64_1.17.0.201812190825/tools/compiler/bin/../lib/gcc/arm-none-eabi/7.3.1/../../../../arm-none-eabi/lib/thumb/v7e-m/fpv4-sp/hard/libc.a(lib_a-dtoa.o)
 .ARM.attributes
                0x000000000000064f       0x34 /home/py/Ac6/SystemWorkbench/plugins/fr.ac6.mcu.externaltools.arm-none.linux64_1.17.0.201812190825/tools/compiler/bin/../lib/gcc/arm-none-eabi/7.3.1/../../../../arm-none-eabi/lib/thumb/v7e-m/fpv4-sp/hard/libc.a(lib_a-fini.o)
 .ARM.attributes
                0x0000000000000683       0x34 /home/py/Ac6/SystemWorkbench/plugins/fr.ac6.mcu.externaltools.arm-none.linux64_1.17.0.201812190825/tools/compiler/bin/../lib/gcc/arm-none-eabi/7.3.1/../../../../arm-none-eabi/lib/thumb/v7e-m/fpv4-sp/hard/libc.a(lib_a-freer.o)
 .ARM.attributes
                0x00000000000006b7       0x34 /home/py/Ac6/SystemWorkbench/plugins/fr.ac6.mcu.externaltools.arm-none.linux64_1.17.0.201812190825/tools/compiler/bin/../lib/gcc/arm-none-eabi/7.3.1/../../../../arm-none-eabi/lib/thumb/v7e-m/fpv4-sp/hard/libc.a(lib_a-localeconv.o)
 .ARM.attributes
                0x00000000000006eb       0x34 /home/py/Ac6/SystemWorkbench/plugins/fr.ac6.mcu.externaltools.arm-none.linux64_1.17.0.201812190825/tools/compiler/bin/../lib/gcc/arm-none-eabi/7.3.1/../../../../arm-none-eabi/lib/thumb/v7e-m/fpv4-sp/hard/libc.a(lib_a-lock.o)
 .ARM.attributes
                0x000000000000071f       0x34 /home/py/Ac6/SystemWorkbench/plugins/fr.ac6.mcu.externaltools.arm-none.linux64_1.17.0.201812190825/tools/compiler/bin/../lib/gcc/arm-none-eabi/7.3.1/../../../../arm-none-eabi/lib/thumb/v7e-m/fpv4-sp/hard/libc.a(lib_a-mallocr.o)
 .ARM.attributes
                0x0000000000000753       0x20 /home/py/Ac6/SystemWorkbench/plugins/fr.ac6.mcu.externaltools.arm-none.linux64_1.17.0.201812190825/tools/compiler/bin/../lib/gcc/arm-none-eabi/7.3.1/../../../../arm-none-eabi/lib/thumb/v7e-m/fpv4-sp/hard/libc.a(lib_a-memchr.o)
 .ARM.attributes
                0x0000000000000773       0x34 /home/py/Ac6/SystemWorkbench/plugins/fr.ac6.mcu.externaltools.arm-none.linux64_1.17.0.201812190825/tools/compiler/bin/../lib/gcc/arm-none-eabi/7.3.1/../../../../arm-none-eabi/lib/thumb/v7e-m/fpv4-sp/hard/libc.a(lib_a-mlock.o)
 .ARM.attributes
                0x00000000000007a7       0x34 /home/py/Ac6/SystemWorkbench/plugins/fr.ac6.mcu.externaltools.arm-none.linux64_1.17.0.201812190825/tools/compiler/bin/../lib/gcc/arm-none-eabi/7.3.1/../../../../arm-none-eabi/lib/thumb/v7e-m/fpv4-sp/hard/libc.a(lib_a-mprec.o)
 .ARM.attributes
                0x00000000000007db       0x34 /home/py/Ac6/SystemWorkbench/plugins/fr.ac6.mcu.externaltools.arm-none.linux64_1.17.0.201812190825/tools/compiler/bin/../lib/gcc/arm-none-eabi/7.3.1/../../../../arm-none-eabi/lib/thumb/v7e-m/fpv4-sp/hard/libc.a(lib_a-s_frexp.o)
 .ARM.attributes
                0x000000000000080f       0x34 /home/py/Ac6/SystemWorkbench/plugins/fr.ac6.mcu.externaltools.arm-none.linux64_1.17.0.201812190825/tools/compiler/bin/../lib/gcc/arm-none-eabi/7.3.1/../../../../arm-none-eabi/lib/thumb/v7e-m/fpv4-sp/hard/libc.a(lib_a-sbrkr.o)
 .ARM.attributes
                0x0000000000000843       0x34 /home/py/Ac6/SystemWorkbench/plugins/fr.ac6.mcu.externaltools.arm-none.linux64_1.17.0.201812190825/tools/compiler/bin/../lib/gcc/arm-none-eabi/7.3.1/../../../../arm-none-eabi/lib/thumb/v7e-m/fpv4-sp/hard/libc.a(lib_a-strncpy.o)
 .ARM.attributes
                0x0000000000000877       0x34 /home/py/Ac6/SystemWorkbench/plugins/fr.ac6.mcu.externaltools.arm-none.linux64_1.17.0.201812190825/tools/compiler/bin/../lib/gcc/arm-none-eabi/7.3.1/../../../../arm-none-eabi/lib/thumb/v7e-m/fpv4-sp/hard/libc.a(lib_a-svfiprintf.o)
 .ARM.attributes
                0x00000000000008ab       0x34 /home/py/Ac6/SystemWorkbench/plugins/fr.ac6.mcu.externaltools.arm-none.linux64_1.17.0.201812190825/tools/compiler/bin/../lib/gcc/arm-none-eabi/7.3.1/../../../../arm-none-eabi/lib/thumb/v7e-m/fpv4-sp/hard/libc.a(lib_a-__atexit.o)
 .ARM.attributes
                0x00000000000008df       0x34 /home/py/Ac6/SystemWorkbench/plugins/fr.ac6.mcu.externaltools.arm-none.linux64_1.17.0.201812190825/tools/compiler/bin/../lib/gcc/arm-none-eabi/7.3.1/../../../../arm-none-eabi/lib/thumb/v7e-m/fpv4-sp/hard/libc.a(lib_a-callocr.o)
 .ARM.attributes
                0x0000000000000913       0x34 /home/py/Ac6/SystemWorkbench/plugins/fr.ac6.mcu.externaltools.arm-none.linux64_1.17.0.201812190825/tools/compiler/bin/../lib/gcc/arm-none-eabi/7.3.1/../../../../arm-none-eabi/lib/thumb/v7e-m/fpv4-sp/hard/libc.a(lib_a-locale.o)
 .ARM.attributes
                0x0000000000000947       0x34 /home/py/Ac6/SystemWorkbench/plugins/fr.ac6.mcu.externaltools.arm-none.linux64_1.17.0.201812190825/tools/compiler/bin/../lib/gcc/arm-none-eabi/7.3.1/../../../../arm-none-eabi/lib/thumb/v7e-m/fpv4-sp/hard/libc.a(lib_a-mbtowc_r.o)
 .ARM.attributes
                0x000000000000097b       0x34 /home/py/Ac6/SystemWorkbench/plugins/fr.ac6.mcu.externaltools.arm-none.linux64_1.17.0.201812190825/tools/compiler/bin/../lib/gcc/arm-none-eabi/7.3.1/../../../../arm-none-eabi/lib/thumb/v7e-m/fpv4-sp/hard/libc.a(lib_a-memmove.o)
 .ARM.attributes
                0x00000000000009af       0x34 /home/py/Ac6/SystemWorkbench/plugins/fr.ac6.mcu.externaltools.arm-none.linux64_1.17.0.201812190825/tools/compiler/bin/../lib/gcc/arm-none-eabi/7.3.1/../../../../arm-none-eabi/lib/thumb/v7e-m/fpv4-sp/hard/libc.a(lib_a-reallocr.o)
 .ARM.attributes
                0x00000000000009e3       0x34 /home/py/Ac6/SystemWorkbench/plugins/fr.ac6.mcu.externaltools.arm-none.linux64_1.17.0.201812190825/tools/compiler/bin/../lib/gcc/arm-none-eabi/7.3.1/../../../../arm-none-eabi/lib/thumb/v7e-m/fpv4-sp/hard/libc.a(lib_a-reent.o)
 .ARM.attributes
                0x0000000000000a17       0x34 /home/py/Ac6/SystemWorkbench/plugins/fr.ac6.mcu.externaltools.arm-none.linux64_1.17.0.201812190825/tools/compiler/bin/../lib/gcc/arm-none-eabi/7.3.1/../../../../arm-none-eabi/lib/thumb/v7e-m/fpv4-sp/hard/libc.a(lib_a-wctomb_r.o)
 .ARM.attributes
                0x0000000000000a4b       0x34 /home/py/Ac6/SystemWorkbench/plugins/fr.ac6.mcu.externaltools.arm-none.linux64_1.17.0.201812190825/tools/compiler/bin/../lib/gcc/arm-none-eabi/7.3.1/../../../../arm-none-eabi/lib/thumb/v7e-m/fpv4-sp/hard/libc.a(lib_a-ctype_.o)
 .ARM.attributes
                0x0000000000000a7f       0x22 /home/py/Ac6/SystemWorkbench/plugins/fr.ac6.mcu.externaltools.arm-none.linux64_1.17.0.201812190825/tools/compiler/bin/../lib/gcc/arm-none-eabi/7.3.1/thumb/v7e-m/fpv4-sp/hard/libgcc.a(_arm_addsubdf3.o)
 .ARM.attributes
                0x0000000000000aa1       0x22 /home/py/Ac6/SystemWorkbench/plugins/fr.ac6.mcu.externaltools.arm-none.linux64_1.17.0.201812190825/tools/compiler/bin/../lib/gcc/arm-none-eabi/7.3.1/thumb/v7e-m/fpv4-sp/hard/libgcc.a(_arm_muldivdf3.o)
 .ARM.attributes
                0x0000000000000ac3       0x22 /home/py/Ac6/SystemWorkbench/plugins/fr.ac6.mcu.externaltools.arm-none.linux64_1.17.0.201812190825/tools/compiler/bin/../lib/gcc/arm-none-eabi/7.3.1/thumb/v7e-m/fpv4-sp/hard/libgcc.a(_arm_cmpdf2.o)
 .ARM.attributes
                0x0000000000000ae5       0x22 /home/py/Ac6/SystemWorkbench/plugins/fr.ac6.mcu.externaltools.arm-none.linux64_1.17.0.201812190825/tools/compiler/bin/../lib/gcc/arm-none-eabi/7.3.1/thumb/v7e-m/fpv4-sp/hard/libgcc.a(_arm_unorddf2.o)
 .ARM.attributes
                0x0000000000000b07       0x22 /home/py/Ac6/SystemWorkbench/plugins/fr.ac6.mcu.externaltools.arm-none.linux64_1.17.0.201812190825/tools/compiler/bin/../lib/gcc/arm-none-eabi/7.3.1/thumb/v7e-m/fpv4-sp/hard/libgcc.a(_arm_fixdfsi.o)
 .ARM.attributes
                0x0000000000000b29       0x22 /home/py/Ac6/SystemWorkbench/plugins/fr.ac6.mcu.externaltools.arm-none.linux64_1.17.0.201812190825/tools/compiler/bin/../lib/gcc/arm-none-eabi/7.3.1/thumb/v7e-m/fpv4-sp/hard/libgcc.a(_aeabi_uldivmod.o)
 .ARM.attributes
                0x0000000000000b4b       0x34 /home/py/Ac6/SystemWorkbench/plugins/fr.ac6.mcu.externaltools.arm-none.linux64_1.17.0.201812190825/tools/compiler/bin/../lib/gcc/arm-none-eabi/7.3.1/thumb/v7e-m/fpv4-sp/hard/libgcc.a(_udivmoddi4.o)
 .ARM.attributes
                0x0000000000000b7f       0x22 /home/py/Ac6/SystemWorkbench/plugins/fr.ac6.mcu.externaltools.arm-none.linux64_1.17.0.201812190825/tools/compiler/bin/../lib/gcc/arm-none-eabi/7.3.1/thumb/v7e-m/fpv4-sp/hard/libgcc.a(_dvmd_tls.o)
 .ARM.attributes
                0x0000000000000ba1       0x22 /home/py/Ac6/SystemWorkbench/plugins/fr.ac6.mcu.externaltools.arm-none.linux64_1.17.0.201812190825/tools/compiler/bin/../lib/gcc/arm-none-eabi/7.3.1/thumb/v7e-m/fpv4-sp/hard/crtn.o
OUTPUT(STM32_FreeRTOS_Tasks_Priority.elf elf32-littlearm)

.debug_info     0x0000000000000000     0xf21e
 .debug_info    0x0000000000000000      0x358 StdPeriph_Driver/src/stm32f4xx_exti.o
 .debug_info    0x0000000000000358      0x62b StdPeriph_Driver/src/stm32f4xx_gpio.o
 .debug_info    0x0000000000000983      0xf8e StdPeriph_Driver/src/stm32f4xx_rcc.o
 .debug_info    0x0000000000001911      0x2a6 StdPeriph_Driver/src/stm32f4xx_syscfg.o
 .debug_info    0x0000000000001bb7      0x9d4 StdPeriph_Driver/src/stm32f4xx_usart.o
 .debug_info    0x000000000000258b      0xadb Third-Party/FreeRTOS/org/Source/list.o
 .debug_info    0x0000000000003066     0x2733 Third-Party/FreeRTOS/org/Source/tasks.o
 .debug_info    0x0000000000005799      0x533 Third-Party/FreeRTOS/org/Source/portable/GCC/ARM_CM4F/port.o
 .debug_info    0x0000000000005ccc      0xbfc Third-Party/FreeRTOS/org/Source/portable/MemMang/heap_4.o
 .debug_info    0x00000000000068c8      0x10f Third-Party/SEGGER/Config/SEGGER_SYSVIEW_Config_FreeRTOS.o
 .debug_info    0x00000000000069d7      0xb8d Third-Party/SEGGER/OS/SEGGER_SYSVIEW_FreeRTOS.o
 .debug_info    0x0000000000007564     0x16b9 Third-Party/SEGGER/SEGGER/SEGGER_RTT.o
 .debug_info    0x0000000000008c1d     0x3aea Third-Party/SEGGER/SEGGER/SEGGER_SYSVIEW.o
 .debug_info    0x000000000000c707     0x15a6 src/main.o
 .debug_info    0x000000000000dcad      0xf2e src/syscalls.o
 .debug_info    0x000000000000ebdb      0x621 src/system_stm32f4xx.o
 .debug_info    0x000000000000f1fc       0x22 startup/startup_stm32.o

.debug_abbrev   0x0000000000000000     0x22f6
 .debug_abbrev  0x0000000000000000      0x1c3 StdPeriph_Driver/src/stm32f4xx_exti.o
 .debug_abbrev  0x00000000000001c3      0x1bf StdPeriph_Driver/src/stm32f4xx_gpio.o
 .debug_abbrev  0x0000000000000382      0x1d4 StdPeriph_Driver/src/stm32f4xx_rcc.o
 .debug_abbrev  0x0000000000000556      0x14b StdPeriph_Driver/src/stm32f4xx_syscfg.o
 .debug_abbrev  0x00000000000006a1      0x187 StdPeriph_Driver/src/stm32f4xx_usart.o
 .debug_abbrev  0x0000000000000828      0x205 Third-Party/FreeRTOS/org/Source/list.o
 .debug_abbrev  0x0000000000000a2d      0x395 Third-Party/FreeRTOS/org/Source/tasks.o
 .debug_abbrev  0x0000000000000dc2      0x210 Third-Party/FreeRTOS/org/Source/portable/GCC/ARM_CM4F/port.o
 .debug_abbrev  0x0000000000000fd2      0x2d4 Third-Party/FreeRTOS/org/Source/portable/MemMang/heap_4.o
 .debug_abbrev  0x00000000000012a6       0xb5 Third-Party/SEGGER/Config/SEGGER_SYSVIEW_Config_FreeRTOS.o
 .debug_abbrev  0x000000000000135b      0x223 Third-Party/SEGGER/OS/SEGGER_SYSVIEW_FreeRTOS.o
 .debug_abbrev  0x000000000000157e      0x2d6 Third-Party/SEGGER/SEGGER/SEGGER_RTT.o
 .debug_abbrev  0x0000000000001854      0x336 Third-Party/SEGGER/SEGGER/SEGGER_SYSVIEW.o
 .debug_abbrev  0x0000000000001b8a      0x353 src/main.o
 .debug_abbrev  0x0000000000001edd      0x2aa src/syscalls.o
 .debug_abbrev  0x0000000000002187      0x15d src/system_stm32f4xx.o
 .debug_abbrev  0x00000000000022e4       0x12 startup/startup_stm32.o

.debug_aranges  0x0000000000000000      0xc70
 .debug_aranges
                0x0000000000000000       0x58 StdPeriph_Driver/src/stm32f4xx_exti.o
 .debug_aranges
                0x0000000000000058       0x88 StdPeriph_Driver/src/stm32f4xx_gpio.o
 .debug_aranges
                0x00000000000000e0      0x1e8 StdPeriph_Driver/src/stm32f4xx_rcc.o
 .debug_aranges
                0x00000000000002c8       0x50 StdPeriph_Driver/src/stm32f4xx_syscfg.o
 .debug_aranges
                0x0000000000000318      0x100 StdPeriph_Driver/src/stm32f4xx_usart.o
 .debug_aranges
                0x0000000000000418       0x40 Third-Party/FreeRTOS/org/Source/list.o
 .debug_aranges
                0x0000000000000458      0x1e8 Third-Party/FreeRTOS/org/Source/tasks.o
 .debug_aranges
                0x0000000000000640       0x80 Third-Party/FreeRTOS/org/Source/portable/GCC/ARM_CM4F/port.o
 .debug_aranges
                0x00000000000006c0       0x50 Third-Party/FreeRTOS/org/Source/portable/MemMang/heap_4.o
 .debug_aranges
                0x0000000000000710       0x28 Third-Party/SEGGER/Config/SEGGER_SYSVIEW_Config_FreeRTOS.o
 .debug_aranges
                0x0000000000000738       0x48 Third-Party/SEGGER/OS/SEGGER_SYSVIEW_FreeRTOS.o
 .debug_aranges
                0x0000000000000780      0x110 Third-Party/SEGGER/SEGGER/SEGGER_RTT.o
 .debug_aranges
                0x0000000000000890      0x268 Third-Party/SEGGER/SEGGER/SEGGER_SYSVIEW.o
 .debug_aranges
                0x0000000000000af8       0x70 src/main.o
 .debug_aranges
                0x0000000000000b68       0xb0 src/syscalls.o
 .debug_aranges
                0x0000000000000c18       0x30 src/system_stm32f4xx.o
 .debug_aranges
                0x0000000000000c48       0x28 startup/startup_stm32.o

.debug_ranges   0x0000000000000000      0xb68
 .debug_ranges  0x0000000000000000       0x48 StdPeriph_Driver/src/stm32f4xx_exti.o
 .debug_ranges  0x0000000000000048       0x78 StdPeriph_Driver/src/stm32f4xx_gpio.o
 .debug_ranges  0x00000000000000c0      0x1d8 StdPeriph_Driver/src/stm32f4xx_rcc.o
 .debug_ranges  0x0000000000000298       0x40 StdPeriph_Driver/src/stm32f4xx_syscfg.o
 .debug_ranges  0x00000000000002d8       0xf0 StdPeriph_Driver/src/stm32f4xx_usart.o
 .debug_ranges  0x00000000000003c8       0x30 Third-Party/FreeRTOS/org/Source/list.o
 .debug_ranges  0x00000000000003f8      0x1d8 Third-Party/FreeRTOS/org/Source/tasks.o
 .debug_ranges  0x00000000000005d0       0x70 Third-Party/FreeRTOS/org/Source/portable/GCC/ARM_CM4F/port.o
 .debug_ranges  0x0000000000000640       0x40 Third-Party/FreeRTOS/org/Source/portable/MemMang/heap_4.o
 .debug_ranges  0x0000000000000680       0x18 Third-Party/SEGGER/Config/SEGGER_SYSVIEW_Config_FreeRTOS.o
 .debug_ranges  0x0000000000000698       0x38 Third-Party/SEGGER/OS/SEGGER_SYSVIEW_FreeRTOS.o
 .debug_ranges  0x00000000000006d0      0x100 Third-Party/SEGGER/SEGGER/SEGGER_RTT.o
 .debug_ranges  0x00000000000007d0      0x258 Third-Party/SEGGER/SEGGER/SEGGER_SYSVIEW.o
 .debug_ranges  0x0000000000000a28       0x60 src/main.o
 .debug_ranges  0x0000000000000a88       0xa0 src/syscalls.o
 .debug_ranges  0x0000000000000b28       0x20 src/system_stm32f4xx.o
 .debug_ranges  0x0000000000000b48       0x20 startup/startup_stm32.o

.debug_macro    0x0000000000000000     0x3958
 .debug_macro   0x0000000000000000      0x1fe StdPeriph_Driver/src/stm32f4xx_exti.o
 .debug_macro   0x00000000000001fe       0xaf StdPeriph_Driver/src/stm32f4xx_exti.o
 .debug_macro   0x00000000000002ad      0x1fc StdPeriph_Driver/src/stm32f4xx_gpio.o
 .debug_macro   0x00000000000004a9      0x33b StdPeriph_Driver/src/stm32f4xx_gpio.o
 .debug_macro   0x00000000000007e4      0x2cb StdPeriph_Driver/src/stm32f4xx_rcc.o
 .debug_macro   0x0000000000000aaf      0x24a StdPeriph_Driver/src/stm32f4xx_syscfg.o
 .debug_macro   0x0000000000000cf9      0x10e StdPeriph_Driver/src/stm32f4xx_syscfg.o
 .debug_macro   0x0000000000000e07      0x214 StdPeriph_Driver/src/stm32f4xx_usart.o
 .debug_macro   0x000000000000101b      0x21d StdPeriph_Driver/src/stm32f4xx_usart.o
 .debug_macro   0x0000000000001238      0x1ba Third-Party/FreeRTOS/org/Source/list.o
 .debug_macro   0x00000000000013f2      0x2b5 Third-Party/FreeRTOS/org/Source/tasks.o
 .debug_macro   0x00000000000016a7       0x10 Third-Party/FreeRTOS/org/Source/tasks.o
 .debug_macro   0x00000000000016b7      0x1d6 Third-Party/FreeRTOS/org/Source/portable/GCC/ARM_CM4F/port.o
 .debug_macro   0x000000000000188d      0x1e1 Third-Party/FreeRTOS/org/Source/portable/MemMang/heap_4.o
 .debug_macro   0x0000000000001a6e      0x116 Third-Party/SEGGER/Config/SEGGER_SYSVIEW_Config_FreeRTOS.o
 .debug_macro   0x0000000000001b84      0x1d0 Third-Party/SEGGER/OS/SEGGER_SYSVIEW_FreeRTOS.o
 .debug_macro   0x0000000000001d54      0x164 Third-Party/SEGGER/SEGGER/SEGGER_RTT.o
 .debug_macro   0x0000000000001eb8       0x4f Third-Party/SEGGER/SEGGER/SEGGER_RTT.o
 .debug_macro   0x0000000000001f07      0x115 Third-Party/SEGGER/SEGGER/SEGGER_RTT.o
 .debug_macro   0x000000000000201c      0x1f8 Third-Party/SEGGER/SEGGER/SEGGER_SYSVIEW.o
 .debug_macro   0x0000000000002214       0x65 Third-Party/SEGGER/SEGGER/SEGGER_SYSVIEW.o
 .debug_macro   0x0000000000002279       0x35 Third-Party/SEGGER/SEGGER/SEGGER_SYSVIEW.o
 .debug_macro   0x00000000000022ae      0x11b Third-Party/SEGGER/SEGGER/SEGGER_SYSVIEW.o
 .debug_macro   0x00000000000023c9      0x42d src/main.o
 .debug_macro   0x00000000000027f6       0x16 src/main.o
 .debug_macro   0x000000000000280c       0x97 src/main.o
 .debug_macro   0x00000000000028a3       0xfd src/main.o
 .debug_macro   0x00000000000029a0       0x10 src/main.o
 .debug_macro   0x00000000000029b0       0x10 src/main.o
 .debug_macro   0x00000000000029c0       0x1c src/main.o
 .debug_macro   0x00000000000029dc       0x52 src/main.o
 .debug_macro   0x0000000000002a2e       0x40 src/main.o
 .debug_macro   0x0000000000002a6e       0x10 src/main.o
 .debug_macro   0x0000000000002a7e       0x40 src/main.o
 .debug_macro   0x0000000000002abe       0xd7 src/main.o
 .debug_macro   0x0000000000002b95       0x1c src/main.o
 .debug_macro   0x0000000000002bb1       0x3d src/main.o
 .debug_macro   0x0000000000002bee       0x16 src/main.o
 .debug_macro   0x0000000000002c04      0x16f src/main.o
 .debug_macro   0x0000000000002d73      0x112 src/main.o
 .debug_macro   0x0000000000002e85       0x4c src/main.o
 .debug_macro   0x0000000000002ed1      0x243 src/syscalls.o
 .debug_macro   0x0000000000003114       0x10 src/syscalls.o
 .debug_macro   0x0000000000003124       0x10 src/syscalls.o
 .debug_macro   0x0000000000003134       0x10 src/syscalls.o
 .debug_macro   0x0000000000003144       0x35 src/syscalls.o
 .debug_macro   0x0000000000003179      0x122 src/syscalls.o
 .debug_macro   0x000000000000329b       0x10 src/syscalls.o
 .debug_macro   0x00000000000032ab      0x241 src/syscalls.o
 .debug_macro   0x00000000000034ec       0x1c src/syscalls.o
 .debug_macro   0x0000000000003508       0x10 src/syscalls.o
 .debug_macro   0x0000000000003518      0x189 src/syscalls.o
 .debug_macro   0x00000000000036a1       0x16 src/syscalls.o
 .debug_macro   0x00000000000036b7       0x88 src/syscalls.o
 .debug_macro   0x000000000000373f      0x219 src/system_stm32f4xx.o

.debug_line     0x0000000000000000     0x9e69
 .debug_line    0x0000000000000000      0x77f StdPeriph_Driver/src/stm32f4xx_exti.o
 .debug_line    0x000000000000077f      0x857 StdPeriph_Driver/src/stm32f4xx_gpio.o
 .debug_line    0x0000000000000fd6      0xbd4 StdPeriph_Driver/src/stm32f4xx_rcc.o
 .debug_line    0x0000000000001baa      0x752 StdPeriph_Driver/src/stm32f4xx_syscfg.o
 .debug_line    0x00000000000022fc      0x99d StdPeriph_Driver/src/stm32f4xx_usart.o
 .debug_line    0x0000000000002c99      0x711 Third-Party/FreeRTOS/org/Source/list.o
 .debug_line    0x00000000000033aa     0x13ba Third-Party/FreeRTOS/org/Source/tasks.o
 .debug_line    0x0000000000004764      0x848 Third-Party/FreeRTOS/org/Source/portable/GCC/ARM_CM4F/port.o
 .debug_line    0x0000000000004fac      0x7f7 Third-Party/FreeRTOS/org/Source/portable/MemMang/heap_4.o
 .debug_line    0x00000000000057a3      0x632 Third-Party/SEGGER/Config/SEGGER_SYSVIEW_Config_FreeRTOS.o
 .debug_line    0x0000000000005dd5      0x7a2 Third-Party/SEGGER/OS/SEGGER_SYSVIEW_FreeRTOS.o
 .debug_line    0x0000000000006577      0x7f1 Third-Party/SEGGER/SEGGER/SEGGER_RTT.o