Archive member included to satisfy reference by file (symbol)

/home/py/Ac6/SystemWorkbench/plugins/fr.ac6.mcu.externaltools.arm-none.linux64_1.17.0.201812190825/tools/compiler/bin/../lib/gcc/arm-none-eabi/7.3.1/../../../../arm-none-eabi/lib/thumb/v7e-m/fpv4-sp/hard/libc.a(lib_a-errno.o)
                              src/syscalls.o (__errno)
/home/py/Ac6/SystemWorkbench/plugins/fr.ac6.mcu.externaltools.arm-none.linux64_1.17.0.201812190825/tools/compiler/bin/../lib/gcc/arm-none-eabi/7.3.1/../../../../arm-none-eabi/lib/thumb/v7e-m/fpv4-sp/hard/libc.a(lib_a-exit.o)
                              /home/py/Ac6/SystemWorkbench/plugins/fr.ac6.mcu.externaltools.arm-none.linux64_1.17.0.201812190825/tools/compiler/bin/../lib/gcc/arm-none-eabi/7.3.1/../../../../arm-none-eabi/lib/thumb/v7e-m/fpv4-sp/hard/crt0.o (exit)
/home/py/Ac6/SystemWorkbench/plugins/fr.ac6.mcu.externaltools.arm-none.linux64_1.17.0.201812190825/tools/compiler/bin/../lib/gcc/arm-none-eabi/7.3.1/../../../../arm-none-eabi/lib/thumb/v7e-m/fpv4-sp/hard/libc.a(lib_a-impure.o)
                              /home/py/Ac6/SystemWorkbench/plugins/fr.ac6.mcu.externaltools.arm-none.linux64_1.17.0.201812190825/tools/compiler/bin/../lib/gcc/arm-none-eabi/7.3.1/../../../../arm-none-eabi/lib/thumb/v7e-m/fpv4-sp/hard/libc.a(lib_a-exit.o) (_global_impure_ptr)
/home/py/Ac6/SystemWorkbench/plugins/fr.ac6.mcu.externaltools.arm-none.linux64_1.17.0.201812190825/tools/compiler/bin/../lib/gcc/arm-none-eabi/7.3.1/../../../../arm-none-eabi/lib/thumb/v7e-m/fpv4-sp/hard/libc.a(lib_a-init.o)
                              /home/py/Ac6/SystemWorkbench/plugins/fr.ac6.mcu.externaltools.arm-none.linux64_1.17.0.201812190825/tools/compiler/bin/../lib/gcc/arm-none-eabi/7.3.1/../../../../arm-none-eabi/lib/thumb/v7e-m/fpv4-sp/hard/crt0.o (__libc_init_array)
/home/py/Ac6/SystemWorkbench/plugins/fr.ac6.mcu.externaltools.arm-none.linux64_1.17.0.201812190825/tools/compiler/bin/../lib/gcc/arm-none-eabi/7.3.1/../../../../arm-none-eabi/lib/thumb/v7e-m/fpv4-sp/hard/libc.a(lib_a-memcmp.o)
                              Third-Party/SEGGER/OS/SEGGER_SYSVIEW_FreeRTOS.o (memcmp)
/home/py/Ac6/SystemWorkbench/plugins/fr.ac6.mcu.externaltools.arm-none.linux64_1.17.0.201812190825/tools/compiler/bin/../lib/gcc/arm-none-eabi/7.3.1/../../../../arm-none-eabi/lib/thumb/v7e-m/fpv4-sp/hard/libc.a(lib_a-memcpy.o)
                              Third-Party/FreeRTOS/org/Source/queue.o (memcpy)
/home/py/Ac6/SystemWorkbench/plugins/fr.ac6.mcu.externaltools.arm-none.linux64_1.17.0.201812190825/tools/compiler/bin/../lib/gcc/arm-none-eabi/7.3.1/../../../../arm-none-eabi/lib/thumb/v7e-m/fpv4-sp/hard/libc.a(lib_a-memset.o)
                              /home/py/Ac6/SystemWorkbench/plugins/fr.ac6.mcu.externaltools.arm-none.linux64_1.17.0.201812190825/tools/compiler/bin/../lib/gcc/arm-none-eabi/7.3.1/../../../../arm-none-eabi/lib/thumb/v7e-m/fpv4-sp/hard/crt0.o (memset)
/home/py/Ac6/SystemWorkbench/plugins/fr.ac6.mcu.externaltools.arm-none.linux64_1.17.0.201812190825/tools/compiler/bin/../lib/gcc/arm-none-eabi/7.3.1/../../../../arm-none-eabi/lib/thumb/v7e-m/fpv4-sp/hard/libc.a(lib_a-sprintf.o)
                              src/main.o (sprintf)
/home/py/Ac6/SystemWorkbench/plugins/fr.ac6.mcu.externaltools.arm-none.linux64_1.17.0.201812190825/tools/compiler/bin/../lib/gcc/arm-none-eabi/7.3.1/../../../../arm-none-eabi/lib/thumb/v7e-m/fpv4-sp/hard/libc.a(lib_a-strlen.o)
                              Third-Party/SEGGER/SEGGER/SEGGER_RTT.o (strlen)
/home/py/Ac6/SystemWorkbench/plugins/fr.ac6.mcu.externaltools.arm-none.linux64_1.17.0.201812190825/tools/compiler/bin/../lib/gcc/arm-none-eabi/7.3.1/../../../../arm-none-eabi/lib/thumb/v7e-m/fpv4-sp/hard/libc.a(lib_a-svfprintf.o)
                              /home/py/Ac6/SystemWorkbench/plugins/fr.ac6.mcu.externaltools.arm-none.linux64_1.17.0.201812190825/tools/compiler/bin/../lib/gcc/arm-none-eabi/7.3.1/../../../../arm-none-eabi/lib/thumb/v7e-m/fpv4-sp/hard/libc.a(lib_a-sprintf.o) (_svfprintf_r)
/home/py/Ac6/SystemWorkbench/plugins/fr.ac6.mcu.externaltools.arm-none.linux64_1.17.0.201812190825/tools/compiler/bin/../lib/gcc/arm-none-eabi/7.3.1/../../../../arm-none-eabi/lib/thumb/v7e-m/fpv4-sp/hard/libc.a(lib_a-__call_atexit.o)
                              /home/py/Ac6/SystemWorkbench/plugins/fr.ac6.mcu.externaltools.arm-none.linux64_1.17.0.201812190825/tools/compiler/bin/../lib/gcc/arm-none-eabi/7.3.1/../../../../arm-none-eabi/lib/thumb/v7e-m/fpv4-sp/hard/libc.a(lib_a-exit.o) (__call_exitprocs)
/home/py/Ac6/SystemWorkbench/plugins/fr.ac6.mcu.externaltools.arm-none.linux64_1.17.0.201812190825/tools/compiler/bin/../lib/gcc/arm-none-eabi/7.3.1/../../../../arm-none-eabi/lib/thumb/v7e-m/fpv4-sp/hard/libc.a(lib_a-atexit.o)
                              /home/py/Ac6/SystemWorkbench/plugins/fr.ac6.mcu.externaltools.arm-none.linux64_1.17.0.201812190825/tools/compiler/bin/../lib/gcc/arm-none-eabi/7.3.1/../../../../arm-none-eabi/lib/thumb/v7e-m/fpv4-sp/hard/libc.a(lib_a-__call_atexit.o) (atexit)
[...]
Memory Configuration

Name             Origin             Length             Attributes
RAM              0x0000000020000000 0x0000000000020000 xrw
ROM              0x0000000008000000 0x0000000000080000 xr
*default*        0x0000000000000000 0xffffffffffffffff

Linker script and memory map

LOAD /home/py/Ac6/SystemWorkbench/plugins/fr.ac6.mcu.externaltools.arm-none.linux64_1.17.0.201812190825/tools/compiler/bin/../lib/gcc/arm-none-eabi/7.3.1/thumb/v7e-m/fpv4-sp/hard/crti.o
LOAD /home/py/Ac6/SystemWorkbench/plugins/fr.ac6.mcu.externaltools.arm-none.linux64_1.17.0.201812190825/tools/compiler/bin/../lib/gcc/arm-none-eabi/7.3.1/thumb/v7e-m/fpv4-sp/hard/crtbegin.o
LOAD /home/py/Ac6/SystemWorkbench/plugins/fr.ac6.mcu.externaltools.arm-none.linux64_1.17.0.201812190825/tools/compiler/bin/../lib/gcc/arm-none-eabi/7.3.1/../../../../arm-none-eabi/lib/thumb/v7e-m/fpv4-sp/hard/crt0.o
LOAD StdPeriph_Driver/src/misc.o
LOAD StdPeriph_Driver/src/stm32f4xx_adc.o
LOAD StdPeriph_Driver/src/stm32f4xx_can.o
LOAD StdPeriph_Driver/src/stm32f4xx_cec.o
LOAD StdPeriph_Driver/src/stm32f4xx_crc.o
LOAD StdPeriph_Driver/src/stm32f4xx_cryp.o
LOAD StdPeriph_Driver/src/stm32f4xx_cryp_aes.o
LOAD StdPeriph_Driver/src/stm32f4xx_cryp_des.o
LOAD StdPeriph_Driver/src/stm32f4xx_cryp_tdes.o
LOAD StdPeriph_Driver/src/stm32f4xx_dac.o
LOAD StdPeriph_Driver/src/stm32f4xx_dbgmcu.o
LOAD StdPeriph_Driver/src/stm32f4xx_dcmi.o
LOAD StdPeriph_Driver/src/stm32f4xx_dfsdm.o
LOAD StdPeriph_Driver/src/stm32f4xx_dma.o
LOAD StdPeriph_Driver/src/stm32f4xx_dma2d.o
LOAD StdPeriph_Driver/src/stm32f4xx_dsi.o
LOAD StdPeriph_Driver/src/stm32f4xx_exti.o
LOAD StdPeriph_Driver/src/stm32f4xx_flash.o
LOAD StdPeriph_Driver/src/stm32f4xx_flash_ramfunc.o
LOAD StdPeriph_Driver/src/stm32f4xx_fmc.o
LOAD StdPeriph_Driver/src/stm32f4xx_fmip2c.o
LOAD StdPeriph_Driver/src/stm32f4xx_fsmc.o
LOAD StdPeriph_Driver/src/stm32f4xx_gpio.o
LOAD StdPeriph_Driver/src/stm32f4xx_hash.o
LOAD StdPeriph_Driver/src/stm32f4xx_hash_md5.o
LOAD StdPeriph_Driver/src/stm32f4xx_hash_sha1.o
LOAD StdPeriph_Driver/src/stm32f4xx_i2c.o
LOAD StdPeriph_Driver/src/stm32f4xx_iwdg.o
LOAD StdPeriph_Driver/src/stm32f4xx_lptim.o
LOAD StdPeriph_Driver/src/stm32f4xx_ltdc.o
LOAD StdPeriph_Driver/src/stm32f4xx_pwr.o
LOAD StdPeriph_Driver/src/stm32f4xx_qspi.o
LOAD StdPeriph_Driver/src/stm32f4xx_rcc.o
LOAD StdPeriph_Driver/src/stm32f4xx_rng.o
LOAD StdPeriph_Driver/src/stm32f4xx_rtc.o
LOAD StdPeriph_Driver/src/stm32f4xx_sai.o
LOAD StdPeriph_Driver/src/stm32f4xx_sdio.o
LOAD StdPeriph_Driver/src/stm32f4xx_spdifrx.o
LOAD StdPeriph_Driver/src/stm32f4xx_spi.o
LOAD StdPeriph_Driver/src/stm32f4xx_syscfg.o
LOAD StdPeriph_Driver/src/stm32f4xx_tim.o
LOAD StdPeriph_Driver/src/stm32f4xx_usart.o
LOAD StdPeriph_Driver/src/stm32f4xx_wwdg.o
LOAD Third-Party/FreeRTOS/org/Source/croutine.o
LOAD Third-Party/FreeRTOS/org/Source/event_groups.o
LOAD Third-Party/FreeRTOS/org/Source/list.o
LOAD Third-Party/FreeRTOS/org/Source/queue.o
LOAD Third-Party/FreeRTOS/org/Source/stream_buffer.o
LOAD Third-Party/FreeRTOS/org/Source/tasks.o
LOAD Third-Party/FreeRTOS/org/Source/timers.o
LOAD Third-Party/FreeRTOS/org/Source/portable/GCC/ARM_CM4F/port.o
LOAD Third-Party/FreeRTOS/org/Source/portable/MemMang/heap_4.o
LOAD Third-Party/SEGGER/Config/SEGGER_SYSVIEW_Config_FreeRTOS.o
LOAD Third-Party/SEGGER/OS/SEGGER_SYSVIEW_FreeRTOS.o
LOAD Third-Party/SEGGER/SEGGER/SEGGER_RTT.o
LOAD Third-Party/SEGGER/SEGGER/SEGGER_SYSVIEW.o
LOAD src/main.o
LOAD src/syscalls.o
LOAD src/system_stm32f4xx.o
LOAD startup/startup_stm32.o
LOAD /home/py/Ac6/SystemWorkbench/plugins/fr.ac6.mcu.externaltools.arm-none.linux64_1.17.0.201812190825/tools/compiler/bin/../lib/gcc/arm-none-eabi/7.3.1/../../../../arm-none-eabi/lib/thumb/v7e-m/fpv4-sp/hard/libm.a
START GROUP
LOAD /home/py/Ac6/SystemWorkbench/plugins/fr.ac6.mcu.externaltools.arm-none.linux64_1.17.0.201812190825/tools/compiler/bin/../lib/gcc/arm-none-eabi/7.3.1/thumb/v7e-m/fpv4-sp/hard/libgcc.a
LOAD /home/py/Ac6/SystemWorkbench/plugins/fr.ac6.mcu.externaltools.arm-none.linux64_1.17.0.201812190825/tools/compiler/bin/../lib/gcc/arm-none-eabi/7.3.1/../../../../arm-none-eabi/lib/thumb/v7e-m/fpv4-sp/hard/libc.a
END GROUP
LOAD /home/py/Ac6/SystemWorkbench/plugins/fr.ac6.mcu.externaltools.arm-none.linux64_1.17.0.201812190825/tools/compiler/bin/../lib/gcc/arm-none-eabi/7.3.1/thumb/v7e-m/fpv4-sp/hard/crtend.o
LOAD /home/py/Ac6/SystemWorkbench/plugins/fr.ac6.mcu.externaltools.arm-none.linux64_1.17.0.201812190825/tools/compiler/bin/../lib/gcc/arm-none-eabi/7.3.1/thumb/v7e-m/fpv4-sp/hard/crtn.o
                0x0000000020020000                _estack = 0x20020000
                0x0000000000000000                _Min_Heap_Size = 0x0
                0x0000000000000400                _Min_Stack_Size = 0x400

.isr_vector     0x0000000008000000      0x1c4
                0x0000000008000000                . = ALIGN (0x4)
 *(.isr_vector)
 .isr_vector    0x0000000008000000      0x1c4 startup/startup_stm32.o
                0x0000000008000000                g_pfnVectors
                0x00000000080001c4                . = ALIGN (0x4)

.text           0x0000000008000200     0x891c
                0x0000000008000200                . = ALIGN (0x4)
 *(.text)
 .text          0x0000000008000200       0x40 /home/py/Ac6/SystemWorkbench/plugins/fr.ac6.mcu.externaltools.arm-none.linux64_1.17.0.201812190825/tools/compiler/bin/../lib/gcc/arm-none-eabi/7.3.1/thumb/v7e-m/fpv4-sp/hard/crtbegin.o
 .text          0x0000000008000240      0x134 /home/py/Ac6/SystemWorkbench/plugins/fr.ac6.mcu.externaltools.arm-none.linux64_1.17.0.201812190825/tools/compiler/bin/../lib/gcc/arm-none-eabi/7.3.1/../../../../arm-none-eabi/lib/thumb/v7e-m/fpv4-sp/hard/libc.a(lib_a-memcpy.o)
                0x0000000008000240                memcpy
 *fill*         0x0000000008000374        0xc 
 .text          0x0000000008000380       0xdc /home/py/Ac6/SystemWorkbench/plugins/fr.ac6.mcu.externaltools.arm-none.linux64_1.17.0.201812190825/tools/compiler/bin/../lib/gcc/arm-none-eabi/7.3.1/../../../../arm-none-eabi/lib/thumb/v7e-m/fpv4-sp/hard/libc.a(lib_a-strlen.o)
                0x0000000008000380                strlen
 *fill*         0x000000000800045c        0x4 
 .text          0x0000000008000460       0xa0 /home/py/Ac6/SystemWorkbench/plugins/fr.ac6.mcu.externaltools.arm-none.linux64_1.17.0.201812190825/tools/compiler/bin/../lib/gcc/arm-none-eabi/7.3.1/../../../../arm-none-eabi/lib/thumb/v7e-m/fpv4-sp/hard/libc.a(lib_a-memchr.o)
                0x0000000008000460                memchr
 .text          0x0000000008000500      0x378 /home/py/Ac6/SystemWorkbench/plugins/fr.ac6.mcu.externaltools.arm-none.linux64_1.17.0.201812190825/tools/compiler/bin/../lib/gcc/arm-none-eabi/7.3.1/thumb/v7e-m/fpv4-sp/hard/libgcc.a(_arm_addsubdf3.o)
                0x0000000008000500                __aeabi_drsub
                0x0000000008000508                __aeabi_dsub
                0x0000000008000508                __subdf3
                0x000000000800050c                __adddf3
                0x000000000800050c                __aeabi_dadd
                0x0000000008000784                __aeabi_ui2d
                0x0000000008000784                __floatunsidf
                0x00000000080007a4                __floatsidf
                0x00000000080007a4                __aeabi_i2d
                0x00000000080007c8                __extendsfdf2
                0x00000000080007c8                __aeabi_f2d
                0x000000000800080c                __aeabi_ul2d
                0x000000000800080c                __floatundidf
                0x000000000800081c                __floatdidf
                0x000000000800081c                __aeabi_l2d
 .text          0x0000000008000878      0x424 /home/py/Ac6/SystemWorkbench/plugins/fr.ac6.mcu.externaltools.arm-none.linux64_1.17.0.201812190825/tools/compiler/bin/../lib/gcc/arm-none-eabi/7.3.1/thumb/v7e-m/fpv4-sp/hard/libgcc.a(_arm_muldivdf3.o)
                0x0000000008000878                __aeabi_dmul
                0x0000000008000878                __muldf3
                0x0000000008000acc                __aeabi_ddiv
                0x0000000008000acc                __divdf3
 .text          0x0000000008000c9c      0x110 /home/py/Ac6/SystemWorkbench/plugins/fr.ac6.mcu.externaltools.arm-none.linux64_1.17.0.201812190825/tools/compiler/bin/../lib/gcc/arm-none-eabi/7.3.1/thumb/v7e-m/fpv4-sp/hard/libgcc.a(_arm_cmpdf2.o)
                0x0000000008000c9c                __gtdf2
                0x0000000008000c9c                __gedf2
                0x0000000008000ca4                __ltdf2
                0x0000000008000ca4                __ledf2
                0x0000000008000cac                __cmpdf2
                0x0000000008000cac                __eqdf2
                0x0000000008000cac                __nedf2
                0x0000000008000d28                __aeabi_cdrcmple
                0x0000000008000d38                __aeabi_cdcmple
                0x0000000008000d38                __aeabi_cdcmpeq
                0x0000000008000d48                __aeabi_dcmpeq
                0x0000000008000d5c                __aeabi_dcmplt
                0x0000000008000d70                __aeabi_dcmple
                0x0000000008000d84                __aeabi_dcmpge
                0x0000000008000d98                __aeabi_dcmpgt
 .text          0x0000000008000dac       0x2c /home/py/Ac6/SystemWorkbench/plugins/fr.ac6.mcu.externaltools.arm-none.linux64_1.17.0.201812190825/tools/compiler/bin/../lib/gcc/arm-none-eabi/7.3.1/thumb/v7e-m/fpv4-sp/hard/libgcc.a(_arm_unorddf2.o)
                0x0000000008000dac                __aeabi_dcmpun
                0x0000000008000dac                __unorddf2
 .text          0x0000000008000dd8       0x50 /home/py/Ac6/SystemWorkbench/plugins/fr.ac6.mcu.externaltools.arm-none.linux64_1.17.0.201812190825/tools/compiler/bin/../lib/gcc/arm-none-eabi/7.3.1/thumb/v7e-m/fpv4-sp/hard/libgcc.a(_arm_fixdfsi.o)
                0x0000000008000dd8                __fixdfsi
                0x0000000008000dd8                __aeabi_d2iz
 .text          0x0000000008000e28       0x30 /home/py/Ac6/SystemWorkbench/plugins/fr.ac6.mcu.externaltools.arm-none.linux64_1.17.0.201812190825/tools/compiler/bin/../lib/gcc/arm-none-eabi/7.3.1/thumb/v7e-m/fpv4-sp/hard/libgcc.a(_aeabi_uldivmod.o)
                0x0000000008000e28                __aeabi_uldivmod
 .text          0x0000000008000e58      0x2cc /home/py/Ac6/SystemWorkbench/plugins/fr.ac6.mcu.externaltools.arm-none.linux64_1.17.0.201812190825/tools/compiler/bin/../lib/gcc/arm-none-eabi/7.3.1/thumb/v7e-m/fpv4-sp/hard/libgcc.a(_udivmoddi4.o)
                0x0000000008000e58                __udivmoddi4
 .text          0x0000000008001124        0x4 /home/py/Ac6/SystemWorkbench/plugins/fr.ac6.mcu.externaltools.arm-none.linux64_1.17.0.201812190825/tools/compiler/bin/../lib/gcc/arm-none-eabi/7.3.1/thumb/v7e-m/fpv4-sp/hard/libgcc.a(_dvmd_tls.o)
                0x0000000008001124                __aeabi_ldiv0
                0x0000000008001124                __aeabi_idiv0
 *(.text*)
 .text.GPIO_Init
                0x0000000008001128      0x11c StdPeriph_Driver/src/stm32f4xx_gpio.o
                0x0000000008001128                GPIO_Init
 .text.GPIO_ReadOutputDataBit
                0x0000000008001244       0x34 StdPeriph_Driver/src/stm32f4xx_gpio.o
                0x0000000008001244                GPIO_ReadOutputDataBit
 .text.GPIO_ToggleBits
                0x0000000008001278       0x24 StdPeriph_Driver/src/stm32f4xx_gpio.o
                0x0000000008001278                GPIO_ToggleBits
 .text.GPIO_PinAFConfig
                0x000000000800129c       0x92 StdPeriph_Driver/src/stm32f4xx_gpio.o
                0x000000000800129c                GPIO_PinAFConfig
 *fill*         0x000000000800132e        0x2 
 .text.RCC_DeInit
                0x0000000008001330       0x70 StdPeriph_Driver/src/stm32f4xx_rcc.o
                0x0000000008001330                RCC_DeInit
 .text.RCC_GetClocksFreq
                0x00000000080013a0      0x1f4 StdPeriph_Driver/src/stm32f4xx_rcc.o
                0x00000000080013a0                RCC_GetClocksFreq
 .text.RCC_AHB1PeriphClockCmd
                0x0000000008001594       0x40 StdPeriph_Driver/src/stm32f4xx_rcc.o
                0x0000000008001594                RCC_AHB1PeriphClockCmd
 .text.RCC_APB1PeriphClockCmd
                0x00000000080015d4       0x40 StdPeriph_Driver/src/stm32f4xx_rcc.o
                0x00000000080015d4                RCC_APB1PeriphClockCmd
 .text.USART_Init
                0x0000000008001614      0x174 StdPeriph_Driver/src/stm32f4xx_usart.o
                0x0000000008001614                USART_Init
 .text.USART_Cmd
                0x0000000008001788       0x40 StdPeriph_Driver/src/stm32f4xx_usart.o
                0x0000000008001788                USART_Cmd
 .text.USART_SendData
                0x00000000080017c8       0x24 StdPeriph_Driver/src/stm32f4xx_usart.o
                0x00000000080017c8                USART_SendData
 .text.USART_GetFlagStatus
                0x00000000080017ec       0x38 StdPeriph_Driver/src/stm32f4xx_usart.o
                0x00000000080017ec                USART_GetFlagStatus
 .text.vListInitialise
                0x0000000008001824       0x40 Third-Party/FreeRTOS/org/Source/list.o
                0x0000000008001824                vListInitialise
 .text.vListInitialiseItem
                0x0000000008001864       0x1a Third-Party/FreeRTOS/org/Source/list.o
                0x0000000008001864                vListInitialiseItem
 .text.vListInsertEnd
                0x000000000800187e       0x48 Third-Party/FreeRTOS/org/Source/list.o
                0x000000000800187e                vListInsertEnd
 .text.vListInsert
                0x00000000080018c6       0x72 Third-Party/FreeRTOS/org/Source/list.o
                0x00000000080018c6                vListInsert
 .text.uxListRemove
                0x0000000008001938       0x54 Third-Party/FreeRTOS/org/Source/list.o
                0x0000000008001938                uxListRemove
 .text.xTaskCreate
                0x000000000800198c       0x82 Third-Party/FreeRTOS/org/Source/tasks.o
                0x000000000800198c                xTaskCreate
 .text.prvInitialiseNewTask
                0x0000000008001a0e      0x126 Third-Party/FreeRTOS/org/Source/tasks.o
 .text.prvAddNewTaskToReadyList
                0x0000000008001b34      0x118 Third-Party/FreeRTOS/org/Source/tasks.o
 .text.vTaskDelay
                0x0000000008001c4c       0x70 Third-Party/FreeRTOS/org/Source/tasks.o
                0x0000000008001c4c                vTaskDelay
 .text.vTaskStartScheduler
                0x0000000008001cbc       0xac Third-Party/FreeRTOS/org/Source/tasks.o
                0x0000000008001cbc                vTaskStartScheduler
 .text.vTaskSuspendAll
                0x0000000008001d68       0x1c Third-Party/FreeRTOS/org/Source/tasks.o
                0x0000000008001d68                vTaskSuspendAll
 .text.xTaskResumeAll
                0x0000000008001d84      0x140 Third-Party/FreeRTOS/org/Source/tasks.o
                0x0000000008001d84                xTaskResumeAll
 .text.xTaskGetTickCountFromISR
                0x0000000008001ec4       0x24 Third-Party/FreeRTOS/org/Source/tasks.o
                0x0000000008001ec4                xTaskGetTickCountFromISR
 .text.xTaskIncrementTick
                0x0000000008001ee8      0x178 Third-Party/FreeRTOS/org/Source/tasks.o
                0x0000000008001ee8                xTaskIncrementTick
 .text.vTaskSwitchContext
                0x0000000008002060       0xd0 Third-Party/FreeRTOS/org/Source/tasks.o
                0x0000000008002060                vTaskSwitchContext
 .text.prvIdleTask
                0x0000000008002130       0x34 Third-Party/FreeRTOS/org/Source/tasks.o
 .text.prvInitialiseTaskLists
                0x0000000008002164       0x80 Third-Party/FreeRTOS/org/Source/tasks.o
 .text.prvCheckTasksWaitingTermination
                0x00000000080021e4       0x58 Third-Party/FreeRTOS/org/Source/tasks.o
 .text.prvDeleteTCB
                0x000000000800223c       0x20 Third-Party/FreeRTOS/org/Source/tasks.o
 .text.prvResetNextTaskUnblockTime
                0x000000000800225c       0x40 Third-Party/FreeRTOS/org/Source/tasks.o
 .text.prvAddCurrentTaskToDelayedList
                0x000000000800229c       0xf0 Third-Party/FreeRTOS/org/Source/tasks.o
 .text.pxPortInitialiseStack
                0x000000000800238c       0x68 Third-Party/FreeRTOS/org/Source/portable/GCC/ARM_CM4F/port.o
                0x000000000800238c                pxPortInitialiseStack
 .text.prvTaskExitError
                0x00000000080023f4       0x54 Third-Party/FreeRTOS/org/Source/portable/GCC/ARM_CM4F/port.o
 *fill*         0x0000000008002448        0x8 
 .text.SVC_Handler
                0x0000000008002450       0x28 Third-Party/FreeRTOS/org/Source/portable/GCC/ARM_CM4F/port.o
                0x0000000008002450                SVC_Handler
 .text.prvPortStartFirstTask
                0x0000000008002478       0x28 Third-Party/FreeRTOS/org/Source/portable/GCC/ARM_CM4F/port.o
 .text.xPortStartScheduler
                0x00000000080024a0      0x13c Third-Party/FreeRTOS/org/Source/portable/GCC/ARM_CM4F/port.o
                0x00000000080024a0                xPortStartScheduler
 .text.vPortEnterCritical
                0x00000000080025dc       0x5c Third-Party/FreeRTOS/org/Source/portable/GCC/ARM_CM4F/port.o
                0x00000000080025dc                vPortEnterCritical
 .text.vPortExitCritical
                0x0000000008002638       0x50 Third-Party/FreeRTOS/org/Source/portable/GCC/ARM_CM4F/port.o
                0x0000000008002638                vPortExitCritical
 *fill*         0x0000000008002688        0x8 
 .text.PendSV_Handler
                0x0000000008002690       0x68 Third-Party/FreeRTOS/org/Source/portable/GCC/ARM_CM4F/port.o
                0x0000000008002690                PendSV_Handler
 .text.SysTick_Handler
                0x00000000080026f8       0x54 Third-Party/FreeRTOS/org/Source/portable/GCC/ARM_CM4F/port.o
                0x00000000080026f8                SysTick_Handler
 .text.vPortSetupTimerInterrupt
                0x000000000800274c       0x48 Third-Party/FreeRTOS/org/Source/portable/GCC/ARM_CM4F/port.o
                0x000000000800274c                vPortSetupTimerInterrupt
 .text.vPortEnableVFP
                0x0000000008002794       0x14 Third-Party/FreeRTOS/org/Source/portable/GCC/ARM_CM4F/port.o
 .text.vPortValidateInterruptPriority
                0x00000000080027a8       0x7c Third-Party/FreeRTOS/org/Source/portable/GCC/ARM_CM4F/port.o
                0x00000000080027a8                vPortValidateInterruptPriority
 .text.pvPortMalloc
                0x0000000008002824      0x184 Third-Party/FreeRTOS/org/Source/portable/MemMang/heap_4.o
                0x0000000008002824                pvPortMalloc
 .text.vPortFree
                0x00000000080029a8       0xb0 Third-Party/FreeRTOS/org/Source/portable/MemMang/heap_4.o
                0x00000000080029a8                vPortFree
 .text.prvHeapInit
                0x0000000008002a58       0xc4 Third-Party/FreeRTOS/org/Source/portable/MemMang/heap_4.o
 .text.prvInsertBlockIntoFreeList
                0x0000000008002b1c       0xb4 Third-Party/FreeRTOS/org/Source/portable/MemMang/heap_4.o
 .text._cbSendSystemDesc
                0x0000000008002bd0       0x1c Third-Party/SEGGER/Config/SEGGER_SYSVIEW_Config_FreeRTOS.o
 .text.SEGGER_SYSVIEW_Conf
                0x0000000008002bec       0x2c Third-Party/SEGGER/Config/SEGGER_SYSVIEW_Config_FreeRTOS.o
                0x0000000008002bec                SEGGER_SYSVIEW_Conf
 .text._cbSendTaskList
                0x0000000008002c18       0x90 Third-Party/SEGGER/OS/SEGGER_SYSVIEW_FreeRTOS.o
 .text._cbGetTime
                0x0000000008002ca8       0x76 Third-Party/SEGGER/OS/SEGGER_SYSVIEW_FreeRTOS.o
 *fill*         0x0000000008002d1e        0x2 
 .text.SYSVIEW_AddTask
                0x0000000008002d20       0xd0 Third-Party/SEGGER/OS/SEGGER_SYSVIEW_FreeRTOS.o
                0x0000000008002d20                SYSVIEW_AddTask
 .text.SYSVIEW_SendTaskInfo
                0x0000000008002df0       0x42 Third-Party/SEGGER/OS/SEGGER_SYSVIEW_FreeRTOS.o
                0x0000000008002df0                SYSVIEW_SendTaskInfo
 *fill*         0x0000000008002e32        0x2 
 .text._DoInit  0x0000000008002e34       0xa4 Third-Party/SEGGER/SEGGER/SEGGER_RTT.o
 .text.SEGGER_RTT_ReadNoLock
                0x0000000008002ed8      0x104 Third-Party/SEGGER/SEGGER/SEGGER_RTT.o
                0x0000000008002ed8                SEGGER_RTT_ReadNoLock
 .text.SEGGER_RTT_WriteSkipNoLock
                0x0000000008002fdc      0x120 Third-Party/SEGGER/SEGGER/SEGGER_RTT.o
                0x0000000008002fdc                SEGGER_RTT_WriteSkipNoLock
 .text.SEGGER_RTT_ConfigUpBuffer
                0x00000000080030fc       0xd4 Third-Party/SEGGER/SEGGER/SEGGER_RTT.o
                0x00000000080030fc                SEGGER_RTT_ConfigUpBuffer
 .text.SEGGER_RTT_ConfigDownBuffer
                0x00000000080031d0       0xd4 Third-Party/SEGGER/SEGGER/SEGGER_RTT.o
                0x00000000080031d0                SEGGER_RTT_ConfigDownBuffer
 .text._EncodeStr
                0x00000000080032a4       0x9a Third-Party/SEGGER/SEGGER/SEGGER_SYSVIEW.o
 .text._PreparePacket
                0x000000000800333e       0x18 Third-Party/SEGGER/SEGGER/SEGGER_SYSVIEW.o
 .text._HandleIncomingPacket
                0x0000000008003356       0xb8 Third-Party/SEGGER/SEGGER/SEGGER_SYSVIEW.o
 *fill*         0x000000000800340e        0x2 
 .text._TrySendOverflowPacket
                0x0000000008003410       0xe0 Third-Party/SEGGER/SEGGER/SEGGER_SYSVIEW.o
 .text._SendPacket
                0x00000000080034f0      0x1a8 Third-Party/SEGGER/SEGGER/SEGGER_SYSVIEW.o
 .text.SEGGER_SYSVIEW_Init
                0x0000000008003698       0x7c Third-Party/SEGGER/SEGGER/SEGGER_SYSVIEW.o
                0x0000000008003698                SEGGER_SYSVIEW_Init
 .text.SEGGER_SYSVIEW_SetRAMBase
                0x0000000008003714       0x20 Third-Party/SEGGER/SEGGER/SEGGER_SYSVIEW.o
                0x0000000008003714                SEGGER_SYSVIEW_SetRAMBase
 .text.SEGGER_SYSVIEW_RecordVoid
                0x0000000008003734       0x3c Third-Party/SEGGER/SEGGER/SEGGER_SYSVIEW.o
                0x0000000008003734                SEGGER_SYSVIEW_RecordVoid
 .text.SEGGER_SYSVIEW_RecordU32
                0x0000000008003770       0x78 Third-Party/SEGGER/SEGGER/SEGGER_SYSVIEW.o
                0x0000000008003770                SEGGER_SYSVIEW_RecordU32
 .text.SEGGER_SYSVIEW_RecordU32x2
                0x00000000080037e8       0xb4 Third-Party/SEGGER/SEGGER/SEGGER_SYSVIEW.o
                0x00000000080037e8                SEGGER_SYSVIEW_RecordU32x2
 .text.SEGGER_SYSVIEW_Start
                0x000000000800389c      0x178 Third-Party/SEGGER/SEGGER/SEGGER_SYSVIEW.o
                0x000000000800389c                SEGGER_SYSVIEW_Start
 .text.SEGGER_SYSVIEW_Stop
                0x0000000008003a14       0x4c Third-Party/SEGGER/SEGGER/SEGGER_SYSVIEW.o
                0x0000000008003a14                SEGGER_SYSVIEW_Stop
 .text.SEGGER_SYSVIEW_GetSysDesc
                0x0000000008003a60      0x134 Third-Party/SEGGER/SEGGER/SEGGER_SYSVIEW.o
                0x0000000008003a60                SEGGER_SYSVIEW_GetSysDesc
 .text.SEGGER_SYSVIEW_SendTaskInfo
                0x0000000008003b94      0x1cc Third-Party/SEGGER/SEGGER/SEGGER_SYSVIEW.o
                0x0000000008003b94                SEGGER_SYSVIEW_SendTaskInfo
 .text.SEGGER_SYSVIEW_SendTaskList
                0x0000000008003d60       0x28 Third-Party/SEGGER/SEGGER/SEGGER_SYSVIEW.o
                0x0000000008003d60                SEGGER_SYSVIEW_SendTaskList
 .text.SEGGER_SYSVIEW_SendSysDesc
                0x0000000008003d88       0x48 Third-Party/SEGGER/SEGGER/SEGGER_SYSVIEW.o
                0x0000000008003d88                SEGGER_SYSVIEW_SendSysDesc
 .text.SEGGER_SYSVIEW_RecordSystime
                0x0000000008003dd0       0x60 Third-Party/SEGGER/SEGGER/SEGGER_SYSVIEW.o
                0x0000000008003dd0                SEGGER_SYSVIEW_RecordSystime
 .text.SEGGER_SYSVIEW_RecordEnterISR
                0x0000000008003e30       0x84 Third-Party/SEGGER/SEGGER/SEGGER_SYSVIEW.o
                0x0000000008003e30                SEGGER_SYSVIEW_RecordEnterISR
 .text.SEGGER_SYSVIEW_RecordExitISR
                0x0000000008003eb4       0x38 Third-Party/SEGGER/SEGGER/SEGGER_SYSVIEW.o
                0x0000000008003eb4                SEGGER_SYSVIEW_RecordExitISR
 .text.SEGGER_SYSVIEW_RecordExitISRToScheduler
                0x0000000008003eec       0x38 Third-Party/SEGGER/SEGGER/SEGGER_SYSVIEW.o
                0x0000000008003eec                SEGGER_SYSVIEW_RecordExitISRToScheduler
 .text.SEGGER_SYSVIEW_OnIdle
                0x0000000008003f24       0x38 Third-Party/SEGGER/SEGGER/SEGGER_SYSVIEW.o
                0x0000000008003f24                SEGGER_SYSVIEW_OnIdle
 .text.SEGGER_SYSVIEW_OnTaskCreate
                0x0000000008003f5c       0x88 Third-Party/SEGGER/SEGGER/SEGGER_SYSVIEW.o
                0x0000000008003f5c                SEGGER_SYSVIEW_OnTaskCreate
 .text.SEGGER_SYSVIEW_OnTaskStartExec
                0x0000000008003fe4       0x88 Third-Party/SEGGER/SEGGER/SEGGER_SYSVIEW.o
                0x0000000008003fe4                SEGGER_SYSVIEW_OnTaskStartExec
 .text.SEGGER_SYSVIEW_OnTaskStartReady
                0x000000000800406c       0x88 Third-Party/SEGGER/SEGGER/SEGGER_SYSVIEW.o
                0x000000000800406c                SEGGER_SYSVIEW_OnTaskStartReady
 .text.SEGGER_SYSVIEW_OnTaskStopReady
                0x00000000080040f4       0xc0 Third-Party/SEGGER/SEGGER/SEGGER_SYSVIEW.o
                0x00000000080040f4                SEGGER_SYSVIEW_OnTaskStopReady
 .text.SEGGER_SYSVIEW_SendModule
                0x00000000080041b4      0x100 Third-Party/SEGGER/SEGGER/SEGGER_SYSVIEW.o
                0x00000000080041b4                SEGGER_SYSVIEW_SendModule
 .text.SEGGER_SYSVIEW_SendModuleDescription
                0x00000000080042b4       0x3c Third-Party/SEGGER/SEGGER/SEGGER_SYSVIEW.o
                0x00000000080042b4                SEGGER_SYSVIEW_SendModuleDescription
 .text.SEGGER_SYSVIEW_SendNumModules
                0x00000000080042f0       0x7c Third-Party/SEGGER/SEGGER/SEGGER_SYSVIEW.o
                0x00000000080042f0                SEGGER_SYSVIEW_SendNumModules
 .text.SEGGER_SYSVIEW_Warn
                0x000000000800436c       0xb8 Third-Party/SEGGER/SEGGER/SEGGER_SYSVIEW.o
                0x000000000800436c                SEGGER_SYSVIEW_Warn
 .text.main     0x0000000008004424       0xa4 src/main.o
                0x0000000008004424                main
 .text.vTask1_handler
                0x00000000080044c8       0x38 src/main.o
                0x00000000080044c8                vTask1_handler
 .text.vTask2_handler
                0x0000000008004500       0x20 src/main.o
                0x0000000008004500                vTask2_handler
 .text.prvSetupHardware
                0x0000000008004520       0x10 src/main.o
 .text.printmsg
                0x0000000008004530       0x50 src/main.o
                0x0000000008004530                printmsg
 .text.prvSetupUart
                0x0000000008004580       0x9c src/main.o
 .text.prvSetupGpio
                0x000000000800461c       0x68 src/main.o
                0x000000000800461c                prvSetupGpio
 .text.vApplicationIdleHook
                0x0000000008004684       0x10 src/main.o
                0x0000000008004684                vApplicationIdleHook
 .text._sbrk    0x0000000008004694       0x58 src/syscalls.o
                0x0000000008004694                _sbrk
 .text.SystemInit
                0x00000000080046ec       0x6c src/system_stm32f4xx.o
                0x00000000080046ec                SystemInit
 .text.SystemCoreClockUpdate
                0x0000000008004758      0x19c src/system_stm32f4xx.o
                0x0000000008004758                SystemCoreClockUpdate
 .text.SetSysClock
                0x00000000080048f4      0x12c src/system_stm32f4xx.o
 .text.Reset_Handler
                0x0000000008004a20       0x50 startup/startup_stm32.o
                0x0000000008004a20                Reset_Handler
 .text.Default_Handler
                0x0000000008004a70        0x2 startup/startup_stm32.o
                0x0000000008004a70                RTC_Alarm_IRQHandler
                0x0000000008004a70                EXTI2_IRQHandler
                0x0000000008004a70                TIM8_CC_IRQHandler
                0x0000000008004a70                SPDIF_Rx_IRQHandler
                0x0000000008004a70                DebugMon_Handler
                0x0000000008004a70                SPI4_IRQHandler
                0x0000000008004a70                TIM1_CC_IRQHandler
                0x0000000008004a70                QuadSPI_IRQHandler
                0x0000000008004a70                DMA2_Stream5_IRQHandler
                0x0000000008004a70                HardFault_Handler
                0x0000000008004a70                DMA1_Stream5_IRQHandler
                0x0000000008004a70                PVD_IRQHandler
                0x0000000008004a70                SDIO_IRQHandler
                0x0000000008004a70                TAMP_STAMP_IRQHandler
                0x0000000008004a70                NMI_Handler
                0x0000000008004a70                CAN2_RX1_IRQHandler
                0x0000000008004a70                EXTI3_IRQHandler
                0x0000000008004a70                TIM8_TRG_COM_TIM14_IRQHandler
                0x0000000008004a70                TIM1_UP_TIM10_IRQHandler
                0x0000000008004a70                FMPI2C1_error_IRQHandler
                0x0000000008004a70                TIM8_UP_TIM13_IRQHandler
                0x0000000008004a70                I2C3_ER_IRQHandler
                0x0000000008004a70                EXTI0_IRQHandler
                0x0000000008004a70                I2C2_EV_IRQHandler
                0x0000000008004a70                DMA1_Stream2_IRQHandler
                0x0000000008004a70                CAN1_RX0_IRQHandler
                0x0000000008004a70                FPU_IRQHandler
                0x0000000008004a70                OTG_HS_WKUP_IRQHandler
                0x0000000008004a70                UsageFault_Handler
                0x0000000008004a70                CAN2_SCE_IRQHandler
                0x0000000008004a70                DMA2_Stream2_IRQHandler
                0x0000000008004a70                SPI1_IRQHandler
                0x0000000008004a70                TIM6_DAC_IRQHandler
                0x0000000008004a70                TIM1_BRK_TIM9_IRQHandler
                0x0000000008004a70                DCMI_IRQHandler
                0x0000000008004a70                CAN2_RX0_IRQHandler
                0x0000000008004a70                DMA2_Stream3_IRQHandler
                0x0000000008004a70                FMPI2C1_IRQHandler
                0x0000000008004a70                SAI2_IRQHandler
                0x0000000008004a70                USART6_IRQHandler
                0x0000000008004a70                USART3_IRQHandler
                0x0000000008004a70                CAN1_RX1_IRQHandler
                0x0000000008004a70                UART5_IRQHandler
                0x0000000008004a70                DMA2_Stream0_IRQHandler
                0x0000000008004a70                TIM4_IRQHandler
                0x0000000008004a70                I2C1_EV_IRQHandler
                0x0000000008004a70                HDMI_CEC_IRQHandler
                0x0000000008004a70                DMA1_Stream6_IRQHandler
                0x0000000008004a70                DMA1_Stream1_IRQHandler
                0x0000000008004a70                UART4_IRQHandler
                0x0000000008004a70                TIM3_IRQHandler
                0x0000000008004a70                RCC_IRQHandler
                0x0000000008004a70                TIM8_BRK_TIM12_IRQHandler
                0x0000000008004a70                Default_Handler
                0x0000000008004a70                EXTI15_10_IRQHandler
                0x0000000008004a70                ADC_IRQHandler
                0x0000000008004a70                DMA1_Stream7_IRQHandler
                0x0000000008004a70                TIM7_IRQHandler
                0x0000000008004a70                CAN2_TX_IRQHandler
                0x0000000008004a70                TIM5_IRQHandler
                0x0000000008004a70                DMA2_Stream7_IRQHandler
                0x0000000008004a70                I2C3_EV_IRQHandler
                0x0000000008004a70                EXTI9_5_IRQHandler
                0x0000000008004a70                RTC_WKUP_IRQHandler
                0x0000000008004a70                SPI2_IRQHandler
                0x0000000008004a70                OTG_HS_EP1_IN_IRQHandler
                0x0000000008004a70                MemManage_Handler
                0x0000000008004a70                DMA1_Stream0_IRQHandler
                0x0000000008004a70                CAN1_TX_IRQHandler
                0x0000000008004a70                EXTI4_IRQHandler
                0x0000000008004a70                OTG_HS_EP1_OUT_IRQHandler
                0x0000000008004a70                WWDG_IRQHandler
                0x0000000008004a70                TIM2_IRQHandler
                0x0000000008004a70                OTG_FS_WKUP_IRQHandler
                0x0000000008004a70                TIM1_TRG_COM_TIM11_IRQHandler
                0x0000000008004a70                OTG_HS_IRQHandler
                0x0000000008004a70                EXTI1_IRQHandler
                0x0000000008004a70                USART2_IRQHandler
                0x0000000008004a70                I2C2_ER_IRQHandler
                0x0000000008004a70                DMA2_Stream1_IRQHandler
                0x0000000008004a70                CAN1_SCE_IRQHandler
                0x0000000008004a70                FLASH_IRQHandler
                0x0000000008004a70                DMA2_Stream4_IRQHandler
                0x0000000008004a70                BusFault_Handler
                0x0000000008004a70                USART1_IRQHandler
                0x0000000008004a70                OTG_FS_IRQHandler
                0x0000000008004a70                SPI3_IRQHandler
                0x0000000008004a70                DMA1_Stream4_IRQHandler
                0x0000000008004a70                I2C1_ER_IRQHandler
                0x0000000008004a70                FMC_IRQHandler
                0x0000000008004a70                DMA2_Stream6_IRQHandler
                0x0000000008004a70                SAI1_IRQHandler
                0x0000000008004a70                DMA1_Stream3_IRQHandler
 *fill*         0x0000000008004a72        0x2 
 .text.__errno  0x0000000008004a74        0xc /home/py/Ac6/SystemWorkbench/plugins/fr.ac6.mcu.externaltools.arm-none.linux64_1.17.0.201812190825/tools/compiler/bin/../lib/gcc/arm-none-eabi/7.3.1/../../../../arm-none-eabi/lib/thumb/v7e-m/fpv4-sp/hard/libc.a(lib_a-errno.o)
                0x0000000008004a74                __errno
 .text.__libc_init_array
                0x0000000008004a80       0x48 /home/py/Ac6/SystemWorkbench/plugins/fr.ac6.mcu.externaltools.arm-none.linux64_1.17.0.201812190825/tools/compiler/bin/../lib/gcc/arm-none-eabi/7.3.1/../../../../arm-none-eabi/lib/thumb/v7e-m/fpv4-sp/hard/libc.a(lib_a-init.o)
                0x0000000008004a80                __libc_init_array
 .text.memcmp   0x0000000008004ac8       0x64 /home/py/Ac6/SystemWorkbench/plugins/fr.ac6.mcu.externaltools.arm-none.linux64_1.17.0.201812190825/tools/compiler/bin/../lib/gcc/arm-none-eabi/7.3.1/../../../../arm-none-eabi/lib/thumb/v7e-m/fpv4-sp/hard/libc.a(lib_a-memcmp.o)
                0x0000000008004ac8                memcmp
 .text.memset   0x0000000008004b2c       0x94 /home/py/Ac6/SystemWorkbench/plugins/fr.ac6.mcu.externaltools.arm-none.linux64_1.17.0.201812190825/tools/compiler/bin/../lib/gcc/arm-none-eabi/7.3.1/../../../../arm-none-eabi/lib/thumb/v7e-m/fpv4-sp/hard/libc.a(lib_a-memset.o)
                0x0000000008004b2c                memset
 .text.sprintf  0x0000000008004bc0       0x44 /home/py/Ac6/SystemWorkbench/plugins/fr.ac6.mcu.externaltools.arm-none.linux64_1.17.0.201812190825/tools/compiler/bin/../lib/gcc/arm-none-eabi/7.3.1/../../../../arm-none-eabi/lib/thumb/v7e-m/fpv4-sp/hard/libc.a(lib_a-sprintf.o)
                0x0000000008004bc0                sprintf
 *fill*         0x0000000008004c04        0x4 
 .text._svfprintf_r
                0x0000000008004c08     0x19cc /home/py/Ac6/SystemWorkbench/plugins/fr.ac6.mcu.externaltools.arm-none.linux64_1.17.0.201812190825/tools/compiler/bin/../lib/gcc/arm-none-eabi/7.3.1/../../../../arm-none-eabi/lib/thumb/v7e-m/fpv4-sp/hard/libc.a(lib_a-svfprintf.o)
                0x0000000008004c08                _svfprintf_r
 .text.startup.register_fini
                0x00000000080065d4       0x14 /home/py/Ac6/SystemWorkbench/plugins/fr.ac6.mcu.externaltools.arm-none.linux64_1.17.0.201812190825/tools/compiler/bin/../lib/gcc/arm-none-eabi/7.3.1/../../../../arm-none-eabi/lib/thumb/v7e-m/fpv4-sp/hard/libc.a(lib_a-__call_atexit.o)
 .text.atexit   0x00000000080065e8        0xc /home/py/Ac6/SystemWorkbench/plugins/fr.ac6.mcu.externaltools.arm-none.linux64_1.17.0.201812190825/tools/compiler/bin/../lib/gcc/arm-none-eabi/7.3.1/../../../../arm-none-eabi/lib/thumb/v7e-m/fpv4-sp/hard/libc.a(lib_a-atexit.o)
                0x00000000080065e8                atexit
 .text.quorem   0x00000000080065f4      0x124 /home/py/Ac6/SystemWorkbench/plugins/fr.ac6.mcu.externaltools.arm-none.linux64_1.17.0.201812190825/tools/compiler/bin/../lib/gcc/arm-none-eabi/7.3.1/../../../../arm-none-eabi/lib/thumb/v7e-m/fpv4-sp/hard/libc.a(lib_a-dtoa.o)
 .text._dtoa_r  0x0000000008006718      0xe20 /home/py/Ac6/SystemWorkbench/plugins/fr.ac6.mcu.externaltools.arm-none.linux64_1.17.0.201812190825/tools/compiler/bin/../lib/gcc/arm-none-eabi/7.3.1/../../../../arm-none-eabi/lib/thumb/v7e-m/fpv4-sp/hard/libc.a(lib_a-dtoa.o)
                0x0000000008006718                _dtoa_r
 .text.__libc_fini_array
                0x0000000008007538       0x34 /home/py/Ac6/SystemWorkbench/plugins/fr.ac6.mcu.externaltools.arm-none.linux64_1.17.0.201812190825/tools/compiler/bin/../lib/gcc/arm-none-eabi/7.3.1/../../../../arm-none-eabi/lib/thumb/v7e-m/fpv4-sp/hard/libc.a(lib_a-fini.o)
                0x0000000008007538                __libc_fini_array
 .text._malloc_trim_r
                0x000000000800756c       0xa0 /home/py/Ac6/SystemWorkbench/plugins/fr.ac6.mcu.externaltools.arm-none.linux64_1.17.0.201812190825/tools/compiler/bin/../lib/gcc/arm-none-eabi/7.3.1/../../../../arm-none-eabi/lib/thumb/v7e-m/fpv4-sp/hard/libc.a(lib_a-freer.o)
                0x000000000800756c                _malloc_trim_r
 .text._free_r  0x000000000800760c      0x1e8 /home/py/Ac6/SystemWorkbench/plugins/fr.ac6.mcu.externaltools.arm-none.linux64_1.17.0.201812190825/tools/compiler/bin/../lib/gcc/arm-none-eabi/7.3.1/../../../../arm-none-eabi/lib/thumb/v7e-m/fpv4-sp/hard/libc.a(lib_a-freer.o)
                0x000000000800760c                _free_r
 .text._localeconv_r
                0x00000000080077f4       0x1c /home/py/Ac6/SystemWorkbench/plugins/fr.ac6.mcu.externaltools.arm-none.linux64_1.17.0.201812190825/tools/compiler/bin/../lib/gcc/arm-none-eabi/7.3.1/../../../../arm-none-eabi/lib/thumb/v7e-m/fpv4-sp/hard/libc.a(lib_a-localeconv.o)
                0x00000000080077f4                _localeconv_r
 .text.__retarget_lock_acquire_recursive
                0x0000000008007810        0x4 /home/py/Ac6/SystemWorkbench/plugins/fr.ac6.mcu.externaltools.arm-none.linux64_1.17.0.201812190825/tools/compiler/bin/../lib/gcc/arm-none-eabi/7.3.1/../../../../arm-none-eabi/lib/thumb/v7e-m/fpv4-sp/hard/libc.a(lib_a-lock.o)
                0x0000000008007810                __retarget_lock_acquire_recursive
 .text.__retarget_lock_release_recursive
                0x0000000008007814        0x4 /home/py/Ac6/SystemWorkbench/plugins/fr.ac6.mcu.externaltools.arm-none.linux64_1.17.0.201812190825/tools/compiler/bin/../lib/gcc/arm-none-eabi/7.3.1/../../../../arm-none-eabi/lib/thumb/v7e-m/fpv4-sp/hard/libc.a(lib_a-lock.o)
                0x0000000008007814                __retarget_lock_release_recursive
 .text._malloc_r
                0x0000000008007818      0x548 /home/py/Ac6/SystemWorkbench/plugins/fr.ac6.mcu.externaltools.arm-none.linux64_1.17.0.201812190825/tools/compiler/bin/../lib/gcc/arm-none-eabi/7.3.1/../../../../arm-none-eabi/lib/thumb/v7e-m/fpv4-sp/hard/libc.a(lib_a-mallocr.o)
                0x0000000008007818                _malloc_r
 .text.__malloc_lock
                0x0000000008007d60        0xc /home/py/Ac6/SystemWorkbench/plugins/fr.ac6.mcu.externaltools.arm-none.linux64_1.17.0.201812190825/tools/compiler/bin/../lib/gcc/arm-none-eabi/7.3.1/../../../../arm-none-eabi/lib/thumb/v7e-m/fpv4-sp/hard/libc.a(lib_a-mlock.o)
                0x0000000008007d60                __malloc_lock
 .text.__malloc_unlock
                0x0000000008007d6c        0xc /home/py/Ac6/SystemWorkbench/plugins/fr.ac6.mcu.externaltools.arm-none.linux64_1.17.0.201812190825/tools/compiler/bin/../lib/gcc/arm-none-eabi/7.3.1/../../../../arm-none-eabi/lib/thumb/v7e-m/fpv4-sp/hard/libc.a(lib_a-mlock.o)
                0x0000000008007d6c                __malloc_unlock
 .text._Balloc  0x0000000008007d78       0x4c /home/py/Ac6/SystemWorkbench/plugins/fr.ac6.mcu.externaltools.arm-none.linux64_1.17.0.201812190825/tools/compiler/bin/../lib/gcc/arm-none-eabi/7.3.1/../../../../arm-none-eabi/lib/thumb/v7e-m/fpv4-sp/hard/libc.a(lib_a-mprec.o)
                0x0000000008007d78                _Balloc
 .text._Bfree   0x0000000008007dc4       0x14 /home/py/Ac6/SystemWorkbench/plugins/fr.ac6.mcu.externaltools.arm-none.linux64_1.17.0.201812190825/tools/compiler/bin/../lib/gcc/arm-none-eabi/7.3.1/../../../../arm-none-eabi/lib/thumb/v7e-m/fpv4-sp/hard/libc.a(lib_a-mprec.o)
                0x0000000008007dc4                _Bfree
 .text.__multadd
                0x0000000008007dd8       0x80 /home/py/Ac6/SystemWorkbench/plugins/fr.ac6.mcu.externaltools.arm-none.linux64_1.17.0.201812190825/tools/compiler/bin/../lib/gcc/arm-none-eabi/7.3.1/../../../../arm-none-eabi/lib/thumb/v7e-m/fpv4-sp/hard/libc.a(lib_a-mprec.o)
                0x0000000008007dd8                __multadd
 .text.__hi0bits
                0x0000000008007e58       0x40 /home/py/Ac6/SystemWorkbench/plugins/fr.ac6.mcu.externaltools.arm-none.linux64_1.17.0.201812190825/tools/compiler/bin/../lib/gcc/arm-none-eabi/7.3.1/../../../../arm-none-eabi/lib/thumb/v7e-m/fpv4-sp/hard/libc.a(lib_a-mprec.o)
                0x0000000008007e58                __hi0bits
 .text.__lo0bits
                0x0000000008007e98       0x60 /home/py/Ac6/SystemWorkbench/plugins/fr.ac6.mcu.externaltools.arm-none.linux64_1.17.0.201812190825/tools/compiler/bin/../lib/gcc/arm-none-eabi/7.3.1/../../../../arm-none-eabi/lib/thumb/v7e-m/fpv4-sp/hard/libc.a(lib_a-mprec.o)
                0x0000000008007e98                __lo0bits
 .text.__i2b    0x0000000008007ef8       0x14 /home/py/Ac6/SystemWorkbench/plugins/fr.ac6.mcu.externaltools.arm-none.linux64_1.17.0.201812190825/tools/compiler/bin/../lib/gcc/arm-none-eabi/7.3.1/../../../../arm-none-eabi/lib/thumb/v7e-m/fpv4-sp/hard/libc.a(lib_a-mprec.o)
                0x0000000008007ef8                __i2b
 .text.__multiply
                0x0000000008007f0c      0x14c /home/py/Ac6/SystemWorkbench/plugins/fr.ac6.mcu.externaltools.arm-none.linux64_1.17.0.201812190825/tools/compiler/bin/../lib/gcc/arm-none-eabi/7.3.1/../../../../arm-none-eabi/lib/thumb/v7e-m/fpv4-sp/hard/libc.a(lib_a-mprec.o)
                0x0000000008007f0c                __multiply
 .text.__pow5mult
                0x0000000008008058       0xa0 /home/py/Ac6/SystemWorkbench/plugins/fr.ac6.mcu.externaltools.arm-none.linux64_1.17.0.201812190825/tools/compiler/bin/../lib/gcc/arm-none-eabi/7.3.1/../../../../arm-none-eabi/lib/thumb/v7e-m/fpv4-sp/hard/libc.a(lib_a-mprec.o)
                0x0000000008008058                __pow5mult
 .text.__lshift
                0x00000000080080f8       0xac /home/py/Ac6/SystemWorkbench/plugins/fr.ac6.mcu.externaltools.arm-none.linux64_1.17.0.201812190825/tools/compiler/bin/../lib/gcc/arm-none-eabi/7.3.1/../../../../arm-none-eabi/lib/thumb/v7e-m/fpv4-sp/hard/libc.a(lib_a-mprec.o)
                0x00000000080080f8                __lshift
 .text.__mcmp   0x00000000080081a4       0x38 /home/py/Ac6/SystemWorkbench/plugins/fr.ac6.mcu.externaltools.arm-none.linux64_1.17.0.201812190825/tools/compiler/bin/../lib/gcc/arm-none-eabi/7.3.1/../../../../arm-none-eabi/lib/thumb/v7e-m/fpv4-sp/hard/libc.a(lib_a-mprec.o)
                0x00000000080081a4                __mcmp
 .text.__mdiff  0x00000000080081dc       0xec /home/py/Ac6/SystemWorkbench/plugins/fr.ac6.mcu.externaltools.arm-none.linux64_1.17.0.201812190825/tools/compiler/bin/../lib/gcc/arm-none-eabi/7.3.1/../../../../arm-none-eabi/lib/thumb/v7e-m/fpv4-sp/hard/libc.a(lib_a-mprec.o)
                0x00000000080081dc                __mdiff
 .text.__d2b    0x00000000080082c8       0xc4 /home/py/Ac6/SystemWorkbench/plugins/fr.ac6.mcu.externaltools.arm-none.linux64_1.17.0.201812190825/tools/compiler/bin/../lib/gcc/arm-none-eabi/7.3.1/../../../../arm-none-eabi/lib/thumb/v7e-m/fpv4-sp/hard/libc.a(lib_a-mprec.o)
                0x00000000080082c8                __d2b
 .text.frexp    0x000000000800838c       0x68 /home/py/Ac6/SystemWorkbench/plugins/fr.ac6.mcu.externaltools.arm-none.linux64_1.17.0.201812190825/tools/compiler/bin/../lib/gcc/arm-none-eabi/7.3.1/../../../../arm-none-eabi/lib/thumb/v7e-m/fpv4-sp/hard/libc.a(lib_a-s_frexp.o)
                0x000000000800838c                frexp
 .text._sbrk_r  0x00000000080083f4       0x24 /home/py/Ac6/SystemWorkbench/plugins/fr.ac6.mcu.externaltools.arm-none.linux64_1.17.0.201812190825/tools/compiler/bin/../lib/gcc/arm-none-eabi/7.3.1/../../../../arm-none-eabi/lib/thumb/v7e-m/fpv4-sp/hard/libc.a(lib_a-sbrkr.o)
                0x00000000080083f4                _sbrk_r
 .text.strncpy  0x0000000008008418       0x64 /home/py/Ac6/SystemWorkbench/plugins/fr.ac6.mcu.externaltools.arm-none.linux64_1.17.0.201812190825/tools/compiler/bin/../lib/gcc/arm-none-eabi/7.3.1/../../../../arm-none-eabi/lib/thumb/v7e-m/fpv4-sp/hard/libc.a(lib_a-strncpy.o)
                0x0000000008008418                strncpy
 .text.__ssprint_r
                0x000000000800847c       0xf4 /home/py/Ac6/SystemWorkbench/plugins/fr.ac6.mcu.externaltools.arm-none.linux64_1.17.0.201812190825/tools/compiler/bin/../lib/gcc/arm-none-eabi/7.3.1/../../../../arm-none-eabi/lib/thumb/v7e-m/fpv4-sp/hard/libc.a(lib_a-svfiprintf.o)
                0x000000000800847c                __ssprint_r
 .text.__register_exitproc
                0x0000000008008570       0xc0 /home/py/Ac6/SystemWorkbench/plugins/fr.ac6.mcu.externaltools.arm-none.linux64_1.17.0.201812190825/tools/compiler/bin/../lib/gcc/arm-none-eabi/7.3.1/../../../../arm-none-eabi/lib/thumb/v7e-m/fpv4-sp/hard/libc.a(lib_a-__atexit.o)
                0x0000000008008570                __register_exitproc
 .text._calloc_r
                0x0000000008008630       0x68 /home/py/Ac6/SystemWorkbench/plugins/fr.ac6.mcu.externaltools.arm-none.linux64_1.17.0.201812190825/tools/compiler/bin/../lib/gcc/arm-none-eabi/7.3.1/../../../../arm-none-eabi/lib/thumb/v7e-m/fpv4-sp/hard/libc.a(lib_a-callocr.o)
                0x0000000008008630                _calloc_r
 .text.__ascii_mbtowc
                0x0000000008008698       0x2c /home/py/Ac6/SystemWorkbench/plugins/fr.ac6.mcu.externaltools.arm-none.linux64_1.17.0.201812190825/tools/compiler/bin/../lib/gcc/arm-none-eabi/7.3.1/../../../../arm-none-eabi/lib/thumb/v7e-m/fpv4-sp/hard/libc.a(lib_a-mbtowc_r.o)
                0x0000000008008698                __ascii_mbtowc
 .text.memmove  0x00000000080086c4       0xc8 /home/py/Ac6/SystemWorkbench/plugins/fr.ac6.mcu.externaltools.arm-none.linux64_1.17.0.201812190825/tools/compiler/bin/../lib/gcc/arm-none-eabi/7.3.1/../../../../arm-none-eabi/lib/thumb/v7e-m/fpv4-sp/hard/libc.a(lib_a-memmove.o)
                0x00000000080086c4                memmove
 .text._realloc_r
                0x000000000800878c      0x35c /home/py/Ac6/SystemWorkbench/plugins/fr.ac6.mcu.externaltools.arm-none.linux64_1.17.0.201812190825/tools/compiler/bin/../lib/gcc/arm-none-eabi/7.3.1/../../../../arm-none-eabi/lib/thumb/v7e-m/fpv4-sp/hard/libc.a(lib_a-reallocr.o)
                0x000000000800878c                _realloc_r
 .text.__ascii_wctomb
                0x0000000008008ae8       0x1c /home/py/Ac6/SystemWorkbench/plugins/fr.ac6.mcu.externaltools.arm-none.linux64_1.17.0.201812190825/tools/compiler/bin/../lib/gcc/arm-none-eabi/7.3.1/../../../../arm-none-eabi/lib/thumb/v7e-m/fpv4-sp/hard/libc.a(lib_a-wctomb_r.o)
                0x0000000008008ae8                __ascii_wctomb
 *(.glue_7)
 .glue_7        0x0000000008008b04        0x0 linker stubs
 *(.glue_7t)
 .glue_7t       0x0000000008008b04        0x0 linker stubs
 *(.eh_frame)
 .eh_frame      0x0000000008008b04        0x0 /home/py/Ac6/SystemWorkbench/plugins/fr.ac6.mcu.externaltools.arm-none.linux64_1.17.0.201812190825/tools/compiler/bin/../lib/gcc/arm-none-eabi/7.3.1/thumb/v7e-m/fpv4-sp/hard/crtbegin.o
 *(.init)
 .init          0x0000000008008b04        0x4 /home/py/Ac6/SystemWorkbench/plugins/fr.ac6.mcu.externaltools.arm-none.linux64_1.17.0.201812190825/tools/compiler/bin/../lib/gcc/arm-none-eabi/7.3.1/thumb/v7e-m/fpv4-sp/hard/crti.o
                0x0000000008008b04                _init
 .init          0x0000000008008b08        0x8 /home/py/Ac6/SystemWorkbench/plugins/fr.ac6.mcu.externaltools.arm-none.linux64_1.17.0.201812190825/tools/compiler/bin/../lib/gcc/arm-none-eabi/7.3.1/thumb/v7e-m/fpv4-sp/hard/crtn.o
 *(.fini)
 .fini          0x0000000008008b10        0x4 /home/py/Ac6/SystemWorkbench/plugins/fr.ac6.mcu.externaltools.arm-none.linux64_1.17.0.201812190825/tools/compiler/bin/../lib/gcc/arm-none-eabi/7.3.1/thumb/v7e-m/fpv4-sp/hard/crti.o
                0x0000000008008b10                _fini
 .fini          0x0000000008008b14        0x8 /home/py/Ac6/SystemWorkbench/plugins/fr.ac6.mcu.externaltools.arm-none.linux64_1.17.0.201812190825/tools/compiler/bin/../lib/gcc/arm-none-eabi/7.3.1/thumb/v7e-m/fpv4-sp/hard/crtn.o
                0x0000000008008b1c                . = ALIGN (0x4)
                0x0000000008008b1c                _etext = .

.vfp11_veneer   0x0000000008008b1c        0x0
 .vfp11_veneer  0x0000000008008b1c        0x0 linker stubs

.v4_bx          0x0000000008008b1c        0x0
 .v4_bx         0x0000000008008b1c        0x0 linker stubs

.iplt           0x0000000008008b1c        0x0
 .iplt          0x0000000008008b1c        0x0 /home/py/Ac6/SystemWorkbench/plugins/fr.ac6.mcu.externaltools.arm-none.linux64_1.17.0.201812190825/tools/compiler/bin/../lib/gcc/arm-none-eabi/7.3.1/thumb/v7e-m/fpv4-sp/hard/crtbegin.o

.rodata         0x0000000008008b20      0x3d8
                0x0000000008008b20                . = ALIGN (0x4)
 *(.rodata)
 .rodata        0x0000000008008b20        0x5 Third-Party/FreeRTOS/org/Source/tasks.o
 *fill*         0x0000000008008b25        0x3 
 .rodata        0x0000000008008b28       0x51 Third-Party/SEGGER/Config/SEGGER_SYSVIEW_Config_FreeRTOS.o
 *fill*         0x0000000008008b79        0x3 
 .rodata        0x0000000008008b7c       0x60 Third-Party/SEGGER/OS/SEGGER_SYSVIEW_FreeRTOS.o
                0x0000000008008bd4                SYSVIEW_X_OS_TraceAPI
 .rodata        0x0000000008008bdc       0x17 Third-Party/SEGGER/SEGGER/SEGGER_RTT.o
 *fill*         0x0000000008008bf3        0x1 
 .rodata        0x0000000008008bf4       0x24 Third-Party/SEGGER/SEGGER/SEGGER_SYSVIEW.o
 .rodata        0x0000000008008c18       0x54 src/main.o
 *(.rodata*)
 .rodata._global_impure_ptr
                0x0000000008008c6c        0x4 /home/py/Ac6/SystemWorkbench/plugins/fr.ac6.mcu.externaltools.arm-none.linux64_1.17.0.201812190825/tools/compiler/bin/../lib/gcc/arm-none-eabi/7.3.1/../../../../arm-none-eabi/lib/thumb/v7e-m/fpv4-sp/hard/libc.a(lib_a-impure.o)
                0x0000000008008c6c                _global_impure_ptr
 .rodata._svfprintf_r.str1.4
                0x0000000008008c70       0x42 /home/py/Ac6/SystemWorkbench/plugins/fr.ac6.mcu.externaltools.arm-none.linux64_1.17.0.201812190825/tools/compiler/bin/../lib/gcc/arm-none-eabi/7.3.1/../../../../arm-none-eabi/lib/thumb/v7e-m/fpv4-sp/hard/libc.a(lib_a-svfprintf.o)
 *fill*         0x0000000008008cb2        0x2 
 .rodata.blanks.8590
                0x0000000008008cb4       0x10 /home/py/Ac6/SystemWorkbench/plugins/fr.ac6.mcu.externaltools.arm-none.linux64_1.17.0.201812190825/tools/compiler/bin/../lib/gcc/arm-none-eabi/7.3.1/../../../../arm-none-eabi/lib/thumb/v7e-m/fpv4-sp/hard/libc.a(lib_a-svfprintf.o)
 .rodata.zeroes.8591
                0x0000000008008cc4       0x10 /home/py/Ac6/SystemWorkbench/plugins/fr.ac6.mcu.externaltools.arm-none.linux64_1.17.0.201812190825/tools/compiler/bin/../lib/gcc/arm-none-eabi/7.3.1/../../../../arm-none-eabi/lib/thumb/v7e-m/fpv4-sp/hard/libc.a(lib_a-svfprintf.o)
 .rodata._dtoa_r.str1.4
                0x0000000008008cd4       0x10 /home/py/Ac6/SystemWorkbench/plugins/fr.ac6.mcu.externaltools.arm-none.linux64_1.17.0.201812190825/tools/compiler/bin/../lib/gcc/arm-none-eabi/7.3.1/../../../../arm-none-eabi/lib/thumb/v7e-m/fpv4-sp/hard/libc.a(lib_a-dtoa.o)
                                         0x12 (size before relaxing)
 *fill*         0x0000000008008ce4        0x4 
 .rodata.__mprec_bigtens
                0x0000000008008ce8       0x28 /home/py/Ac6/SystemWorkbench/plugins/fr.ac6.mcu.externaltools.arm-none.linux64_1.17.0.201812190825/tools/compiler/bin/../lib/gcc/arm-none-eabi/7.3.1/../../../../arm-none-eabi/lib/thumb/v7e-m/fpv4-sp/hard/libc.a(lib_a-mprec.o)
                0x0000000008008ce8                __mprec_bigtens
 .rodata.__mprec_tens
                0x0000000008008d10       0xc8 /home/py/Ac6/SystemWorkbench/plugins/fr.ac6.mcu.externaltools.arm-none.linux64_1.17.0.201812190825/tools/compiler/bin/../lib/gcc/arm-none-eabi/7.3.1/../../../../arm-none-eabi/lib/thumb/v7e-m/fpv4-sp/hard/libc.a(lib_a-mprec.o)
                0x0000000008008d10                __mprec_tens
 .rodata.p05.7367
                0x0000000008008dd8        0xc /home/py/Ac6/SystemWorkbench/plugins/fr.ac6.mcu.externaltools.arm-none.linux64_1.17.0.201812190825/tools/compiler/bin/../lib/gcc/arm-none-eabi/7.3.1/../../../../arm-none-eabi/lib/thumb/v7e-m/fpv4-sp/hard/libc.a(lib_a-mprec.o)
 .rodata._setlocale_r.str1.4
                0x0000000008008de4        0xa /home/py/Ac6/SystemWorkbench/plugins/fr.ac6.mcu.externaltools.arm-none.linux64_1.17.0.201812190825/tools/compiler/bin/../lib/gcc/arm-none-eabi/7.3.1/../../../../arm-none-eabi/lib/thumb/v7e-m/fpv4-sp/hard/libc.a(lib_a-locale.o)
                                          0xd (size before relaxing)
 *fill*         0x0000000008008dee        0x2 
 .rodata.str1.4
                0x0000000008008df0        0x4 /home/py/Ac6/SystemWorkbench/plugins/fr.ac6.mcu.externaltools.arm-none.linux64_1.17.0.201812190825/tools/compiler/bin/../lib/gcc/arm-none-eabi/7.3.1/../../../../arm-none-eabi/lib/thumb/v7e-m/fpv4-sp/hard/libc.a(lib_a-locale.o)
                                          0x2 (size before relaxing)
 .rodata._ctype_
                0x0000000008008df4      0x101 /home/py/Ac6/SystemWorkbench/plugins/fr.ac6.mcu.externaltools.arm-none.linux64_1.17.0.201812190825/tools/compiler/bin/../lib/gcc/arm-none-eabi/7.3.1/../../../../arm-none-eabi/lib/thumb/v7e-m/fpv4-sp/hard/libc.a(lib_a-ctype_.o)
                0x0000000008008df4                _ctype_
                0x0000000008008ef8                . = ALIGN (0x4)
 *fill*         0x0000000008008ef5        0x3 

.ARM.extab      0x0000000008008ef8        0x0
                0x0000000008008ef8                . = ALIGN (0x4)
 *(.ARM.extab* .gnu.linkonce.armextab.*)
                0x0000000008008ef8                . = ALIGN (0x4)

.ARM            0x0000000008008ef8        0x8
                0x0000000008008ef8                . = ALIGN (0x4)
                0x0000000008008ef8                __exidx_start = .
 *(.ARM.exidx*)
 .ARM.exidx     0x0000000008008ef8        0x8 /home/py/Ac6/SystemWorkbench/plugins/fr.ac6.mcu.externaltools.arm-none.linux64_1.17.0.201812190825/tools/compiler/bin/../lib/gcc/arm-none-eabi/7.3.1/thumb/v7e-m/fpv4-sp/hard/libgcc.a(_udivmoddi4.o)
                0x0000000008008f00                __exidx_end = .
                0x0000000008008f00                . = ALIGN (0x4)

.rel.dyn        0x0000000008008f00        0x0
 .rel.iplt      0x0000000008008f00        0x0 /home/py/Ac6/SystemWorkbench/plugins/fr.ac6.mcu.externaltools.arm-none.linux64_1.17.0.201812190825/tools/compiler/bin/../lib/gcc/arm-none-eabi/7.3.1/thumb/v7e-m/fpv4-sp/hard/crtbegin.o

.preinit_array  0x0000000008008f00        0x0
                0x0000000008008f00                . = ALIGN (0x4)
                0x0000000008008f00                PROVIDE (__preinit_array_start = .)
 *(.preinit_array*)
                0x0000000008008f00                PROVIDE (__preinit_array_end = .)
                0x0000000008008f00                . = ALIGN (0x4)

.init_array     0x0000000008008f00        0x8
                0x0000000008008f00                . = ALIGN (0x4)
                0x0000000008008f00                PROVIDE (__init_array_start = .)
 *(SORT_BY_NAME(.init_array.*))
 .init_array.00000
                0x0000000008008f00        0x4 /home/py/Ac6/SystemWorkbench/plugins/fr.ac6.mcu.externaltools.arm-none.linux64_1.17.0.201812190825/tools/compiler/bin/../lib/gcc/arm-none-eabi/7.3.1/../../../../arm-none-eabi/lib/thumb/v7e-m/fpv4-sp/hard/libc.a(lib_a-__call_atexit.o)
 *(.init_array*)
 .init_array    0x0000000008008f04        0x4 /home/py/Ac6/SystemWorkbench/plugins/fr.ac6.mcu.externaltools.arm-none.linux64_1.17.0.201812190825/tools/compiler/bin/../lib/gcc/arm-none-eabi/7.3.1/thumb/v7e-m/fpv4-sp/hard/crtbegin.o
                0x0000000008008f08                PROVIDE (__init_array_end = .)
                0x0000000008008f08                . = ALIGN (0x4)

.fini_array     0x0000000008008f08        0x4
                0x0000000008008f08                . = ALIGN (0x4)
                0x0000000008008f08                PROVIDE (__fini_array_start = .)
 *(SORT_BY_NAME(.fini_array.*))
 *(.fini_array*)
 .fini_array    0x0000000008008f08        0x4 /home/py/Ac6/SystemWorkbench/plugins/fr.ac6.mcu.externaltools.arm-none.linux64_1.17.0.201812190825/tools/compiler/bin/../lib/gcc/arm-none-eabi/7.3.1/thumb/v7e-m/fpv4-sp/hard/crtbegin.o
                0x0000000008008f0c                PROVIDE (__fini_array_end = .)
                0x0000000008008f0c                . = ALIGN (0x4)
                0x0000000008008f0c                _sidata = LOADADDR (.data)

.data           0x0000000020000000      0x9d8 load address 0x0000000008008f0c
                0x0000000020000000                . = ALIGN (0x4)
                0x0000000020000000                _sdata = .
 *(.data)
 .data          0x0000000020000000       0x10 StdPeriph_Driver/src/stm32f4xx_rcc.o
 .data          0x0000000020000010        0x4 Third-Party/FreeRTOS/org/Source/portable/GCC/ARM_CM4F/port.o
 .data          0x0000000020000014       0x14 src/system_stm32f4xx.o
                0x0000000020000014                SystemCoreClock
                0x0000000020000018                AHBPrescTable
 *(.data*)
 .data._impure_ptr
                0x0000000020000028        0x4 /home/py/Ac6/SystemWorkbench/plugins/fr.ac6.mcu.externaltools.arm-none.linux64_1.17.0.201812190825/tools/compiler/bin/../lib/gcc/arm-none-eabi/7.3.1/../../../../arm-none-eabi/lib/thumb/v7e-m/fpv4-sp/hard/libc.a(lib_a-impure.o)
                0x0000000020000028                _impure_ptr
 *fill*         0x000000002000002c        0x4 
 .data.impure_data
                0x0000000020000030      0x428 /home/py/Ac6/SystemWorkbench/plugins/fr.ac6.mcu.externaltools.arm-none.linux64_1.17.0.201812190825/tools/compiler/bin/../lib/gcc/arm-none-eabi/7.3.1/../../../../arm-none-eabi/lib/thumb/v7e-m/fpv4-sp/hard/libc.a(lib_a-impure.o)
 .data.__atexit_recursive_mutex
                0x0000000020000458        0x4 /home/py/Ac6/SystemWorkbench/plugins/fr.ac6.mcu.externaltools.arm-none.linux64_1.17.0.201812190825/tools/compiler/bin/../lib/gcc/arm-none-eabi/7.3.1/../../../../arm-none-eabi/lib/thumb/v7e-m/fpv4-sp/hard/libc.a(lib_a-__call_atexit.o)
                0x0000000020000458                __atexit_recursive_mutex
 .data.__malloc_av_
                0x000000002000045c      0x408 /home/py/Ac6/SystemWorkbench/plugins/fr.ac6.mcu.externaltools.arm-none.linux64_1.17.0.201812190825/tools/compiler/bin/../lib/gcc/arm-none-eabi/7.3.1/../../../../arm-none-eabi/lib/thumb/v7e-m/fpv4-sp/hard/libc.a(lib_a-mallocr.o)
                0x000000002000045c                __malloc_av_
 .data.__malloc_sbrk_base
                0x0000000020000864        0x4 /home/py/Ac6/SystemWorkbench/plugins/fr.ac6.mcu.externaltools.arm-none.linux64_1.17.0.201812190825/tools/compiler/bin/../lib/gcc/arm-none-eabi/7.3.1/../../../../arm-none-eabi/lib/thumb/v7e-m/fpv4-sp/hard/libc.a(lib_a-mallocr.o)
                0x0000000020000864                __malloc_sbrk_base
 .data.__malloc_trim_threshold
                0x0000000020000868        0x4 /home/py/Ac6/SystemWorkbench/plugins/fr.ac6.mcu.externaltools.arm-none.linux64_1.17.0.201812190825/tools/compiler/bin/../lib/gcc/arm-none-eabi/7.3.1/../../../../arm-none-eabi/lib/thumb/v7e-m/fpv4-sp/hard/libc.a(lib_a-mallocr.o)
                0x0000000020000868                __malloc_trim_threshold
 .data.__global_locale
                0x000000002000086c      0x16c /home/py/Ac6/SystemWorkbench/plugins/fr.ac6.mcu.externaltools.arm-none.linux64_1.17.0.201812190825/tools/compiler/bin/../lib/gcc/arm-none-eabi/7.3.1/../../../../arm-none-eabi/lib/thumb/v7e-m/fpv4-sp/hard/libc.a(lib_a-locale.o)
                0x000000002000086c                __global_locale
                0x00000000200009d8                . = ALIGN (0x4)
                0x00000000200009d8                _edata = .

.igot.plt       0x00000000200009d8        0x0 load address 0x00000000080098e4
 .igot.plt      0x00000000200009d8        0x0 /home/py/Ac6/SystemWorkbench/plugins/fr.ac6.mcu.externaltools.arm-none.linux64_1.17.0.201812190825/tools/compiler/bin/../lib/gcc/arm-none-eabi/7.3.1/thumb/v7e-m/fpv4-sp/hard/crtbegin.o
                0x00000000200009d8                . = ALIGN (0x4)

.bss            0x00000000200009d8    0x17524 load address 0x00000000080098e4
                0x00000000200009d8                _sbss = .
                0x00000000200009d8                __bss_start__ = _sbss
 *(.bss)
 .bss           0x00000000200009d8       0x1c /home/py/Ac6/SystemWorkbench/plugins/fr.ac6.mcu.externaltools.arm-none.linux64_1.17.0.201812190825/tools/compiler/bin/../lib/gcc/arm-none-eabi/7.3.1/thumb/v7e-m/fpv4-sp/hard/crtbegin.o
 .bss           0x00000000200009f4      0x104 Third-Party/FreeRTOS/org/Source/tasks.o
                0x00000000200009f4                pxCurrentTCB
 .bss           0x0000000020000af8        0x8 Third-Party/FreeRTOS/org/Source/portable/GCC/ARM_CM4F/port.o
 .bss           0x0000000020000b00    0x12c18 Third-Party/FreeRTOS/org/Source/portable/MemMang/heap_4.o
 .bss           0x0000000020013718       0xa4 Third-Party/SEGGER/OS/SEGGER_SYSVIEW_FreeRTOS.o
 .bss           0x00000000200137bc      0x411 Third-Party/SEGGER/SEGGER/SEGGER_RTT.o
 *fill*         0x0000000020013bcd        0x3 
 .bss           0x0000000020013bd0     0x411b Third-Party/SEGGER/SEGGER/SEGGER_SYSVIEW.o
 *fill*         0x0000000020017ceb        0x1 
 .bss           0x0000000020017cec      0x102 src/main.o
                0x0000000020017cec                xTaskHandle1
                0x0000000020017cf0                xTaskHandle2
                0x0000000020017cf4                usr_msg
 *fill*         0x0000000020017dee        0x2 
 .bss           0x0000000020017df0        0x8 src/syscalls.o
                0x0000000020017df0                __env
 *(.bss*)
 .bss.__malloc_current_mallinfo
                0x0000000020017df8       0x28 /home/py/Ac6/SystemWorkbench/plugins/fr.ac6.mcu.externaltools.arm-none.linux64_1.17.0.201812190825/tools/compiler/bin/../lib/gcc/arm-none-eabi/7.3.1/../../../../arm-none-eabi/lib/thumb/v7e-m/fpv4-sp/hard/libc.a(lib_a-mallocr.o)
                0x0000000020017df8                __malloc_current_mallinfo
 .bss.__malloc_max_sbrked_mem
                0x0000000020017e20        0x4 /home/py/Ac6/SystemWorkbench/plugins/fr.ac6.mcu.externaltools.arm-none.linux64_1.17.0.201812190825/tools/compiler/bin/../lib/gcc/arm-none-eabi/7.3.1/../../../../arm-none-eabi/lib/thumb/v7e-m/fpv4-sp/hard/libc.a(lib_a-mallocr.o)
                0x0000000020017e20                __malloc_max_sbrked_mem
 .bss.__malloc_max_total_mem
                0x0000000020017e24        0x4 /home/py/Ac6/SystemWorkbench/plugins/fr.ac6.mcu.externaltools.arm-none.linux64_1.17.0.201812190825/tools/compiler/bin/../lib/gcc/arm-none-eabi/7.3.1/../../../../arm-none-eabi/lib/thumb/v7e-m/fpv4-sp/hard/libc.a(lib_a-mallocr.o)
                0x0000000020017e24                __malloc_max_total_mem
 .bss.__malloc_top_pad
                0x0000000020017e28        0x4 /home/py/Ac6/SystemWorkbench/plugins/fr.ac6.mcu.externaltools.arm-none.linux64_1.17.0.201812190825/tools/compiler/bin/../lib/gcc/arm-none-eabi/7.3.1/../../../../arm-none-eabi/lib/thumb/v7e-m/fpv4-sp/hard/libc.a(lib_a-mallocr.o)
                0x0000000020017e28                __malloc_top_pad
 *(COMMON)
 COMMON         0x0000000020017e2c       0xa8 Third-Party/SEGGER/SEGGER/SEGGER_RTT.o
                0x0000000020017e2c                _SEGGER_RTT
 COMMON         0x0000000020017ed4       0x21 /home/py/Ac6/SystemWorkbench/plugins/fr.ac6.mcu.externaltools.arm-none.linux64_1.17.0.201812190825/tools/compiler/bin/../lib/gcc/arm-none-eabi/7.3.1/../../../../arm-none-eabi/lib/thumb/v7e-m/fpv4-sp/hard/libc.a(lib_a-lock.o)
                0x0000000020017ed4                __lock___atexit_recursive_mutex
                0x0000000020017ed8                __lock___arc4random_mutex
                0x0000000020017edc                __lock___env_recursive_mutex
                0x0000000020017ee0                __lock___sinit_recursive_mutex
                0x0000000020017ee4                __lock___malloc_recursive_mutex
                0x0000000020017ee8                __lock___at_quick_exit_mutex
                0x0000000020017eec                __lock___dd_hash_mutex
                0x0000000020017ef0                __lock___tz_mutex
                0x0000000020017ef4                __lock___sfp_recursive_mutex
 *fill*         0x0000000020017ef5        0x3 
 COMMON         0x0000000020017ef8        0x4 /home/py/Ac6/SystemWorkbench/plugins/fr.ac6.mcu.externaltools.arm-none.linux64_1.17.0.201812190825/tools/compiler/bin/../lib/gcc/arm-none-eabi/7.3.1/../../../../arm-none-eabi/lib/thumb/v7e-m/fpv4-sp/hard/libc.a(lib_a-reent.o)
                0x0000000020017ef8                errno
                0x0000000020017efc                . = ALIGN (0x4)
                0x0000000020017efc                _ebss = .
                0x0000000020017efc                __bss_end__ = _ebss

._user_heap_stack
                0x0000000020017efc      0x404 load address 0x00000000080098e4
                0x0000000020017f00                . = ALIGN (0x8)
 *fill*         0x0000000020017efc        0x4 
                0x0000000020017f00                PROVIDE (end = .)
                [!provide]                        PROVIDE (_end = .)
                0x0000000020017f00                . = (. + _Min_Heap_Size)
                0x0000000020018300                . = (. + _Min_Stack_Size)
 *fill*         0x0000000020017f00      0x400 
                0x0000000020018300                . = ALIGN (0x8)

/DISCARD/
 libc.a(*)
 libm.a(*)
 libgcc.a(*)

.ARM.attributes
                0x0000000000000000       0x30
 *(.ARM.attributes)
 .ARM.attributes
                0x0000000000000000       0x22 /home/py/Ac6/SystemWorkbench/plugins/fr.ac6.mcu.externaltools.arm-none.linux64_1.17.0.201812190825/tools/compiler/bin/../lib/gcc/arm-none-eabi/7.3.1/thumb/v7e-m/fpv4-sp/hard/crti.o
 .ARM.attributes
                0x0000000000000022       0x34 /home/py/Ac6/SystemWorkbench/plugins/fr.ac6.mcu.externaltools.arm-none.linux64_1.17.0.201812190825/tools/compiler/bin/../lib/gcc/arm-none-eabi/7.3.1/thumb/v7e-m/fpv4-sp/hard/crtbegin.o
 .ARM.attributes
                0x0000000000000056       0x39 StdPeriph_Driver/src/stm32f4xx_gpio.o
 .ARM.attributes
                0x000000000000008f       0x39 StdPeriph_Driver/src/stm32f4xx_rcc.o
 .ARM.attributes
                0x00000000000000c8       0x39 StdPeriph_Driver/src/stm32f4xx_usart.o
 .ARM.attributes
                0x0000000000000101       0x39 Third-Party/FreeRTOS/org/Source/list.o
 .ARM.attributes
                0x000000000000013a       0x39 Third-Party/FreeRTOS/org/Source/tasks.o
 .ARM.attributes
                0x0000000000000173       0x39 Third-Party/FreeRTOS/org/Source/portable/GCC/ARM_CM4F/port.o
 .ARM.attributes
                0x00000000000001ac       0x39 Third-Party/FreeRTOS/org/Source/portable/MemMang/heap_4.o
 .ARM.attributes
                0x00000000000001e5       0x39 Third-Party/SEGGER/Config/SEGGER_SYSVIEW_Config_FreeRTOS.o
 .ARM.attributes
                0x000000000000021e       0x39 Third-Party/SEGGER/OS/SEGGER_SYSVIEW_FreeRTOS.o
 .ARM.attributes
                0x0000000000000257       0x39 Third-Party/SEGGER/SEGGER/SEGGER_RTT.o
 .ARM.attributes
                0x0000000000000290       0x39 Third-Party/SEGGER/SEGGER/SEGGER_SYSVIEW.o
 .ARM.attributes
                0x00000000000002c9       0x39 src/main.o
 .ARM.attributes
                0x0000000000000302       0x39 src/syscalls.o
 .ARM.attributes
                0x000000000000033b       0x39 src/system_stm32f4xx.o
 .ARM.attributes
                0x0000000000000374       0x21 startup/startup_stm32.o
 .ARM.attributes
                0x0000000000000395       0x34 /home/py/Ac6/SystemWorkbench/plugins/fr.ac6.mcu.externaltools.arm-none.linux64_1.17.0.201812190825/tools/compiler/bin/../lib/gcc/arm-none-eabi/7.3.1/../../../../arm-none-eabi/lib/thumb/v7e-m/fpv4-sp/hard/libc.a(lib_a-errno.o)
 .ARM.attributes
                0x00000000000003c9       0x34 /home/py/Ac6/SystemWorkbench/plugins/fr.ac6.mcu.externaltools.arm-none.linux64_1.17.0.201812190825/tools/compiler/bin/../lib/gcc/arm-none-eabi/7.3.1/../../../../arm-none-eabi/lib/thumb/v7e-m/fpv4-sp/hard/libc.a(lib_a-impure.o)
 .ARM.attributes
                0x00000000000003fd       0x34 /home/py/Ac6/SystemWorkbench/plugins/fr.ac6.mcu.externaltools.arm-none.linux64_1.17.0.201812190825/tools/compiler/bin/../lib/gcc/arm-none-eabi/7.3.1/../../../../arm-none-eabi/lib/thumb/v7e-m/fpv4-sp/hard/libc.a(lib_a-init.o)
 .ARM.attributes
                0x0000000000000431       0x34 /home/py/Ac6/SystemWorkbench/plugins/fr.ac6.mcu.externaltools.arm-none.linux64_1.17.0.201812190825/tools/compiler/bin/../lib/gcc/arm-none-eabi/7.3.1/../../../../arm-none-eabi/lib/thumb/v7e-m/fpv4-sp/hard/libc.a(lib_a-memcmp.o)
 .ARM.attributes
                0x0000000000000465       0x20 /home/py/Ac6/SystemWorkbench/plugins/fr.ac6.mcu.externaltools.arm-none.linux64_1.17.0.201812190825/tools/compiler/bin/../lib/gcc/arm-none-eabi/7.3.1/../../../../arm-none-eabi/lib/thumb/v7e-m/fpv4-sp/hard/libc.a(lib_a-memcpy.o)
 .ARM.attributes
                0x0000000000000485       0x34 /home/py/Ac6/SystemWorkbench/plugins/fr.ac6.mcu.externaltools.arm-none.linux64_1.17.0.201812190825/tools/compiler/bin/../lib/gcc/arm-none-eabi/7.3.1/../../../../arm-none-eabi/lib/thumb/v7e-m/fpv4-sp/hard/libc.a(lib_a-memset.o)
 .ARM.attributes
                0x00000000000004b9       0x34 /home/py/Ac6/SystemWorkbench/plugins/fr.ac6.mcu.externaltools.arm-none.linux64_1.17.0.201812190825/tools/compiler/bin/../lib/gcc/arm-none-eabi/7.3.1/../../../../arm-none-eabi/lib/thumb/v7e-m/fpv4-sp/hard/libc.a(lib_a-sprintf.o)
 .ARM.attributes
                0x00000000000004ed       0x20 /home/py/Ac6/SystemWorkbench/plugins/fr.ac6.mcu.externaltools.arm-none.linux64_1.17.0.201812190825/tools/compiler/bin/../lib/gcc/arm-none-eabi/7.3.1/../../../../arm-none-eabi/lib/thumb/v7e-m/fpv4-sp/hard/libc.a(lib_a-strlen.o)
 .ARM.attributes
                0x000000000000050d       0x34 /home/py/Ac6/SystemWorkbench/plugins/fr.ac6.mcu.externaltools.arm-none.linux64_1.17.0.201812190825/tools/compiler/bin/../lib/gcc/arm-none-eabi/7.3.1/../../../../arm-none-eabi/lib/thumb/v7e-m/fpv4-sp/hard/libc.a(lib_a-svfprintf.o)
 .ARM.attributes
                0x0000000000000541       0x34 /home/py/Ac6/SystemWorkbench/plugins/fr.ac6.mcu.externaltools.arm-none.linux64_1.17.0.201812190825/tools/compiler/bin/../lib/gcc/arm-none-eabi/7.3.1/../../../../arm-none-eabi/lib/thumb/v7e-m/fpv4-sp/hard/libc.a(lib_a-__call_atexit.o)
 .ARM.attributes
                0x0000000000000575       0x34 /home/py/Ac6/SystemWorkbench/plugins/fr.ac6.mcu.externaltools.arm-none.linux64_1.17.0.201812190825/tools/compiler/bin/../lib/gcc/arm-none-eabi/7.3.1/../../../../arm-none-eabi/lib/thumb/v7e-m/fpv4-sp/hard/libc.a(lib_a-atexit.o)
 .ARM.attributes
                0x00000000000005a9       0x34 /home/py/Ac6/SystemWorkbench/plugins/fr.ac6.mcu.externaltools.arm-none.linux64_1.17.0.201812190825/tools/compiler/bin/../lib/gcc/arm-none-eabi/7.3.1/../../../../arm-none-eabi/lib/thumb/v7e-m/fpv4-sp/hard/libc.a(lib_a-dtoa.o)
 .ARM.attributes
                0x00000000000005dd       0x34 /home/py/Ac6/SystemWorkbench/plugins/fr.ac6.mcu.externaltools.arm-none.linux64_1.17.0.201812190825/tools/compiler/bin/../lib/gcc/arm-none-eabi/7.3.1/../../../../arm-none-eabi/lib/thumb/v7e-m/fpv4-sp/hard/libc.a(lib_a-fini.o)
 .ARM.attributes
                0x0000000000000611       0x34 /home/py/Ac6/SystemWorkbench/plugins/fr.ac6.mcu.externaltools.arm-none.linux64_1.17.0.201812190825/tools/compiler/bin/../lib/gcc/arm-none-eabi/7.3.1/../../../../arm-none-eabi/lib/thumb/v7e-m/fpv4-sp/hard/libc.a(lib_a-freer.o)
 .ARM.attributes
                0x0000000000000645       0x34 /home/py/Ac6/SystemWorkbench/plugins/fr.ac6.mcu.externaltools.arm-none.linux64_1.17.0.201812190825/tools/compiler/bin/../lib/gcc/arm-none-eabi/7.3.1/../../../../arm-none-eabi/lib/thumb/v7e-m/fpv4-sp/hard/libc.a(lib_a-localeconv.o)
 .ARM.attributes
                0x0000000000000679       0x34 /home/py/Ac6/SystemWorkbench/plugins/fr.ac6.mcu.externaltools.arm-none.linux64_1.17.0.201812190825/tools/compiler/bin/../lib/gcc/arm-none-eabi/7.3.1/../../../../arm-none-eabi/lib/thumb/v7e-m/fpv4-sp/hard/libc.a(lib_a-lock.o)
 .ARM.attributes
                0x00000000000006ad       0x34 /home/py/Ac6/SystemWorkbench/plugins/fr.ac6.mcu.externaltools.arm-none.linux64_1.17.0.201812190825/tools/compiler/bin/../lib/gcc/arm-none-eabi/7.3.1/../../../../arm-none-eabi/lib/thumb/v7e-m/fpv4-sp/hard/libc.a(lib_a-mallocr.o)
 .ARM.attributes
                0x00000000000006e1       0x20 /home/py/Ac6/SystemWorkbench/plugins/fr.ac6.mcu.externaltools.arm-none.linux64_1.17.0.201812190825/tools/compiler/bin/../lib/gcc/arm-none-eabi/7.3.1/../../../../arm-none-eabi/lib/thumb/v7e-m/fpv4-sp/hard/libc.a(lib_a-memchr.o)
 .ARM.attributes
                0x0000000000000701       0x34 /home/py/Ac6/SystemWorkbench/plugins/fr.ac6.mcu.externaltools.arm-none.linux64_1.17.0.201812190825/tools/compiler/bin/../lib/gcc/arm-none-eabi/7.3.1/../../../../arm-none-eabi/lib/thumb/v7e-m/fpv4-sp/hard/libc.a(lib_a-mlock.o)
 .ARM.attributes
                0x0000000000000735       0x34 /home/py/Ac6/SystemWorkbench/plugins/fr.ac6.mcu.externaltools.arm-none.linux64_1.17.0.201812190825/tools/compiler/bin/../lib/gcc/arm-none-eabi/7.3.1/../../../../arm-none-eabi/lib/thumb/v7e-m/fpv4-sp/hard/libc.a(lib_a-mprec.o)
 .ARM.attributes
                0x0000000000000769       0x34 /home/py/Ac6/SystemWorkbench/plugins/fr.ac6.mcu.externaltools.arm-none.linux64_1.17.0.201812190825/tools/compiler/bin/../lib/gcc/arm-none-eabi/7.3.1/../../../../arm-none-eabi/lib/thumb/v7e-m/fpv4-sp/hard/libc.a(lib_a-s_frexp.o)
 .ARM.attributes
                0x000000000000079d       0x34 /home/py/Ac6/SystemWorkbench/plugins/fr.ac6.mcu.externaltools.arm-none.linux64_1.17.0.201812190825/tools/compiler/bin/../lib/gcc/arm-none-eabi/7.3.1/../../../../arm-none-eabi/lib/thumb/v7e-m/fpv4-sp/hard/libc.a(lib_a-sbrkr.o)
 .ARM.attributes
                0x00000000000007d1       0x34 /home/py/Ac6/SystemWorkbench/plugins/fr.ac6.mcu.externaltools.arm-none.linux64_1.17.0.201812190825/tools/compiler/bin/../lib/gcc/arm-none-eabi/7.3.1/../../../../arm-none-eabi/lib/thumb/v7e-m/fpv4-sp/hard/libc.a(lib_a-strncpy.o)
 .ARM.attributes
                0x0000000000000805       0x34 /home/py/Ac6/SystemWorkbench/plugins/fr.ac6.mcu.externaltools.arm-none.linux64_1.17.0.201812190825/tools/compiler/bin/../lib/gcc/arm-none-eabi/7.3.1/../../../../arm-none-eabi/lib/thumb/v7e-m/fpv4-sp/hard/libc.a(lib_a-svfiprintf.o)
 .ARM.attributes
                0x0000000000000839       0x34 /home/py/Ac6/SystemWorkbench/plugins/fr.ac6.mcu.externaltools.arm-none.linux64_1.17.0.201812190825/tools/compiler/bin/../lib/gcc/arm-none-eabi/7.3.1/../../../../arm-none-eabi/lib/thumb/v7e-m/fpv4-sp/hard/libc.a(lib_a-__atexit.o)
 .ARM.attributes
                0x000000000000086d       0x34 /home/py/Ac6/SystemWorkbench/plugins/fr.ac6.mcu.externaltools.arm-none.linux64_1.17.0.201812190825/tools/compiler/bin/../lib/gcc/arm-none-eabi/7.3.1/../../../../arm-none-eabi/lib/thumb/v7e-m/fpv4-sp/hard/libc.a(lib_a-callocr.o)
 .ARM.attributes
                0x00000000000008a1       0x34 /home/py/Ac6/SystemWorkbench/plugins/fr.ac6.mcu.externaltools.arm-none.linux64_1.17.0.201812190825/tools/compiler/bin/../lib/gcc/arm-none-eabi/7.3.1/../../../../arm-none-eabi/lib/thumb/v7e-m/fpv4-sp/hard/libc.a(lib_a-locale.o)
 .ARM.attributes
                0x00000000000008d5       0x34 /home/py/Ac6/SystemWorkbench/plugins/fr.ac6.mcu.externaltools.arm-none.linux64_1.17.0.201812190825/tools/compiler/bin/../lib/gcc/arm-none-eabi/7.3.1/../../../../arm-none-eabi/lib/thumb/v7e-m/fpv4-sp/hard/libc.a(lib_a-mbtowc_r.o)
 .ARM.attributes
                0x0000000000000909       0x34 /home/py/Ac6/SystemWorkbench/plugins/fr.ac6.mcu.externaltools.arm-none.linux64_1.17.0.201812190825/tools/compiler/bin/../lib/gcc/arm-none-eabi/7.3.1/../../../../arm-none-eabi/lib/thumb/v7e-m/fpv4-sp/hard/libc.a(lib_a-memmove.o)
 .ARM.attributes
                0x000000000000093d       0x34 /home/py/Ac6/SystemWorkbench/plugins/fr.ac6.mcu.externaltools.arm-none.linux64_1.17.0.201812190825/tools/compiler/bin/../lib/gcc/arm-none-eabi/7.3.1/../../../../arm-none-eabi/lib/thumb/v7e-m/fpv4-sp/hard/libc.a(lib_a-reallocr.o)
 .ARM.attributes
                0x0000000000000971       0x34 /home/py/Ac6/SystemWorkbench/plugins/fr.ac6.mcu.externaltools.arm-none.linux64_1.17.0.201812190825/tools/compiler/bin/../lib/gcc/arm-none-eabi/7.3.1/../../../../arm-none-eabi/lib/thumb/v7e-m/fpv4-sp/hard/libc.a(lib_a-reent.o)
 .ARM.attributes
                0x00000000000009a5       0x34 /home/py/Ac6/SystemWorkbench/plugins/fr.ac6.mcu.externaltools.arm-none.linux64_1.17.0.201812190825/tools/compiler/bin/../lib/gcc/arm-none-eabi/7.3.1/../../../../arm-none-eabi/lib/thumb/v7e-m/fpv4-sp/hard/libc.a(lib_a-wctomb_r.o)
 .ARM.attributes
                0x00000000000009d9       0x34 /home/py/Ac6/SystemWorkbench/plugins/fr.ac6.mcu.externaltools.arm-none.linux64_1.17.0.201812190825/tools/compiler/bin/../lib/gcc/arm-none-eabi/7.3.1/../../../../arm-none-eabi/lib/thumb/v7e-m/fpv4-sp/hard/libc.a(lib_a-ctype_.o)
 .ARM.attributes
                0x0000000000000a0d       0x22 /home/py/Ac6/SystemWorkbench/plugins/fr.ac6.mcu.externaltools.arm-none.linux64_1.17.0.201812190825/tools/compiler/bin/../lib/gcc/arm-none-eabi/7.3.1/thumb/v7e-m/fpv4-sp/hard/libgcc.a(_arm_addsubdf3.o)
 .ARM.attributes
                0x0000000000000a2f       0x22 /home/py/Ac6/SystemWorkbench/plugins/fr.ac6.mcu.externaltools.arm-none.linux64_1.17.0.201812190825/tools/compiler/bin/../lib/gcc/arm-none-eabi/7.3.1/thumb/v7e-m/fpv4-sp/hard/libgcc.a(_arm_muldivdf3.o)
 .ARM.attributes
                0x0000000000000a51       0x22 /home/py/Ac6/SystemWorkbench/plugins/fr.ac6.mcu.externaltools.arm-none.linux64_1.17.0.201812190825/tools/compiler/bin/../lib/gcc/arm-none-eabi/7.3.1/thumb/v7e-m/fpv4-sp/hard/libgcc.a(_arm_cmpdf2.o)
 .ARM.attributes
                0x0000000000000a73       0x22 /home/py/Ac6/SystemWorkbench/plugins/fr.ac6.mcu.externaltools.arm-none.linux64_1.17.0.201812190825/tools/compiler/bin/../lib/gcc/arm-none-eabi/7.3.1/thumb/v7e-m/fpv4-sp/hard/libgcc.a(_arm_unorddf2.o)
 .ARM.attributes
                0x0000000000000a95       0x22 /home/py/Ac6/SystemWorkbench/plugins/fr.ac6.mcu.externaltools.arm-none.linux64_1.17.0.201812190825/tools/compiler/bin/../lib/gcc/arm-none-eabi/7.3.1/thumb/v7e-m/fpv4-sp/hard/libgcc.a(_arm_fixdfsi.o)
 .ARM.attributes
                0x0000000000000ab7       0x22 /home/py/Ac6/SystemWorkbench/plugins/fr.ac6.mcu.externaltools.arm-none.linux64_1.17.0.201812190825/tools/compiler/bin/../lib/gcc/arm-none-eabi/7.3.1/thumb/v7e-m/fpv4-sp/hard/libgcc.a(_aeabi_uldivmod.o)
 .ARM.attributes
                0x0000000000000ad9       0x34 /home/py/Ac6/SystemWorkbench/plugins/fr.ac6.mcu.externaltools.arm-none.linux64_1.17.0.201812190825/tools/compiler/bin/../lib/gcc/arm-none-eabi/7.3.1/thumb/v7e-m/fpv4-sp/hard/libgcc.a(_udivmoddi4.o)
 .ARM.attributes
                0x0000000000000b0d       0x22 /home/py/Ac6/SystemWorkbench/plugins/fr.ac6.mcu.externaltools.arm-none.linux64_1.17.0.201812190825/tools/compiler/bin/../lib/gcc/arm-none-eabi/7.3.1/thumb/v7e-m/fpv4-sp/hard/libgcc.a(_dvmd_tls.o)
 .ARM.attributes
                0x0000000000000b2f       0x22 /home/py/Ac6/SystemWorkbench/plugins/fr.ac6.mcu.externaltools.arm-none.linux64_1.17.0.201812190825/tools/compiler/bin/../lib/gcc/arm-none-eabi/7.3.1/thumb/v7e-m/fpv4-sp/hard/crtn.o
OUTPUT(STM32_FreeRTOS_Idle_Hook_Power_Saving.elf elf32-littlearm)

.debug_info     0x0000000000000000     0xe5a2
 .debug_info    0x0000000000000000      0x62b StdPeriph_Driver/src/stm32f4xx_gpio.o
 .debug_info    0x000000000000062b      0xf8e StdPeriph_Driver/src/stm32f4xx_rcc.o
 .debug_info    0x00000000000015b9      0x9d4 StdPeriph_Driver/src/stm32f4xx_usart.o
 .debug_info    0x0000000000001f8d      0xadb Third-Party/FreeRTOS/org/Source/list.o
 .debug_info    0x0000000000002a68     0x2745 Third-Party/FreeRTOS/org/Source/tasks.o
 .debug_info    0x00000000000051ad      0x533 Third-Party/FreeRTOS/org/Source/portable/GCC/ARM_CM4F/port.o
 .debug_info    0x00000000000056e0      0xbfc Third-Party/FreeRTOS/org/Source/portable/MemMang/heap_4.o
 .debug_info    0x00000000000062dc      0x10f Third-Party/SEGGER/Config/SEGGER_SYSVIEW_Config_FreeRTOS.o
 .debug_info    0x00000000000063eb      0xb8d Third-Party/SEGGER/OS/SEGGER_SYSVIEW_FreeRTOS.o
 .debug_info    0x0000000000006f78     0x16b9 Third-Party/SEGGER/SEGGER/SEGGER_RTT.o
 .debug_info    0x0000000000008631     0x3aea Third-Party/SEGGER/SEGGER/SEGGER_SYSVIEW.o
 .debug_info    0x000000000000c11b      0xf16 src/main.o
 .debug_info    0x000000000000d031      0xf2e src/syscalls.o
 .debug_info    0x000000000000df5f      0x621 src/system_stm32f4xx.o
 .debug_info    0x000000000000e580       0x22 startup/startup_stm32.o

.debug_abbrev   0x0000000000000000     0x1f72
 .debug_abbrev  0x0000000000000000      0x1bf StdPeriph_Driver/src/stm32f4xx_gpio.o
 .debug_abbrev  0x00000000000001bf      0x1d4 StdPeriph_Driver/src/stm32f4xx_rcc.o
 .debug_abbrev  0x0000000000000393      0x187 StdPeriph_Driver/src/stm32f4xx_usart.o
 .debug_abbrev  0x000000000000051a      0x205 Third-Party/FreeRTOS/org/Source/list.o
 .debug_abbrev  0x000000000000071f      0x3a6 Third-Party/FreeRTOS/org/Source/tasks.o
 .debug_abbrev  0x0000000000000ac5      0x210 Third-Party/FreeRTOS/org/Source/portable/GCC/ARM_CM4F/port.o
 .debug_abbrev  0x0000000000000cd5      0x2d4 Third-Party/FreeRTOS/org/Source/portable/MemMang/heap_4.o
 .debug_abbrev  0x0000000000000fa9       0xb5 Third-Party/SEGGER/Config/SEGGER_SYSVIEW_Config_FreeRTOS.o
 .debug_abbrev  0x000000000000105e      0x223 Third-Party/SEGGER/OS/SEGGER_SYSVIEW_FreeRTOS.o
 .debug_abbrev  0x0000000000001281      0x2d6 Third-Party/SEGGER/SEGGER/SEGGER_RTT.o
 .debug_abbrev  0x0000000000001557      0x336 Third-Party/SEGGER/SEGGER/SEGGER_SYSVIEW.o
 .debug_abbrev  0x000000000000188d      0x2cc src/main.o
 .debug_abbrev  0x0000000000001b59      0x2aa src/syscalls.o
 .debug_abbrev  0x0000000000001e03      0x15d src/system_stm32f4xx.o
 .debug_abbrev  0x0000000000001f60       0x12 startup/startup_stm32.o

.debug_aranges  0x0000000000000000      0xbb0
 .debug_aranges
                0x0000000000000000       0x88 StdPeriph_Driver/src/stm32f4xx_gpio.o
 .debug_aranges
                0x0000000000000088      0x1e8 StdPeriph_Driver/src/stm32f4xx_rcc.o
 .debug_aranges
                0x0000000000000270      0x100 StdPeriph_Driver/src/stm32f4xx_usart.o
 .debug_aranges
                0x0000000000000370       0x40 Third-Party/FreeRTOS/org/Source/list.o
 .debug_aranges
                0x00000000000003b0      0x1e8 Third-Party/FreeRTOS/org/Source/tasks.o
 .debug_aranges
                0x0000000000000598       0x80 Third-Party/FreeRTOS/org/Source/portable/GCC/ARM_CM4F/port.o
 .debug_aranges
                0x0000000000000618       0x50 Third-Party/FreeRTOS/org/Source/portable/MemMang/heap_4.o
 .debug_aranges
                0x0000000000000668       0x28 Third-Party/SEGGER/Config/SEGGER_SYSVIEW_Config_FreeRTOS.o
 .debug_aranges
                0x0000000000000690       0x48 Third-Party/SEGGER/OS/SEGGER_SYSVIEW_FreeRTOS.o
 .debug_aranges
                0x00000000000006d8      0x110 Third-Party/SEGGER/SEGGER/SEGGER_RTT.o
 .debug_aranges
                0x00000000000007e8      0x268 Third-Party/SEGGER/SEGGER/SEGGER_SYSVIEW.o
 .debug_aranges
                0x0000000000000a50       0x58 src/main.o
 .debug_aranges
                0x0000000000000aa8       0xb0 src/syscalls.o
 .debug_aranges
                0x0000000000000b58       0x30 src/system_stm32f4xx.o
 .debug_aranges
                0x0000000000000b88       0x28 startup/startup_stm32.o

.debug_ranges   0x0000000000000000      0xac8
 .debug_ranges  0x0000000000000000       0x78 StdPeriph_Driver/src/stm32f4xx_gpio.o
 .debug_ranges  0x0000000000000078      0x1d8 StdPeriph_Driver/src/stm32f4xx_rcc.o
 .debug_ranges  0x0000000000000250       0xf0 StdPeriph_Driver/src/stm32f4xx_usart.o
 .debug_ranges  0x0000000000000340       0x30 Third-Party/FreeRTOS/org/Source/list.o
 .debug_ranges  0x0000000000000370      0x1d8 Third-Party/FreeRTOS/org/Source/tasks.o
 .debug_ranges  0x0000000000000548       0x70 Third-Party/FreeRTOS/org/Source/portable/GCC/ARM_CM4F/port.o
 .debug_ranges  0x00000000000005b8       0x40 Third-Party/FreeRTOS/org/Source/portable/MemMang/heap_4.o
 .debug_ranges  0x00000000000005f8       0x18 Third-Party/SEGGER/Config/SEGGER_SYSVIEW_Config_FreeRTOS.o
 .debug_ranges  0x0000000000000610       0x38 Third-Party/SEGGER/OS/SEGGER_SYSVIEW_FreeRTOS.o
 .debug_ranges  0x0000000000000648      0x100 Third-Party/SEGGER/SEGGER/SEGGER_RTT.o
 .debug_ranges  0x0000000000000748      0x258 Third-Party/SEGGER/SEGGER/SEGGER_SYSVIEW.o
 .debug_ranges  0x00000000000009a0       0x48 src/main.o
 .debug_ranges  0x00000000000009e8       0xa0 src/syscalls.o
 .debug_ranges  0x0000000000000a88       0x20 src/system_stm32f4xx.o
 .debug_ranges  0x0000000000000aa8       0x20 startup/startup_stm32.o

.debug_macro    0x0000000000000000     0x3353
 .debug_macro   0x0000000000000000      0x1fc StdPeriph_Driver/src/stm32f4xx_gpio.o
 .debug_macro   0x00000000000001fc      0x33b StdPeriph_Driver/src/stm32f4xx_gpio.o
 .debug_macro   0x0000000000000537      0x2cb StdPeriph_Driver/src/stm32f4xx_rcc.o
 .debug_macro   0x0000000000000802      0x214 StdPeriph_Driver/src/stm32f4xx_usart.o
 .debug_macro   0x0000000000000a16      0x21d StdPeriph_Driver/src/stm32f4xx_usart.o
 .debug_macro   0x0000000000000c33      0x1ba Third-Party/FreeRTOS/org/Source/list.o
 .debug_macro   0x0000000000000ded      0x2b5 Third-Party/FreeRTOS/org/Source/tasks.o
 .debug_macro   0x00000000000010a2       0x10 Third-Party/FreeRTOS/org/Source/tasks.o
 .debug_macro   0x00000000000010b2      0x1d6 Third-Party/FreeRTOS/org/Source/portable/GCC/ARM_CM4F/port.o
 .debug_macro   0x0000000000001288      0x1e1 Third-Party/FreeRTOS/org/Source/portable/MemMang/heap_4.o
 .debug_macro   0x0000000000001469      0x116 Third-Party/SEGGER/Config/SEGGER_SYSVIEW_Config_FreeRTOS.o
 .debug_macro   0x000000000000157f      0x1d0 Third-Party/SEGGER/OS/SEGGER_SYSVIEW_FreeRTOS.o
 .debug_macro   0x000000000000174f      0x164 Third-Party/SEGGER/SEGGER/SEGGER_RTT.o
 .debug_macro   0x00000000000018b3       0x4f Third-Party/SEGGER/SEGGER/SEGGER_RTT.o
 .debug_macro   0x0000000000001902      0x115 Third-Party/SEGGER/SEGGER/SEGGER_RTT.o
 .debug_macro   0x0000000000001a17      0x1f8 Third-Party/SEGGER/SEGGER/SEGGER_SYSVIEW.o
 .debug_macro   0x0000000000001c0f       0x65 Third-Party/SEGGER/SEGGER/SEGGER_SYSVIEW.o
 .debug_macro   0x0000000000001c74       0x35 Third-Party/SEGGER/SEGGER/SEGGER_SYSVIEW.o
 .debug_macro   0x0000000000001ca9      0x11b Third-Party/SEGGER/SEGGER/SEGGER_SYSVIEW.o
 .debug_macro   0x0000000000001dc4      0x42d src/main.o
 .debug_macro   0x00000000000021f1       0x16 src/main.o
 .debug_macro   0x0000000000002207       0x97 src/main.o
 .debug_macro   0x000000000000229e       0xfd src/main.o
 .debug_macro   0x000000000000239b       0x10 src/main.o
 .debug_macro   0x00000000000023ab       0x10 src/main.o
 .debug_macro   0x00000000000023bb       0x1c src/main.o
 .debug_macro   0x00000000000023d7       0x52 src/main.o
 .debug_macro   0x0000000000002429       0x40 src/main.o
 .debug_macro   0x0000000000002469       0x10 src/main.o
 .debug_macro   0x0000000000002479       0x40 src/main.o
 .debug_macro   0x00000000000024b9       0xd7 src/main.o
 .debug_macro   0x0000000000002590       0x1c src/main.o
 .debug_macro   0x00000000000025ac       0x3d src/main.o
 .debug_macro   0x00000000000025e9       0x16 src/main.o
 .debug_macro   0x00000000000025ff      0x16f src/main.o
 .debug_macro   0x000000000000276e      0x112 src/main.o
 .debug_macro   0x0000000000002880       0x4c src/main.o
 .debug_macro   0x00000000000028cc      0x243 src/syscalls.o
 .debug_macro   0x0000000000002b0f       0x10 src/syscalls.o
 .debug_macro   0x0000000000002b1f       0x10 src/syscalls.o
 .debug_macro   0x0000000000002b2f       0x10 src/syscalls.o
 .debug_macro   0x0000000000002b3f       0x35 src/syscalls.o
 .debug_macro   0x0000000000002b74      0x122 src/syscalls.o
 .debug_macro   0x0000000000002c96       0x10 src/syscalls.o
 .debug_macro   0x0000000000002ca6      0x241 src/syscalls.o
 .debug_macro   0x0000000000002ee7       0x1c src/syscalls.o
 .debug_macro   0x0000000000002f03       0x10 src/syscalls.o
 .debug_macro   0x0000000000002f13      0x189 src/syscalls.o
 .debug_macro   0x000000000000309c       0x16 src/syscalls.o
 .debug_macro   0x00000000000030b2       0x88 src/syscalls.o
 .debug_macro   0x000000000000313a      0x219 src/system_stm32f4xx.o

.debug_line     0x0000000000000000     0x911f
 .debug_line    0x0000000000000000      0x86f StdPeriph_Driver/src/stm32f4xx_gpio.o
 .debug_line    0x000000000000086f      0xbec StdPeriph_Driver/src/stm32f4xx_rcc.o
 .debug_line    0x000000000000145b      0x9b5 StdPeriph_Driver/src/stm32f4xx_usart.o
 .debug_line    0x0000000000001e10      0x741 Third-Party/FreeRTOS/org/Source/list.o
 .debug_line    0x0000000000002551     0x13ed Third-Party/FreeRTOS/org/Source/tasks.o
 .debug_line    0x000000000000393e      0x878 Third-Party/FreeRTOS/org/Source/portable/GCC/ARM_CM4F/port.o
 .debug_line    0x00000000000041b6      0x827 Third-Party/FreeRTOS/org/Source/portable/MemMang/heap_4.o
 .debug_line    0x00000000000049dd      0x662 Third-Party/SEGGER/Config/SEGGER_SYSVIEW_Config_FreeRTOS.o
 .debug_line    0x000000000000503f      0x7d2 Third-Party/SEGGER/OS/SEGGER_SYSVIEW_FreeRTOS.o
 .debug_line    0x0000000000005811      0x7f9 Third-Party/SEGGER/SEGGER/SEGGER_RTT.o
 .debug_line    0x000000000000600a     0x16cc Third-Party/SEGGER/SEGGER/SEGGER_SYSVIEW.o
 .debug_line    0x00000000000076d6      0xc52 src/main.o
 .debug_line    0x0000000000008328      0x5ff src/syscalls.o
 .debug_line    0x0000000000008927      0x77c src/system_stm32f4xx.o
 .debug_line    0x00000000000090a3       0x7c startup/startup_stm32.o

.debug_str      0x0000000000000000    0x7f407
 .debug_str     0x0000000000000000    0x6cf2d StdPeriph_Driver/src/stm32f4xx_gpio.o
                                      0x6d214 (size before relaxing)
 .debug_str     0x000000000006cf2d      0xe86 StdPeriph_Driver/src/stm32f4xx_rcc.o
                                      0x6ddf0 (size before relaxing)
 .debug_str     0x000000000006ddb3      0x53a StdPeriph_Driver/src/stm32f4xx_usart.o
                                      0x6d527 (size before relaxing)
 .debug_str     0x000000000006e2ed     0x9b1f Third-Party/FreeRTOS/org/Source/list.o
                                       0xd889 (size before relaxing)
 .debug_str     0x0000000000077e0c     0x23c4 Third-Party/FreeRTOS/org/Source/tasks.o
                                       0xfc8f (size before relaxing)
 .debug_str     0x000000000007a1d0      0x7fb Third-Party/FreeRTOS/org/Source/portable/GCC/ARM_CM4F/port.o
                                       0xb953 (size before relaxing)
 .debug_str     0x000000000007a9cb      0x252 Third-Party/FreeRTOS/org/Source/portable/MemMang/heap_4.o
                                       0xdfac (size before relaxing)
 .debug_str     0x000000000007ac1d      0x174 Third-Party/SEGGER/Config/SEGGER_SYSVIEW_Config_FreeRTOS.o
                                       0xa4a6 (size before relaxing)
 .debug_str     0x000000000007ad91       0xfb Third-Party/SEGGER/OS/SEGGER_SYSVIEW_FreeRTOS.o
                                       0xddac (size before relaxing)
 .debug_str     0x000000000007ae8c      0xdca Third-Party/SEGGER/SEGGER/SEGGER_RTT.o
                                       0x6dd8 (size before relaxing)
 .debug_str     0x000000000007bc56     0x12fd Third-Party/SEGGER/SEGGER/SEGGER_SYSVIEW.o
                                       0x8d7f (size before relaxing)
 .debug_str     0x000000000007cf53     0x13e0 src/main.o
                                      0x7853a (size before relaxing)
 .debug_str     0x000000000007e333      0xf89 src/syscalls.o
                                       0x85c4 (size before relaxing)
 .debug_str     0x000000000007f2bc      0x122 src/system_stm32f4xx.o
                                      0x6d173 (size before relaxing)