Archive member included to satisfy reference by file (symbol)

/home/py/Ac6/SystemWorkbench/plugins/fr.ac6.mcu.externaltools.arm-none.linux64_1.17.0.201812190825/tools/compiler/bin/../lib/gcc/arm-none-eabi/7.3.1/../../../../arm-none-eabi/lib/thumb/v7e-m/fpv4-sp/hard/libc.a(lib_a-errno.o)
                              src/syscalls.o (__errno)
/home/py/Ac6/SystemWorkbench/plugins/fr.ac6.mcu.externaltools.arm-none.linux64_1.17.0.201812190825/tools/compiler/bin/../lib/gcc/arm-none-eabi/7.3.1/../../../../arm-none-eabi/lib/thumb/v7e-m/fpv4-sp/hard/libc.a(lib_a-exit.o)
                              /home/py/Ac6/SystemWorkbench/plugins/fr.ac6.mcu.externaltools.arm-none.linux64_1.17.0.201812190825/tools/compiler/bin/../lib/gcc/arm-none-eabi/7.3.1/../../../../arm-none-eabi/lib/thumb/v7e-m/fpv4-sp/hard/crt0.o (exit)
/home/py/Ac6/SystemWorkbench/plugins/fr.ac6.mcu.externaltools.arm-none.linux64_1.17.0.201812190825/tools/compiler/bin/../lib/gcc/arm-none-eabi/7.3.1/../../../../arm-none-eabi/lib/thumb/v7e-m/fpv4-sp/hard/libc.a(lib_a-impure.o)
                              /home/py/Ac6/SystemWorkbench/plugins/fr.ac6.mcu.externaltools.arm-none.linux64_1.17.0.201812190825/tools/compiler/bin/../lib/gcc/arm-none-eabi/7.3.1/../../../../arm-none-eabi/lib/thumb/v7e-m/fpv4-sp/hard/libc.a(lib_a-exit.o) (_global_impure_ptr)
/home/py/Ac6/SystemWorkbench/plugins/fr.ac6.mcu.externaltools.arm-none.linux64_1.17.0.201812190825/tools/compiler/bin/../lib/gcc/arm-none-eabi/7.3.1/../../../../arm-none-eabi/lib/thumb/v7e-m/fpv4-sp/hard/libc.a(lib_a-init.o)
                              /home/py/Ac6/SystemWorkbench/plugins/fr.ac6.mcu.externaltools.arm-none.linux64_1.17.0.201812190825/tools/compiler/bin/../lib/gcc/arm-none-eabi/7.3.1/../../../../arm-none-eabi/lib/thumb/v7e-m/fpv4-sp/hard/crt0.o (__libc_init_array)
/home/py/Ac6/SystemWorkbench/plugins/fr.ac6.mcu.externaltools.arm-none.linux64_1.17.0.201812190825/tools/compiler/bin/../lib/gcc/arm-none-eabi/7.3.1/../../../../arm-none-eabi/lib/thumb/v7e-m/fpv4-sp/hard/libc.a(lib_a-memcmp.o)
                              Third-Party/SEGGER/OS/SEGGER_SYSVIEW_FreeRTOS.o (memcmp)
/home/py/Ac6/SystemWorkbench/plugins/fr.ac6.mcu.externaltools.arm-none.linux64_1.17.0.201812190825/tools/compiler/bin/../lib/gcc/arm-none-eabi/7.3.1/../../../../arm-none-eabi/lib/thumb/v7e-m/fpv4-sp/hard/libc.a(lib_a-memcpy.o)
                              Third-Party/FreeRTOS/org/Source/queue.o (memcpy)
/home/py/Ac6/SystemWorkbench/plugins/fr.ac6.mcu.externaltools.arm-none.linux64_1.17.0.201812190825/tools/compiler/bin/../lib/gcc/arm-none-eabi/7.3.1/../../../../arm-none-eabi/lib/thumb/v7e-m/fpv4-sp/hard/libc.a(lib_a-memset.o)
                              /home/py/Ac6/SystemWorkbench/plugins/fr.ac6.mcu.externaltools.arm-none.linux64_1.17.0.201812190825/tools/compiler/bin/../lib/gcc/arm-none-eabi/7.3.1/../../../../arm-none-eabi/lib/thumb/v7e-m/fpv4-sp/hard/crt0.o (memset)
/home/py/Ac6/SystemWorkbench/plugins/fr.ac6.mcu.externaltools.arm-none.linux64_1.17.0.201812190825/tools/compiler/bin/../lib/gcc/arm-none-eabi/7.3.1/../../../../arm-none-eabi/lib/thumb/v7e-m/fpv4-sp/hard/libc.a(lib_a-rand.o)
                              src/main.o (rand)
/home/py/Ac6/SystemWorkbench/plugins/fr.ac6.mcu.externaltools.arm-none.linux64_1.17.0.201812190825/tools/compiler/bin/../lib/gcc/arm-none-eabi/7.3.1/../../../../arm-none-eabi/lib/thumb/v7e-m/fpv4-sp/hard/libc.a(lib_a-sprintf.o)
                              src/main.o (sprintf)
/home/py/Ac6/SystemWorkbench/plugins/fr.ac6.mcu.externaltools.arm-none.linux64_1.17.0.201812190825/tools/compiler/bin/../lib/gcc/arm-none-eabi/7.3.1/../../../../arm-none-eabi/lib/thumb/v7e-m/fpv4-sp/hard/libc.a(lib_a-strlen.o)
                              Third-Party/SEGGER/SEGGER/SEGGER_RTT.o (strlen)
/home/py/Ac6/SystemWorkbench/plugins/fr.ac6.mcu.externaltools.arm-none.linux64_1.17.0.201812190825/tools/compiler/bin/../lib/gcc/arm-none-eabi/7.3.1/../../../../arm-none-eabi/lib/thumb/v7e-m/fpv4-sp/hard/libc.a(lib_a-svfprintf.o)
                              /home/py/Ac6/SystemWorkbench/plugins/fr.ac6.mcu.externaltools.arm-none.linux64_1.17.0.201812190825/tools/compiler/bin/../lib/gcc/arm-none-eabi/7.3.1/../../../../arm-none-eabi/lib/thumb/v7e-m/fpv4-sp/hard/libc.a(lib_a-sprintf.o) (_svfprintf_r)
/home/py/Ac6/SystemWorkbench/plugins/fr.ac6.mcu.externaltools.arm-none.linux64_1.17.0.201812190825/tools/compiler/bin/../lib/gcc/arm-none-eabi/7.3.1/../../../../arm-none-eabi/lib/thumb/v7e-m/fpv4-sp/hard/libc.a(lib_a-__call_atexit.o)
                              /home/py/Ac6/SystemWorkbench/plugins/fr.ac6.mcu.externaltools.arm-none.linux64_1.17.0.201812190825/tools/compiler/bin/../lib/gcc/arm-none-eabi/7.3.1/../../../../arm-none-eabi/lib/thumb/v7e-m/fpv4-sp/hard/libc.a(lib_a-exit.o) (__call_exitprocs)
/home/py/Ac6/SystemWorkbench/plugins/fr.ac6.mcu.externaltools.arm-none.linux64_1.17.0.201812190825/tools/compiler/bin/../lib/gcc/arm-none-eabi/7.3.1/../../../../arm-none-eabi/lib/thumb/v7e-m/fpv4-sp/hard/libc.a(lib_a-atexit.o)
[...]
Memory Configuration

Name             Origin             Length             Attributes
RAM              0x0000000020000000 0x0000000000020000 xrw
ROM              0x0000000008000000 0x0000000000080000 xr
*default*        0x0000000000000000 0xffffffffffffffff

Linker script and memory map

LOAD /home/py/Ac6/SystemWorkbench/plugins/fr.ac6.mcu.externaltools.arm-none.linux64_1.17.0.201812190825/tools/compiler/bin/../lib/gcc/arm-none-eabi/7.3.1/thumb/v7e-m/fpv4-sp/hard/crti.o
LOAD /home/py/Ac6/SystemWorkbench/plugins/fr.ac6.mcu.externaltools.arm-none.linux64_1.17.0.201812190825/tools/compiler/bin/../lib/gcc/arm-none-eabi/7.3.1/thumb/v7e-m/fpv4-sp/hard/crtbegin.o
LOAD /home/py/Ac6/SystemWorkbench/plugins/fr.ac6.mcu.externaltools.arm-none.linux64_1.17.0.201812190825/tools/compiler/bin/../lib/gcc/arm-none-eabi/7.3.1/../../../../arm-none-eabi/lib/thumb/v7e-m/fpv4-sp/hard/crt0.o
LOAD StdPeriph_Driver/src/misc.o
LOAD StdPeriph_Driver/src/stm32f4xx_adc.o
LOAD StdPeriph_Driver/src/stm32f4xx_can.o
LOAD StdPeriph_Driver/src/stm32f4xx_cec.o
LOAD StdPeriph_Driver/src/stm32f4xx_crc.o
LOAD StdPeriph_Driver/src/stm32f4xx_cryp.o
LOAD StdPeriph_Driver/src/stm32f4xx_cryp_aes.o
LOAD StdPeriph_Driver/src/stm32f4xx_cryp_des.o
LOAD StdPeriph_Driver/src/stm32f4xx_cryp_tdes.o
LOAD StdPeriph_Driver/src/stm32f4xx_dac.o
LOAD StdPeriph_Driver/src/stm32f4xx_dbgmcu.o
LOAD StdPeriph_Driver/src/stm32f4xx_dcmi.o
LOAD StdPeriph_Driver/src/stm32f4xx_dfsdm.o
LOAD StdPeriph_Driver/src/stm32f4xx_dma.o
LOAD StdPeriph_Driver/src/stm32f4xx_dma2d.o
LOAD StdPeriph_Driver/src/stm32f4xx_dsi.o
LOAD StdPeriph_Driver/src/stm32f4xx_exti.o
LOAD StdPeriph_Driver/src/stm32f4xx_flash.o
LOAD StdPeriph_Driver/src/stm32f4xx_flash_ramfunc.o
LOAD StdPeriph_Driver/src/stm32f4xx_fmc.o
LOAD StdPeriph_Driver/src/stm32f4xx_fmip2c.o
LOAD StdPeriph_Driver/src/stm32f4xx_fsmc.o
LOAD StdPeriph_Driver/src/stm32f4xx_gpio.o
LOAD StdPeriph_Driver/src/stm32f4xx_hash.o
LOAD StdPeriph_Driver/src/stm32f4xx_hash_md5.o
LOAD StdPeriph_Driver/src/stm32f4xx_hash_sha1.o
LOAD StdPeriph_Driver/src/stm32f4xx_i2c.o
LOAD StdPeriph_Driver/src/stm32f4xx_iwdg.o
LOAD StdPeriph_Driver/src/stm32f4xx_lptim.o
LOAD StdPeriph_Driver/src/stm32f4xx_ltdc.o
LOAD StdPeriph_Driver/src/stm32f4xx_pwr.o
LOAD StdPeriph_Driver/src/stm32f4xx_qspi.o
LOAD StdPeriph_Driver/src/stm32f4xx_rcc.o
LOAD StdPeriph_Driver/src/stm32f4xx_rng.o
LOAD StdPeriph_Driver/src/stm32f4xx_rtc.o
LOAD StdPeriph_Driver/src/stm32f4xx_sai.o
LOAD StdPeriph_Driver/src/stm32f4xx_sdio.o
LOAD StdPeriph_Driver/src/stm32f4xx_spdifrx.o
LOAD StdPeriph_Driver/src/stm32f4xx_spi.o
LOAD StdPeriph_Driver/src/stm32f4xx_syscfg.o
LOAD StdPeriph_Driver/src/stm32f4xx_tim.o
LOAD StdPeriph_Driver/src/stm32f4xx_usart.o
LOAD StdPeriph_Driver/src/stm32f4xx_wwdg.o
LOAD Third-Party/FreeRTOS/org/Source/croutine.o
LOAD Third-Party/FreeRTOS/org/Source/event_groups.o
LOAD Third-Party/FreeRTOS/org/Source/list.o
LOAD Third-Party/FreeRTOS/org/Source/queue.o
LOAD Third-Party/FreeRTOS/org/Source/stream_buffer.o
LOAD Third-Party/FreeRTOS/org/Source/tasks.o
LOAD Third-Party/FreeRTOS/org/Source/timers.o
LOAD Third-Party/FreeRTOS/org/Source/portable/GCC/ARM_CM4F/port.o
LOAD Third-Party/FreeRTOS/org/Source/portable/MemMang/heap_4.o
LOAD Third-Party/SEGGER/Config/SEGGER_SYSVIEW_Config_FreeRTOS.o
LOAD Third-Party/SEGGER/OS/SEGGER_SYSVIEW_FreeRTOS.o
LOAD Third-Party/SEGGER/SEGGER/SEGGER_RTT.o
LOAD Third-Party/SEGGER/SEGGER/SEGGER_SYSVIEW.o
LOAD src/main.o
LOAD src/syscalls.o
LOAD src/system_stm32f4xx.o
LOAD startup/startup_stm32.o
LOAD /home/py/Ac6/SystemWorkbench/plugins/fr.ac6.mcu.externaltools.arm-none.linux64_1.17.0.201812190825/tools/compiler/bin/../lib/gcc/arm-none-eabi/7.3.1/../../../../arm-none-eabi/lib/thumb/v7e-m/fpv4-sp/hard/libm.a
START GROUP
LOAD /home/py/Ac6/SystemWorkbench/plugins/fr.ac6.mcu.externaltools.arm-none.linux64_1.17.0.201812190825/tools/compiler/bin/../lib/gcc/arm-none-eabi/7.3.1/thumb/v7e-m/fpv4-sp/hard/libgcc.a
LOAD /home/py/Ac6/SystemWorkbench/plugins/fr.ac6.mcu.externaltools.arm-none.linux64_1.17.0.201812190825/tools/compiler/bin/../lib/gcc/arm-none-eabi/7.3.1/../../../../arm-none-eabi/lib/thumb/v7e-m/fpv4-sp/hard/libc.a
END GROUP
LOAD /home/py/Ac6/SystemWorkbench/plugins/fr.ac6.mcu.externaltools.arm-none.linux64_1.17.0.201812190825/tools/compiler/bin/../lib/gcc/arm-none-eabi/7.3.1/thumb/v7e-m/fpv4-sp/hard/crtend.o
LOAD /home/py/Ac6/SystemWorkbench/plugins/fr.ac6.mcu.externaltools.arm-none.linux64_1.17.0.201812190825/tools/compiler/bin/../lib/gcc/arm-none-eabi/7.3.1/thumb/v7e-m/fpv4-sp/hard/crtn.o
                0x0000000020020000                _estack = 0x20020000
                0x0000000000000000                _Min_Heap_Size = 0x0
                0x0000000000000400                _Min_Stack_Size = 0x400

.isr_vector     0x0000000008000000      0x1c4
                0x0000000008000000                . = ALIGN (0x4)
 *(.isr_vector)
 .isr_vector    0x0000000008000000      0x1c4 startup/startup_stm32.o
                0x0000000008000000                g_pfnVectors
                0x00000000080001c4                . = ALIGN (0x4)

.text           0x0000000008000200     0xa53c
                0x0000000008000200                . = ALIGN (0x4)
 *(.text)
 .text          0x0000000008000200       0x40 /home/py/Ac6/SystemWorkbench/plugins/fr.ac6.mcu.externaltools.arm-none.linux64_1.17.0.201812190825/tools/compiler/bin/../lib/gcc/arm-none-eabi/7.3.1/thumb/v7e-m/fpv4-sp/hard/crtbegin.o
 .text          0x0000000008000240      0x134 /home/py/Ac6/SystemWorkbench/plugins/fr.ac6.mcu.externaltools.arm-none.linux64_1.17.0.201812190825/tools/compiler/bin/../lib/gcc/arm-none-eabi/7.3.1/../../../../arm-none-eabi/lib/thumb/v7e-m/fpv4-sp/hard/libc.a(lib_a-memcpy.o)
                0x0000000008000240                memcpy
 *fill*         0x0000000008000374        0xc 
 .text          0x0000000008000380       0xdc /home/py/Ac6/SystemWorkbench/plugins/fr.ac6.mcu.externaltools.arm-none.linux64_1.17.0.201812190825/tools/compiler/bin/../lib/gcc/arm-none-eabi/7.3.1/../../../../arm-none-eabi/lib/thumb/v7e-m/fpv4-sp/hard/libc.a(lib_a-strlen.o)
                0x0000000008000380                strlen
 *fill*         0x000000000800045c        0x4 
 .text          0x0000000008000460       0xa0 /home/py/Ac6/SystemWorkbench/plugins/fr.ac6.mcu.externaltools.arm-none.linux64_1.17.0.201812190825/tools/compiler/bin/../lib/gcc/arm-none-eabi/7.3.1/../../../../arm-none-eabi/lib/thumb/v7e-m/fpv4-sp/hard/libc.a(lib_a-memchr.o)
                0x0000000008000460                memchr
 .text          0x0000000008000500      0x378 /home/py/Ac6/SystemWorkbench/plugins/fr.ac6.mcu.externaltools.arm-none.linux64_1.17.0.201812190825/tools/compiler/bin/../lib/gcc/arm-none-eabi/7.3.1/thumb/v7e-m/fpv4-sp/hard/libgcc.a(_arm_addsubdf3.o)
                0x0000000008000500                __aeabi_drsub
                0x0000000008000508                __aeabi_dsub
                0x0000000008000508                __subdf3
                0x000000000800050c                __adddf3
                0x000000000800050c                __aeabi_dadd
                0x0000000008000784                __aeabi_ui2d
                0x0000000008000784                __floatunsidf
                0x00000000080007a4                __floatsidf
                0x00000000080007a4                __aeabi_i2d
                0x00000000080007c8                __extendsfdf2
                0x00000000080007c8                __aeabi_f2d
                0x000000000800080c                __aeabi_ul2d
                0x000000000800080c                __floatundidf
                0x000000000800081c                __floatdidf
                0x000000000800081c                __aeabi_l2d
 .text          0x0000000008000878      0x424 /home/py/Ac6/SystemWorkbench/plugins/fr.ac6.mcu.externaltools.arm-none.linux64_1.17.0.201812190825/tools/compiler/bin/../lib/gcc/arm-none-eabi/7.3.1/thumb/v7e-m/fpv4-sp/hard/libgcc.a(_arm_muldivdf3.o)
                0x0000000008000878                __aeabi_dmul
                0x0000000008000878                __muldf3
                0x0000000008000acc                __aeabi_ddiv
                0x0000000008000acc                __divdf3
 .text          0x0000000008000c9c      0x110 /home/py/Ac6/SystemWorkbench/plugins/fr.ac6.mcu.externaltools.arm-none.linux64_1.17.0.201812190825/tools/compiler/bin/../lib/gcc/arm-none-eabi/7.3.1/thumb/v7e-m/fpv4-sp/hard/libgcc.a(_arm_cmpdf2.o)
                0x0000000008000c9c                __gtdf2
                0x0000000008000c9c                __gedf2
                0x0000000008000ca4                __ltdf2
                0x0000000008000ca4                __ledf2
                0x0000000008000cac                __cmpdf2
                0x0000000008000cac                __eqdf2
                0x0000000008000cac                __nedf2
                0x0000000008000d28                __aeabi_cdrcmple
                0x0000000008000d38                __aeabi_cdcmple
                0x0000000008000d38                __aeabi_cdcmpeq
                0x0000000008000d48                __aeabi_dcmpeq
                0x0000000008000d5c                __aeabi_dcmplt
                0x0000000008000d70                __aeabi_dcmple
                0x0000000008000d84                __aeabi_dcmpge
                0x0000000008000d98                __aeabi_dcmpgt
 .text          0x0000000008000dac       0x2c /home/py/Ac6/SystemWorkbench/plugins/fr.ac6.mcu.externaltools.arm-none.linux64_1.17.0.201812190825/tools/compiler/bin/../lib/gcc/arm-none-eabi/7.3.1/thumb/v7e-m/fpv4-sp/hard/libgcc.a(_arm_unorddf2.o)
                0x0000000008000dac                __aeabi_dcmpun
                0x0000000008000dac                __unorddf2
 .text          0x0000000008000dd8       0x50 /home/py/Ac6/SystemWorkbench/plugins/fr.ac6.mcu.externaltools.arm-none.linux64_1.17.0.201812190825/tools/compiler/bin/../lib/gcc/arm-none-eabi/7.3.1/thumb/v7e-m/fpv4-sp/hard/libgcc.a(_arm_fixdfsi.o)
                0x0000000008000dd8                __fixdfsi
                0x0000000008000dd8                __aeabi_d2iz
 .text          0x0000000008000e28       0x30 /home/py/Ac6/SystemWorkbench/plugins/fr.ac6.mcu.externaltools.arm-none.linux64_1.17.0.201812190825/tools/compiler/bin/../lib/gcc/arm-none-eabi/7.3.1/thumb/v7e-m/fpv4-sp/hard/libgcc.a(_aeabi_uldivmod.o)
                0x0000000008000e28                __aeabi_uldivmod
 .text          0x0000000008000e58      0x2cc /home/py/Ac6/SystemWorkbench/plugins/fr.ac6.mcu.externaltools.arm-none.linux64_1.17.0.201812190825/tools/compiler/bin/../lib/gcc/arm-none-eabi/7.3.1/thumb/v7e-m/fpv4-sp/hard/libgcc.a(_udivmoddi4.o)
                0x0000000008000e58                __udivmoddi4
 .text          0x0000000008001124        0x4 /home/py/Ac6/SystemWorkbench/plugins/fr.ac6.mcu.externaltools.arm-none.linux64_1.17.0.201812190825/tools/compiler/bin/../lib/gcc/arm-none-eabi/7.3.1/thumb/v7e-m/fpv4-sp/hard/libgcc.a(_dvmd_tls.o)
                0x0000000008001124                __aeabi_ldiv0
                0x0000000008001124                __aeabi_idiv0
 *(.text*)
 .text.GPIO_Init
                0x0000000008001128      0x11c StdPeriph_Driver/src/stm32f4xx_gpio.o
                0x0000000008001128                GPIO_Init
 .text.GPIO_PinAFConfig
                0x0000000008001244       0x92 StdPeriph_Driver/src/stm32f4xx_gpio.o
                0x0000000008001244                GPIO_PinAFConfig
 *fill*         0x00000000080012d6        0x2 
 .text.RCC_DeInit
                0x00000000080012d8       0x70 StdPeriph_Driver/src/stm32f4xx_rcc.o
                0x00000000080012d8                RCC_DeInit
 .text.RCC_GetClocksFreq
                0x0000000008001348      0x1f4 StdPeriph_Driver/src/stm32f4xx_rcc.o
                0x0000000008001348                RCC_GetClocksFreq
 .text.RCC_AHB1PeriphClockCmd
                0x000000000800153c       0x40 StdPeriph_Driver/src/stm32f4xx_rcc.o
                0x000000000800153c                RCC_AHB1PeriphClockCmd
 .text.RCC_APB1PeriphClockCmd
                0x000000000800157c       0x40 StdPeriph_Driver/src/stm32f4xx_rcc.o
                0x000000000800157c                RCC_APB1PeriphClockCmd
 .text.USART_Init
                0x00000000080015bc      0x174 StdPeriph_Driver/src/stm32f4xx_usart.o
                0x00000000080015bc                USART_Init
 .text.USART_Cmd
                0x0000000008001730       0x40 StdPeriph_Driver/src/stm32f4xx_usart.o
                0x0000000008001730                USART_Cmd
 .text.USART_SendData
                0x0000000008001770       0x24 StdPeriph_Driver/src/stm32f4xx_usart.o
                0x0000000008001770                USART_SendData
 .text.USART_GetFlagStatus
                0x0000000008001794       0x38 StdPeriph_Driver/src/stm32f4xx_usart.o
                0x0000000008001794                USART_GetFlagStatus
 .text.vListInitialise
                0x00000000080017cc       0x40 Third-Party/FreeRTOS/org/Source/list.o
                0x00000000080017cc                vListInitialise
 .text.vListInitialiseItem
                0x000000000800180c       0x1a Third-Party/FreeRTOS/org/Source/list.o
                0x000000000800180c                vListInitialiseItem
 .text.vListInsertEnd
                0x0000000008001826       0x48 Third-Party/FreeRTOS/org/Source/list.o
                0x0000000008001826                vListInsertEnd
 .text.vListInsert
                0x000000000800186e       0x72 Third-Party/FreeRTOS/org/Source/list.o
                0x000000000800186e                vListInsert
 .text.uxListRemove
                0x00000000080018e0       0x54 Third-Party/FreeRTOS/org/Source/list.o
                0x00000000080018e0                uxListRemove
 .text.xQueueGenericReset
                0x0000000008001934       0xd0 Third-Party/FreeRTOS/org/Source/queue.o
                0x0000000008001934                xQueueGenericReset
 .text.xQueueGenericCreate
                0x0000000008001a04       0x76 Third-Party/FreeRTOS/org/Source/queue.o
                0x0000000008001a04                xQueueGenericCreate
 .text.prvInitialiseNewQueue
                0x0000000008001a7a       0x52 Third-Party/FreeRTOS/org/Source/queue.o
 .text.xQueueGenericSend
                0x0000000008001acc      0x244 Third-Party/FreeRTOS/org/Source/queue.o
                0x0000000008001acc                xQueueGenericSend
 .text.xQueueGenericSendFromISR
                0x0000000008001d10      0x150 Third-Party/FreeRTOS/org/Source/queue.o
                0x0000000008001d10                xQueueGenericSendFromISR
 .text.xQueueReceive
                0x0000000008001e60      0x228 Third-Party/FreeRTOS/org/Source/queue.o
                0x0000000008001e60                xQueueReceive
 .text.xQueueSemaphoreTake
                0x0000000008002088      0x27c Third-Party/FreeRTOS/org/Source/queue.o
                0x0000000008002088                xQueueSemaphoreTake
 .text.prvGetDisinheritPriorityAfterTimeout
                0x0000000008002304       0x30 Third-Party/FreeRTOS/org/Source/queue.o
 .text.prvCopyDataToQueue
                0x0000000008002334       0xd4 Third-Party/FreeRTOS/org/Source/queue.o
 .text.prvCopyDataFromQueue
                0x0000000008002408       0x4c Third-Party/FreeRTOS/org/Source/queue.o
 .text.prvUnlockQueue
                0x0000000008002454       0xa4 Third-Party/FreeRTOS/org/Source/queue.o
 .text.prvIsQueueEmpty
                0x00000000080024f8       0x2c Third-Party/FreeRTOS/org/Source/queue.o
 .text.prvIsQueueFull
                0x0000000008002524       0x30 Third-Party/FreeRTOS/org/Source/queue.o
 .text.vQueueAddToRegistry
                0x0000000008002554       0x60 Third-Party/FreeRTOS/org/Source/queue.o
                0x0000000008002554                vQueueAddToRegistry
 .text.vQueueWaitForMessageRestricted
                0x00000000080025b4       0x68 Third-Party/FreeRTOS/org/Source/queue.o
                0x00000000080025b4                vQueueWaitForMessageRestricted
 .text.xTaskCreate
                0x000000000800261c       0x82 Third-Party/FreeRTOS/org/Source/tasks.o
                0x000000000800261c                xTaskCreate
 .text.prvInitialiseNewTask
                0x000000000800269e      0x126 Third-Party/FreeRTOS/org/Source/tasks.o
 .text.prvAddNewTaskToReadyList
                0x00000000080027c4      0x118 Third-Party/FreeRTOS/org/Source/tasks.o
 .text.vTaskDelay
                0x00000000080028dc       0x70 Third-Party/FreeRTOS/org/Source/tasks.o
                0x00000000080028dc                vTaskDelay
 .text.vTaskStartScheduler
                0x000000000800294c       0xb8 Third-Party/FreeRTOS/org/Source/tasks.o
                0x000000000800294c                vTaskStartScheduler
 .text.vTaskSuspendAll
                0x0000000008002a04       0x1c Third-Party/FreeRTOS/org/Source/tasks.o
                0x0000000008002a04                vTaskSuspendAll
 .text.xTaskResumeAll
                0x0000000008002a20      0x140 Third-Party/FreeRTOS/org/Source/tasks.o
                0x0000000008002a20                xTaskResumeAll
 .text.xTaskGetTickCount
                0x0000000008002b60       0x20 Third-Party/FreeRTOS/org/Source/tasks.o
                0x0000000008002b60                xTaskGetTickCount
 .text.xTaskGetTickCountFromISR
                0x0000000008002b80       0x24 Third-Party/FreeRTOS/org/Source/tasks.o
                0x0000000008002b80                xTaskGetTickCountFromISR
 .text.xTaskIncrementTick
                0x0000000008002ba4      0x178 Third-Party/FreeRTOS/org/Source/tasks.o
                0x0000000008002ba4                xTaskIncrementTick
 .text.vTaskSwitchContext
                0x0000000008002d1c       0xd0 Third-Party/FreeRTOS/org/Source/tasks.o
                0x0000000008002d1c                vTaskSwitchContext
 .text.vTaskPlaceOnEventList
                0x0000000008002dec       0x48 Third-Party/FreeRTOS/org/Source/tasks.o
                0x0000000008002dec                vTaskPlaceOnEventList
 .text.vTaskPlaceOnEventListRestricted
                0x0000000008002e34       0x5c Third-Party/FreeRTOS/org/Source/tasks.o
                0x0000000008002e34                vTaskPlaceOnEventListRestricted
 .text.xTaskRemoveFromEventList
                0x0000000008002e90       0xcc Third-Party/FreeRTOS/org/Source/tasks.o
                0x0000000008002e90                xTaskRemoveFromEventList
 .text.vTaskInternalSetTimeOutState
                0x0000000008002f5c       0x2c Third-Party/FreeRTOS/org/Source/tasks.o
                0x0000000008002f5c                vTaskInternalSetTimeOutState
 .text.xTaskCheckForTimeOut
                0x0000000008002f88       0xc0 Third-Party/FreeRTOS/org/Source/tasks.o
                0x0000000008002f88                xTaskCheckForTimeOut
 .text.vTaskMissedYield
                0x0000000008003048       0x18 Third-Party/FreeRTOS/org/Source/tasks.o
                0x0000000008003048                vTaskMissedYield
 .text.prvIdleTask
                0x0000000008003060       0x30 Third-Party/FreeRTOS/org/Source/tasks.o
 .text.prvInitialiseTaskLists
                0x0000000008003090       0x80 Third-Party/FreeRTOS/org/Source/tasks.o
 .text.prvCheckTasksWaitingTermination
                0x0000000008003110       0x58 Third-Party/FreeRTOS/org/Source/tasks.o
 .text.prvDeleteTCB
                0x0000000008003168       0x20 Third-Party/FreeRTOS/org/Source/tasks.o
 .text.prvResetNextTaskUnblockTime
                0x0000000008003188       0x40 Third-Party/FreeRTOS/org/Source/tasks.o
 .text.xTaskGetSchedulerState
                0x00000000080031c8       0x3c Third-Party/FreeRTOS/org/Source/tasks.o
                0x00000000080031c8                xTaskGetSchedulerState
 .text.xTaskPriorityInherit
                0x0000000008003204      0x10c Third-Party/FreeRTOS/org/Source/tasks.o
                0x0000000008003204                xTaskPriorityInherit
 .text.xTaskPriorityDisinherit
                0x0000000008003310      0x110 Third-Party/FreeRTOS/org/Source/tasks.o
                0x0000000008003310                xTaskPriorityDisinherit
 .text.vTaskPriorityDisinheritAfterTimeout
                0x0000000008003420      0x144 Third-Party/FreeRTOS/org/Source/tasks.o
                0x0000000008003420                vTaskPriorityDisinheritAfterTimeout
 .text.pvTaskIncrementMutexHeldCount
                0x0000000008003564       0x28 Third-Party/FreeRTOS/org/Source/tasks.o
                0x0000000008003564                pvTaskIncrementMutexHeldCount
 .text.prvAddCurrentTaskToDelayedList
                0x000000000800358c       0xf0 Third-Party/FreeRTOS/org/Source/tasks.o
 .text.xTimerCreateTimerTask
                0x000000000800367c       0x64 Third-Party/FreeRTOS/org/Source/timers.o
                0x000000000800367c                xTimerCreateTimerTask
 .text.xTimerGenericCommand
                0x00000000080036e0       0x98 Third-Party/FreeRTOS/org/Source/timers.o
                0x00000000080036e0                xTimerGenericCommand
 .text.prvProcessExpiredTimer
                0x0000000008003778       0x80 Third-Party/FreeRTOS/org/Source/timers.o
 .text.prvTimerTask
                0x00000000080037f8       0x24 Third-Party/FreeRTOS/org/Source/timers.o
 .text.prvProcessTimerOrBlockTask
                0x000000000800381c       0x9c Third-Party/FreeRTOS/org/Source/timers.o
 .text.prvGetNextExpireTime
                0x00000000080038b8       0x48 Third-Party/FreeRTOS/org/Source/timers.o
 .text.prvSampleTimeNow
                0x0000000008003900       0x40 Third-Party/FreeRTOS/org/Source/timers.o
 .text.prvInsertTimerInActiveList
                0x0000000008003940       0x84 Third-Party/FreeRTOS/org/Source/timers.o
 .text.prvProcessReceivedCommands
                0x00000000080039c4      0x124 Third-Party/FreeRTOS/org/Source/timers.o
 .text.prvSwitchTimerLists
                0x0000000008003ae8       0xc0 Third-Party/FreeRTOS/org/Source/timers.o
 .text.prvCheckForValidListAndQueue
                0x0000000008003ba8       0x6c Third-Party/FreeRTOS/org/Source/timers.o
 .text.pxPortInitialiseStack
                0x0000000008003c14       0x68 Third-Party/FreeRTOS/org/Source/portable/GCC/ARM_CM4F/port.o
                0x0000000008003c14                pxPortInitialiseStack
 .text.prvTaskExitError
                0x0000000008003c7c       0x54 Third-Party/FreeRTOS/org/Source/portable/GCC/ARM_CM4F/port.o
 .text.SVC_Handler
                0x0000000008003cd0       0x28 Third-Party/FreeRTOS/org/Source/portable/GCC/ARM_CM4F/port.o
                0x0000000008003cd0                SVC_Handler
 .text.prvPortStartFirstTask
                0x0000000008003cf8       0x28 Third-Party/FreeRTOS/org/Source/portable/GCC/ARM_CM4F/port.o
 .text.xPortStartScheduler
                0x0000000008003d20      0x13c Third-Party/FreeRTOS/org/Source/portable/GCC/ARM_CM4F/port.o
                0x0000000008003d20                xPortStartScheduler
 .text.vPortEnterCritical
                0x0000000008003e5c       0x5c Third-Party/FreeRTOS/org/Source/portable/GCC/ARM_CM4F/port.o
                0x0000000008003e5c                vPortEnterCritical
 .text.vPortExitCritical
                0x0000000008003eb8       0x50 Third-Party/FreeRTOS/org/Source/portable/GCC/ARM_CM4F/port.o
                0x0000000008003eb8                vPortExitCritical
 *fill*         0x0000000008003f08        0x8 
 .text.PendSV_Handler
                0x0000000008003f10       0x68 Third-Party/FreeRTOS/org/Source/portable/GCC/ARM_CM4F/port.o
                0x0000000008003f10                PendSV_Handler
 .text.SysTick_Handler
                0x0000000008003f78       0x54 Third-Party/FreeRTOS/org/Source/portable/GCC/ARM_CM4F/port.o
                0x0000000008003f78                SysTick_Handler
 .text.vPortSetupTimerInterrupt
                0x0000000008003fcc       0x48 Third-Party/FreeRTOS/org/Source/portable/GCC/ARM_CM4F/port.o
                0x0000000008003fcc                vPortSetupTimerInterrupt
 .text.vPortEnableVFP
                0x0000000008004014       0x14 Third-Party/FreeRTOS/org/Source/portable/GCC/ARM_CM4F/port.o
 .text.vPortValidateInterruptPriority
                0x0000000008004028       0x7c Third-Party/FreeRTOS/org/Source/portable/GCC/ARM_CM4F/port.o
                0x0000000008004028                vPortValidateInterruptPriority
 .text.pvPortMalloc
                0x00000000080040a4      0x184 Third-Party/FreeRTOS/org/Source/portable/MemMang/heap_4.o
                0x00000000080040a4                pvPortMalloc
 .text.vPortFree
                0x0000000008004228       0xb0 Third-Party/FreeRTOS/org/Source/portable/MemMang/heap_4.o
                0x0000000008004228                vPortFree
 .text.prvHeapInit
                0x00000000080042d8       0xc4 Third-Party/FreeRTOS/org/Source/portable/MemMang/heap_4.o
 .text.prvInsertBlockIntoFreeList
                0x000000000800439c       0xb4 Third-Party/FreeRTOS/org/Source/portable/MemMang/heap_4.o
 .text._cbSendSystemDesc
                0x0000000008004450       0x1c Third-Party/SEGGER/Config/SEGGER_SYSVIEW_Config_FreeRTOS.o
 .text.SEGGER_SYSVIEW_Conf
                0x000000000800446c       0x2c Third-Party/SEGGER/Config/SEGGER_SYSVIEW_Config_FreeRTOS.o
                0x000000000800446c                SEGGER_SYSVIEW_Conf
 .text._cbSendTaskList
                0x0000000008004498       0x90 Third-Party/SEGGER/OS/SEGGER_SYSVIEW_FreeRTOS.o
 .text._cbGetTime
                0x0000000008004528       0x76 Third-Party/SEGGER/OS/SEGGER_SYSVIEW_FreeRTOS.o
 *fill*         0x000000000800459e        0x2 
 .text.SYSVIEW_AddTask
                0x00000000080045a0       0xd0 Third-Party/SEGGER/OS/SEGGER_SYSVIEW_FreeRTOS.o
                0x00000000080045a0                SYSVIEW_AddTask
 .text.SYSVIEW_SendTaskInfo
                0x0000000008004670       0x42 Third-Party/SEGGER/OS/SEGGER_SYSVIEW_FreeRTOS.o
                0x0000000008004670                SYSVIEW_SendTaskInfo
 *fill*         0x00000000080046b2        0x2 
 .text._DoInit  0x00000000080046b4       0xa4 Third-Party/SEGGER/SEGGER/SEGGER_RTT.o
 .text.SEGGER_RTT_ReadNoLock
                0x0000000008004758      0x104 Third-Party/SEGGER/SEGGER/SEGGER_RTT.o
                0x0000000008004758                SEGGER_RTT_ReadNoLock
 .text.SEGGER_RTT_WriteSkipNoLock
                0x000000000800485c      0x120 Third-Party/SEGGER/SEGGER/SEGGER_RTT.o
                0x000000000800485c                SEGGER_RTT_WriteSkipNoLock
 .text.SEGGER_RTT_ConfigUpBuffer
                0x000000000800497c       0xd4 Third-Party/SEGGER/SEGGER/SEGGER_RTT.o
                0x000000000800497c                SEGGER_RTT_ConfigUpBuffer
 .text.SEGGER_RTT_ConfigDownBuffer
                0x0000000008004a50       0xd4 Third-Party/SEGGER/SEGGER/SEGGER_RTT.o
                0x0000000008004a50                SEGGER_RTT_ConfigDownBuffer
 .text._EncodeStr
                0x0000000008004b24       0x9a Third-Party/SEGGER/SEGGER/SEGGER_SYSVIEW.o
 .text._PreparePacket
                0x0000000008004bbe       0x18 Third-Party/SEGGER/SEGGER/SEGGER_SYSVIEW.o
 .text._HandleIncomingPacket
                0x0000000008004bd6       0xb8 Third-Party/SEGGER/SEGGER/SEGGER_SYSVIEW.o
 *fill*         0x0000000008004c8e        0x2 
 .text._TrySendOverflowPacket
                0x0000000008004c90       0xe0 Third-Party/SEGGER/SEGGER/SEGGER_SYSVIEW.o
 .text._SendPacket
                0x0000000008004d70      0x1a8 Third-Party/SEGGER/SEGGER/SEGGER_SYSVIEW.o
 .text.SEGGER_SYSVIEW_Init
                0x0000000008004f18       0x7c Third-Party/SEGGER/SEGGER/SEGGER_SYSVIEW.o
                0x0000000008004f18                SEGGER_SYSVIEW_Init
 .text.SEGGER_SYSVIEW_SetRAMBase
                0x0000000008004f94       0x20 Third-Party/SEGGER/SEGGER/SEGGER_SYSVIEW.o
                0x0000000008004f94                SEGGER_SYSVIEW_SetRAMBase
 .text.SEGGER_SYSVIEW_RecordVoid
                0x0000000008004fb4       0x3c Third-Party/SEGGER/SEGGER/SEGGER_SYSVIEW.o
                0x0000000008004fb4                SEGGER_SYSVIEW_RecordVoid
 .text.SEGGER_SYSVIEW_RecordU32
                0x0000000008004ff0       0x78 Third-Party/SEGGER/SEGGER/SEGGER_SYSVIEW.o
                0x0000000008004ff0                SEGGER_SYSVIEW_RecordU32
 .text.SEGGER_SYSVIEW_RecordU32x2
                0x0000000008005068       0xb4 Third-Party/SEGGER/SEGGER/SEGGER_SYSVIEW.o
                0x0000000008005068                SEGGER_SYSVIEW_RecordU32x2
 .text.SEGGER_SYSVIEW_RecordU32x3
                0x000000000800511c       0xec Third-Party/SEGGER/SEGGER/SEGGER_SYSVIEW.o
                0x000000000800511c                SEGGER_SYSVIEW_RecordU32x3
 .text.SEGGER_SYSVIEW_RecordU32x4
                0x0000000008005208      0x124 Third-Party/SEGGER/SEGGER/SEGGER_SYSVIEW.o
                0x0000000008005208                SEGGER_SYSVIEW_RecordU32x4
 .text.SEGGER_SYSVIEW_Start
                0x000000000800532c      0x178 Third-Party/SEGGER/SEGGER/SEGGER_SYSVIEW.o
                0x000000000800532c                SEGGER_SYSVIEW_Start
 .text.SEGGER_SYSVIEW_Stop
                0x00000000080054a4       0x4c Third-Party/SEGGER/SEGGER/SEGGER_SYSVIEW.o
                0x00000000080054a4                SEGGER_SYSVIEW_Stop
 .text.SEGGER_SYSVIEW_GetSysDesc
                0x00000000080054f0      0x134 Third-Party/SEGGER/SEGGER/SEGGER_SYSVIEW.o
                0x00000000080054f0                SEGGER_SYSVIEW_GetSysDesc
 .text.SEGGER_SYSVIEW_SendTaskInfo
                0x0000000008005624      0x1cc Third-Party/SEGGER/SEGGER/SEGGER_SYSVIEW.o
                0x0000000008005624                SEGGER_SYSVIEW_SendTaskInfo
 .text.SEGGER_SYSVIEW_SendTaskList
                0x00000000080057f0       0x28 Third-Party/SEGGER/SEGGER/SEGGER_SYSVIEW.o
                0x00000000080057f0                SEGGER_SYSVIEW_SendTaskList
 .text.SEGGER_SYSVIEW_SendSysDesc
                0x0000000008005818       0x48 Third-Party/SEGGER/SEGGER/SEGGER_SYSVIEW.o
                0x0000000008005818                SEGGER_SYSVIEW_SendSysDesc
 .text.SEGGER_SYSVIEW_RecordSystime
                0x0000000008005860       0x60 Third-Party/SEGGER/SEGGER/SEGGER_SYSVIEW.o
                0x0000000008005860                SEGGER_SYSVIEW_RecordSystime
 .text.SEGGER_SYSVIEW_RecordEnterISR
                0x00000000080058c0       0x84 Third-Party/SEGGER/SEGGER/SEGGER_SYSVIEW.o
                0x00000000080058c0                SEGGER_SYSVIEW_RecordEnterISR
 .text.SEGGER_SYSVIEW_RecordExitISR
                0x0000000008005944       0x38 Third-Party/SEGGER/SEGGER/SEGGER_SYSVIEW.o
                0x0000000008005944                SEGGER_SYSVIEW_RecordExitISR
 .text.SEGGER_SYSVIEW_RecordExitISRToScheduler
                0x000000000800597c       0x38 Third-Party/SEGGER/SEGGER/SEGGER_SYSVIEW.o
                0x000000000800597c                SEGGER_SYSVIEW_RecordExitISRToScheduler
 .text.SEGGER_SYSVIEW_OnIdle
                0x00000000080059b4       0x38 Third-Party/SEGGER/SEGGER/SEGGER_SYSVIEW.o
                0x00000000080059b4                SEGGER_SYSVIEW_OnIdle
 .text.SEGGER_SYSVIEW_OnTaskCreate
                0x00000000080059ec       0x88 Third-Party/SEGGER/SEGGER/SEGGER_SYSVIEW.o
                0x00000000080059ec                SEGGER_SYSVIEW_OnTaskCreate
 .text.SEGGER_SYSVIEW_OnTaskStartExec
                0x0000000008005a74       0x88 Third-Party/SEGGER/SEGGER/SEGGER_SYSVIEW.o
                0x0000000008005a74                SEGGER_SYSVIEW_OnTaskStartExec
 .text.SEGGER_SYSVIEW_OnTaskStartReady
                0x0000000008005afc       0x88 Third-Party/SEGGER/SEGGER/SEGGER_SYSVIEW.o
                0x0000000008005afc                SEGGER_SYSVIEW_OnTaskStartReady
 .text.SEGGER_SYSVIEW_OnTaskStopReady
                0x0000000008005b84       0xc0 Third-Party/SEGGER/SEGGER/SEGGER_SYSVIEW.o
                0x0000000008005b84                SEGGER_SYSVIEW_OnTaskStopReady
 .text.SEGGER_SYSVIEW_ShrinkId
                0x0000000008005c44       0x24 Third-Party/SEGGER/SEGGER/SEGGER_SYSVIEW.o
                0x0000000008005c44                SEGGER_SYSVIEW_ShrinkId
 .text.SEGGER_SYSVIEW_SendModule
                0x0000000008005c68      0x100 Third-Party/SEGGER/SEGGER/SEGGER_SYSVIEW.o
                0x0000000008005c68                SEGGER_SYSVIEW_SendModule
 .text.SEGGER_SYSVIEW_SendModuleDescription
                0x0000000008005d68       0x3c Third-Party/SEGGER/SEGGER/SEGGER_SYSVIEW.o
                0x0000000008005d68                SEGGER_SYSVIEW_SendModuleDescription
 .text.SEGGER_SYSVIEW_SendNumModules
                0x0000000008005da4       0x7c Third-Party/SEGGER/SEGGER/SEGGER_SYSVIEW.o
                0x0000000008005da4                SEGGER_SYSVIEW_SendNumModules
 .text.SEGGER_SYSVIEW_Warn
                0x0000000008005e20       0xb8 Third-Party/SEGGER/SEGGER/SEGGER_SYSVIEW.o
                0x0000000008005e20                SEGGER_SYSVIEW_Warn
 .text.main     0x0000000008005ed8      0x108 src/main.o
                0x0000000008005ed8                main
 .text.vManagerTask
                0x0000000008005fe0       0x84 src/main.o
 .text.EmployeeDoWork
                0x0000000008006064       0x34 src/main.o
                0x0000000008006064                EmployeeDoWork
 .text.vEmployeeTask
                0x0000000008006098       0x7c src/main.o
 .text.prvSetupHardware
                0x0000000008006114       0x10 src/main.o
 .text.printmsg
                0x0000000008006124       0x50 src/main.o
                0x0000000008006124                printmsg
 .text.prvSetupUart
                0x0000000008006174       0x9c src/main.o
 .text.prvSetupGpio
                0x0000000008006210       0x68 src/main.o
                0x0000000008006210                prvSetupGpio
 .text._sbrk    0x0000000008006278       0x58 src/syscalls.o
                0x0000000008006278                _sbrk
 .text.SystemInit
                0x00000000080062d0       0x6c src/system_stm32f4xx.o
                0x00000000080062d0                SystemInit
 .text.SystemCoreClockUpdate
                0x000000000800633c      0x19c src/system_stm32f4xx.o
                0x000000000800633c                SystemCoreClockUpdate
 .text.SetSysClock
                0x00000000080064d8      0x12c src/system_stm32f4xx.o
 .text.Reset_Handler
                0x0000000008006604       0x50 startup/startup_stm32.o
                0x0000000008006604                Reset_Handler
 .text.Default_Handler
                0x0000000008006654        0x2 startup/startup_stm32.o
                0x0000000008006654                RTC_Alarm_IRQHandler
                0x0000000008006654                EXTI2_IRQHandler
                0x0000000008006654                TIM8_CC_IRQHandler
                0x0000000008006654                SPDIF_Rx_IRQHandler
                0x0000000008006654                DebugMon_Handler
                0x0000000008006654                SPI4_IRQHandler
                0x0000000008006654                TIM1_CC_IRQHandler
                0x0000000008006654                QuadSPI_IRQHandler
                0x0000000008006654                DMA2_Stream5_IRQHandler
                0x0000000008006654                HardFault_Handler
                0x0000000008006654                DMA1_Stream5_IRQHandler
                0x0000000008006654                PVD_IRQHandler
                0x0000000008006654                SDIO_IRQHandler
                0x0000000008006654                TAMP_STAMP_IRQHandler
                0x0000000008006654                NMI_Handler
                0x0000000008006654                CAN2_RX1_IRQHandler
                0x0000000008006654                EXTI3_IRQHandler
                0x0000000008006654                TIM8_TRG_COM_TIM14_IRQHandler
                0x0000000008006654                TIM1_UP_TIM10_IRQHandler
                0x0000000008006654                FMPI2C1_error_IRQHandler
                0x0000000008006654                TIM8_UP_TIM13_IRQHandler
                0x0000000008006654                I2C3_ER_IRQHandler
                0x0000000008006654                EXTI0_IRQHandler
                0x0000000008006654                I2C2_EV_IRQHandler
                0x0000000008006654                DMA1_Stream2_IRQHandler
                0x0000000008006654                CAN1_RX0_IRQHandler
                0x0000000008006654                FPU_IRQHandler
                0x0000000008006654                OTG_HS_WKUP_IRQHandler
                0x0000000008006654                UsageFault_Handler
                0x0000000008006654                CAN2_SCE_IRQHandler
                0x0000000008006654                DMA2_Stream2_IRQHandler
                0x0000000008006654                SPI1_IRQHandler
                0x0000000008006654                TIM6_DAC_IRQHandler
                0x0000000008006654                TIM1_BRK_TIM9_IRQHandler
                0x0000000008006654                DCMI_IRQHandler
                0x0000000008006654                CAN2_RX0_IRQHandler
                0x0000000008006654                DMA2_Stream3_IRQHandler
                0x0000000008006654                FMPI2C1_IRQHandler
                0x0000000008006654                SAI2_IRQHandler
                0x0000000008006654                USART6_IRQHandler
                0x0000000008006654                USART3_IRQHandler
                0x0000000008006654                CAN1_RX1_IRQHandler
                0x0000000008006654                UART5_IRQHandler
                0x0000000008006654                DMA2_Stream0_IRQHandler
                0x0000000008006654                TIM4_IRQHandler
                0x0000000008006654                I2C1_EV_IRQHandler
                0x0000000008006654                HDMI_CEC_IRQHandler
                0x0000000008006654                DMA1_Stream6_IRQHandler
                0x0000000008006654                DMA1_Stream1_IRQHandler
                0x0000000008006654                UART4_IRQHandler
                0x0000000008006654                TIM3_IRQHandler
                0x0000000008006654                RCC_IRQHandler
                0x0000000008006654                TIM8_BRK_TIM12_IRQHandler
                0x0000000008006654                Default_Handler
                0x0000000008006654                EXTI15_10_IRQHandler
                0x0000000008006654                ADC_IRQHandler
                0x0000000008006654                DMA1_Stream7_IRQHandler
                0x0000000008006654                TIM7_IRQHandler
                0x0000000008006654                CAN2_TX_IRQHandler
                0x0000000008006654                TIM5_IRQHandler
                0x0000000008006654                DMA2_Stream7_IRQHandler
                0x0000000008006654                I2C3_EV_IRQHandler
                0x0000000008006654                EXTI9_5_IRQHandler
                0x0000000008006654                RTC_WKUP_IRQHandler
                0x0000000008006654                SPI2_IRQHandler
                0x0000000008006654                OTG_HS_EP1_IN_IRQHandler
                0x0000000008006654                MemManage_Handler
                0x0000000008006654                DMA1_Stream0_IRQHandler
                0x0000000008006654                CAN1_TX_IRQHandler
                0x0000000008006654                EXTI4_IRQHandler
                0x0000000008006654                OTG_HS_EP1_OUT_IRQHandler
                0x0000000008006654                WWDG_IRQHandler
                0x0000000008006654                TIM2_IRQHandler
                0x0000000008006654                OTG_FS_WKUP_IRQHandler
                0x0000000008006654                TIM1_TRG_COM_TIM11_IRQHandler
                0x0000000008006654                OTG_HS_IRQHandler
                0x0000000008006654                EXTI1_IRQHandler
                0x0000000008006654                USART2_IRQHandler
                0x0000000008006654                I2C2_ER_IRQHandler
                0x0000000008006654                DMA2_Stream1_IRQHandler
                0x0000000008006654                CAN1_SCE_IRQHandler
                0x0000000008006654                FLASH_IRQHandler
                0x0000000008006654                DMA2_Stream4_IRQHandler
                0x0000000008006654                BusFault_Handler
                0x0000000008006654                USART1_IRQHandler
                0x0000000008006654                OTG_FS_IRQHandler
                0x0000000008006654                SPI3_IRQHandler
                0x0000000008006654                DMA1_Stream4_IRQHandler
                0x0000000008006654                I2C1_ER_IRQHandler
                0x0000000008006654                FMC_IRQHandler
                0x0000000008006654                DMA2_Stream6_IRQHandler
                0x0000000008006654                SAI1_IRQHandler
                0x0000000008006654                DMA1_Stream3_IRQHandler
 *fill*         0x0000000008006656        0x2 
 .text.__errno  0x0000000008006658        0xc /home/py/Ac6/SystemWorkbench/plugins/fr.ac6.mcu.externaltools.arm-none.linux64_1.17.0.201812190825/tools/compiler/bin/../lib/gcc/arm-none-eabi/7.3.1/../../../../arm-none-eabi/lib/thumb/v7e-m/fpv4-sp/hard/libc.a(lib_a-errno.o)
                0x0000000008006658                __errno
 .text.__libc_init_array
                0x0000000008006664       0x48 /home/py/Ac6/SystemWorkbench/plugins/fr.ac6.mcu.externaltools.arm-none.linux64_1.17.0.201812190825/tools/compiler/bin/../lib/gcc/arm-none-eabi/7.3.1/../../../../arm-none-eabi/lib/thumb/v7e-m/fpv4-sp/hard/libc.a(lib_a-init.o)
                0x0000000008006664                __libc_init_array
 .text.memcmp   0x00000000080066ac       0x64 /home/py/Ac6/SystemWorkbench/plugins/fr.ac6.mcu.externaltools.arm-none.linux64_1.17.0.201812190825/tools/compiler/bin/../lib/gcc/arm-none-eabi/7.3.1/../../../../arm-none-eabi/lib/thumb/v7e-m/fpv4-sp/hard/libc.a(lib_a-memcmp.o)
                0x00000000080066ac                memcmp
 .text.memset   0x0000000008006710       0x94 /home/py/Ac6/SystemWorkbench/plugins/fr.ac6.mcu.externaltools.arm-none.linux64_1.17.0.201812190825/tools/compiler/bin/../lib/gcc/arm-none-eabi/7.3.1/../../../../arm-none-eabi/lib/thumb/v7e-m/fpv4-sp/hard/libc.a(lib_a-memset.o)
                0x0000000008006710                memset
 .text.rand     0x00000000080067a4       0x3c /home/py/Ac6/SystemWorkbench/plugins/fr.ac6.mcu.externaltools.arm-none.linux64_1.17.0.201812190825/tools/compiler/bin/../lib/gcc/arm-none-eabi/7.3.1/../../../../arm-none-eabi/lib/thumb/v7e-m/fpv4-sp/hard/libc.a(lib_a-rand.o)
                0x00000000080067a4                rand
 .text.sprintf  0x00000000080067e0       0x44 /home/py/Ac6/SystemWorkbench/plugins/fr.ac6.mcu.externaltools.arm-none.linux64_1.17.0.201812190825/tools/compiler/bin/../lib/gcc/arm-none-eabi/7.3.1/../../../../arm-none-eabi/lib/thumb/v7e-m/fpv4-sp/hard/libc.a(lib_a-sprintf.o)
                0x00000000080067e0                sprintf
 *fill*         0x0000000008006824        0x4 
 .text._svfprintf_r
                0x0000000008006828     0x19cc /home/py/Ac6/SystemWorkbench/plugins/fr.ac6.mcu.externaltools.arm-none.linux64_1.17.0.201812190825/tools/compiler/bin/../lib/gcc/arm-none-eabi/7.3.1/../../../../arm-none-eabi/lib/thumb/v7e-m/fpv4-sp/hard/libc.a(lib_a-svfprintf.o)
                0x0000000008006828                _svfprintf_r
 .text.startup.register_fini
                0x00000000080081f4       0x14 /home/py/Ac6/SystemWorkbench/plugins/fr.ac6.mcu.externaltools.arm-none.linux64_1.17.0.201812190825/tools/compiler/bin/../lib/gcc/arm-none-eabi/7.3.1/../../../../arm-none-eabi/lib/thumb/v7e-m/fpv4-sp/hard/libc.a(lib_a-__call_atexit.o)
 .text.atexit   0x0000000008008208        0xc /home/py/Ac6/SystemWorkbench/plugins/fr.ac6.mcu.externaltools.arm-none.linux64_1.17.0.201812190825/tools/compiler/bin/../lib/gcc/arm-none-eabi/7.3.1/../../../../arm-none-eabi/lib/thumb/v7e-m/fpv4-sp/hard/libc.a(lib_a-atexit.o)
                0x0000000008008208                atexit
 .text.quorem   0x0000000008008214      0x124 /home/py/Ac6/SystemWorkbench/plugins/fr.ac6.mcu.externaltools.arm-none.linux64_1.17.0.201812190825/tools/compiler/bin/../lib/gcc/arm-none-eabi/7.3.1/../../../../arm-none-eabi/lib/thumb/v7e-m/fpv4-sp/hard/libc.a(lib_a-dtoa.o)
 .text._dtoa_r  0x0000000008008338      0xe20 /home/py/Ac6/SystemWorkbench/plugins/fr.ac6.mcu.externaltools.arm-none.linux64_1.17.0.201812190825/tools/compiler/bin/../lib/gcc/arm-none-eabi/7.3.1/../../../../arm-none-eabi/lib/thumb/v7e-m/fpv4-sp/hard/libc.a(lib_a-dtoa.o)
                0x0000000008008338                _dtoa_r
 .text.__libc_fini_array
                0x0000000008009158       0x34 /home/py/Ac6/SystemWorkbench/plugins/fr.ac6.mcu.externaltools.arm-none.linux64_1.17.0.201812190825/tools/compiler/bin/../lib/gcc/arm-none-eabi/7.3.1/../../../../arm-none-eabi/lib/thumb/v7e-m/fpv4-sp/hard/libc.a(lib_a-fini.o)
                0x0000000008009158                __libc_fini_array
 .text._malloc_trim_r
                0x000000000800918c       0xa0 /home/py/Ac6/SystemWorkbench/plugins/fr.ac6.mcu.externaltools.arm-none.linux64_1.17.0.201812190825/tools/compiler/bin/../lib/gcc/arm-none-eabi/7.3.1/../../../../arm-none-eabi/lib/thumb/v7e-m/fpv4-sp/hard/libc.a(lib_a-freer.o)
                0x000000000800918c                _malloc_trim_r
 .text._free_r  0x000000000800922c      0x1e8 /home/py/Ac6/SystemWorkbench/plugins/fr.ac6.mcu.externaltools.arm-none.linux64_1.17.0.201812190825/tools/compiler/bin/../lib/gcc/arm-none-eabi/7.3.1/../../../../arm-none-eabi/lib/thumb/v7e-m/fpv4-sp/hard/libc.a(lib_a-freer.o)
                0x000000000800922c                _free_r
 .text._localeconv_r
                0x0000000008009414       0x1c /home/py/Ac6/SystemWorkbench/plugins/fr.ac6.mcu.externaltools.arm-none.linux64_1.17.0.201812190825/tools/compiler/bin/../lib/gcc/arm-none-eabi/7.3.1/../../../../arm-none-eabi/lib/thumb/v7e-m/fpv4-sp/hard/libc.a(lib_a-localeconv.o)
                0x0000000008009414                _localeconv_r
 .text.__retarget_lock_acquire_recursive
                0x0000000008009430        0x4 /home/py/Ac6/SystemWorkbench/plugins/fr.ac6.mcu.externaltools.arm-none.linux64_1.17.0.201812190825/tools/compiler/bin/../lib/gcc/arm-none-eabi/7.3.1/../../../../arm-none-eabi/lib/thumb/v7e-m/fpv4-sp/hard/libc.a(lib_a-lock.o)
                0x0000000008009430                __retarget_lock_acquire_recursive
 .text.__retarget_lock_release_recursive
                0x0000000008009434        0x4 /home/py/Ac6/SystemWorkbench/plugins/fr.ac6.mcu.externaltools.arm-none.linux64_1.17.0.201812190825/tools/compiler/bin/../lib/gcc/arm-none-eabi/7.3.1/../../../../arm-none-eabi/lib/thumb/v7e-m/fpv4-sp/hard/libc.a(lib_a-lock.o)
                0x0000000008009434                __retarget_lock_release_recursive
 .text._malloc_r
                0x0000000008009438      0x548 /home/py/Ac6/SystemWorkbench/plugins/fr.ac6.mcu.externaltools.arm-none.linux64_1.17.0.201812190825/tools/compiler/bin/../lib/gcc/arm-none-eabi/7.3.1/../../../../arm-none-eabi/lib/thumb/v7e-m/fpv4-sp/hard/libc.a(lib_a-mallocr.o)
                0x0000000008009438                _malloc_r
 .text.__malloc_lock
                0x0000000008009980        0xc /home/py/Ac6/SystemWorkbench/plugins/fr.ac6.mcu.externaltools.arm-none.linux64_1.17.0.201812190825/tools/compiler/bin/../lib/gcc/arm-none-eabi/7.3.1/../../../../arm-none-eabi/lib/thumb/v7e-m/fpv4-sp/hard/libc.a(lib_a-mlock.o)
                0x0000000008009980                __malloc_lock
 .text.__malloc_unlock
                0x000000000800998c        0xc /home/py/Ac6/SystemWorkbench/plugins/fr.ac6.mcu.externaltools.arm-none.linux64_1.17.0.201812190825/tools/compiler/bin/../lib/gcc/arm-none-eabi/7.3.1/../../../../arm-none-eabi/lib/thumb/v7e-m/fpv4-sp/hard/libc.a(lib_a-mlock.o)
                0x000000000800998c                __malloc_unlock
 .text._Balloc  0x0000000008009998       0x4c /home/py/Ac6/SystemWorkbench/plugins/fr.ac6.mcu.externaltools.arm-none.linux64_1.17.0.201812190825/tools/compiler/bin/../lib/gcc/arm-none-eabi/7.3.1/../../../../arm-none-eabi/lib/thumb/v7e-m/fpv4-sp/hard/libc.a(lib_a-mprec.o)
                0x0000000008009998                _Balloc
 .text._Bfree   0x00000000080099e4       0x14 /home/py/Ac6/SystemWorkbench/plugins/fr.ac6.mcu.externaltools.arm-none.linux64_1.17.0.201812190825/tools/compiler/bin/../lib/gcc/arm-none-eabi/7.3.1/../../../../arm-none-eabi/lib/thumb/v7e-m/fpv4-sp/hard/libc.a(lib_a-mprec.o)
                0x00000000080099e4                _Bfree
 .text.__multadd
                0x00000000080099f8       0x80 /home/py/Ac6/SystemWorkbench/plugins/fr.ac6.mcu.externaltools.arm-none.linux64_1.17.0.201812190825/tools/compiler/bin/../lib/gcc/arm-none-eabi/7.3.1/../../../../arm-none-eabi/lib/thumb/v7e-m/fpv4-sp/hard/libc.a(lib_a-mprec.o)
                0x00000000080099f8                __multadd
 .text.__hi0bits
                0x0000000008009a78       0x40 /home/py/Ac6/SystemWorkbench/plugins/fr.ac6.mcu.externaltools.arm-none.linux64_1.17.0.201812190825/tools/compiler/bin/../lib/gcc/arm-none-eabi/7.3.1/../../../../arm-none-eabi/lib/thumb/v7e-m/fpv4-sp/hard/libc.a(lib_a-mprec.o)
                0x0000000008009a78                __hi0bits
 .text.__lo0bits
                0x0000000008009ab8       0x60 /home/py/Ac6/SystemWorkbench/plugins/fr.ac6.mcu.externaltools.arm-none.linux64_1.17.0.201812190825/tools/compiler/bin/../lib/gcc/arm-none-eabi/7.3.1/../../../../arm-none-eabi/lib/thumb/v7e-m/fpv4-sp/hard/libc.a(lib_a-mprec.o)
                0x0000000008009ab8                __lo0bits
 .text.__i2b    0x0000000008009b18       0x14 /home/py/Ac6/SystemWorkbench/plugins/fr.ac6.mcu.externaltools.arm-none.linux64_1.17.0.201812190825/tools/compiler/bin/../lib/gcc/arm-none-eabi/7.3.1/../../../../arm-none-eabi/lib/thumb/v7e-m/fpv4-sp/hard/libc.a(lib_a-mprec.o)
                0x0000000008009b18                __i2b
 .text.__multiply
                0x0000000008009b2c      0x14c /home/py/Ac6/SystemWorkbench/plugins/fr.ac6.mcu.externaltools.arm-none.linux64_1.17.0.201812190825/tools/compiler/bin/../lib/gcc/arm-none-eabi/7.3.1/../../../../arm-none-eabi/lib/thumb/v7e-m/fpv4-sp/hard/libc.a(lib_a-mprec.o)
                0x0000000008009b2c                __multiply
 .text.__pow5mult
                0x0000000008009c78       0xa0 /home/py/Ac6/SystemWorkbench/plugins/fr.ac6.mcu.externaltools.arm-none.linux64_1.17.0.201812190825/tools/compiler/bin/../lib/gcc/arm-none-eabi/7.3.1/../../../../arm-none-eabi/lib/thumb/v7e-m/fpv4-sp/hard/libc.a(lib_a-mprec.o)
                0x0000000008009c78                __pow5mult
 .text.__lshift
                0x0000000008009d18       0xac /home/py/Ac6/SystemWorkbench/plugins/fr.ac6.mcu.externaltools.arm-none.linux64_1.17.0.201812190825/tools/compiler/bin/../lib/gcc/arm-none-eabi/7.3.1/../../../../arm-none-eabi/lib/thumb/v7e-m/fpv4-sp/hard/libc.a(lib_a-mprec.o)
                0x0000000008009d18                __lshift
 .text.__mcmp   0x0000000008009dc4       0x38 /home/py/Ac6/SystemWorkbench/plugins/fr.ac6.mcu.externaltools.arm-none.linux64_1.17.0.201812190825/tools/compiler/bin/../lib/gcc/arm-none-eabi/7.3.1/../../../../arm-none-eabi/lib/thumb/v7e-m/fpv4-sp/hard/libc.a(lib_a-mprec.o)
                0x0000000008009dc4                __mcmp
 .text.__mdiff  0x0000000008009dfc       0xec /home/py/Ac6/SystemWorkbench/plugins/fr.ac6.mcu.externaltools.arm-none.linux64_1.17.0.201812190825/tools/compiler/bin/../lib/gcc/arm-none-eabi/7.3.1/../../../../arm-none-eabi/lib/thumb/v7e-m/fpv4-sp/hard/libc.a(lib_a-mprec.o)
                0x0000000008009dfc                __mdiff
 .text.__d2b    0x0000000008009ee8       0xc4 /home/py/Ac6/SystemWorkbench/plugins/fr.ac6.mcu.externaltools.arm-none.linux64_1.17.0.201812190825/tools/compiler/bin/../lib/gcc/arm-none-eabi/7.3.1/../../../../arm-none-eabi/lib/thumb/v7e-m/fpv4-sp/hard/libc.a(lib_a-mprec.o)
                0x0000000008009ee8                __d2b
 .text.frexp    0x0000000008009fac       0x68 /home/py/Ac6/SystemWorkbench/plugins/fr.ac6.mcu.externaltools.arm-none.linux64_1.17.0.201812190825/tools/compiler/bin/../lib/gcc/arm-none-eabi/7.3.1/../../../../arm-none-eabi/lib/thumb/v7e-m/fpv4-sp/hard/libc.a(lib_a-s_frexp.o)
                0x0000000008009fac                frexp
 .text._sbrk_r  0x000000000800a014       0x24 /home/py/Ac6/SystemWorkbench/plugins/fr.ac6.mcu.externaltools.arm-none.linux64_1.17.0.201812190825/tools/compiler/bin/../lib/gcc/arm-none-eabi/7.3.1/../../../../arm-none-eabi/lib/thumb/v7e-m/fpv4-sp/hard/libc.a(lib_a-sbrkr.o)
                0x000000000800a014                _sbrk_r
 .text.strncpy  0x000000000800a038       0x64 /home/py/Ac6/SystemWorkbench/plugins/fr.ac6.mcu.externaltools.arm-none.linux64_1.17.0.201812190825/tools/compiler/bin/../lib/gcc/arm-none-eabi/7.3.1/../../../../arm-none-eabi/lib/thumb/v7e-m/fpv4-sp/hard/libc.a(lib_a-strncpy.o)
                0x000000000800a038                strncpy
 .text.__ssprint_r
                0x000000000800a09c       0xf4 /home/py/Ac6/SystemWorkbench/plugins/fr.ac6.mcu.externaltools.arm-none.linux64_1.17.0.201812190825/tools/compiler/bin/../lib/gcc/arm-none-eabi/7.3.1/../../../../arm-none-eabi/lib/thumb/v7e-m/fpv4-sp/hard/libc.a(lib_a-svfiprintf.o)
                0x000000000800a09c                __ssprint_r
 .text.__register_exitproc
                0x000000000800a190       0xc0 /home/py/Ac6/SystemWorkbench/plugins/fr.ac6.mcu.externaltools.arm-none.linux64_1.17.0.201812190825/tools/compiler/bin/../lib/gcc/arm-none-eabi/7.3.1/../../../../arm-none-eabi/lib/thumb/v7e-m/fpv4-sp/hard/libc.a(lib_a-__atexit.o)
                0x000000000800a190                __register_exitproc
 .text._calloc_r
                0x000000000800a250       0x68 /home/py/Ac6/SystemWorkbench/plugins/fr.ac6.mcu.externaltools.arm-none.linux64_1.17.0.201812190825/tools/compiler/bin/../lib/gcc/arm-none-eabi/7.3.1/../../../../arm-none-eabi/lib/thumb/v7e-m/fpv4-sp/hard/libc.a(lib_a-callocr.o)
                0x000000000800a250                _calloc_r
 .text.__ascii_mbtowc
                0x000000000800a2b8       0x2c /home/py/Ac6/SystemWorkbench/plugins/fr.ac6.mcu.externaltools.arm-none.linux64_1.17.0.201812190825/tools/compiler/bin/../lib/gcc/arm-none-eabi/7.3.1/../../../../arm-none-eabi/lib/thumb/v7e-m/fpv4-sp/hard/libc.a(lib_a-mbtowc_r.o)
                0x000000000800a2b8                __ascii_mbtowc
 .text.memmove  0x000000000800a2e4       0xc8 /home/py/Ac6/SystemWorkbench/plugins/fr.ac6.mcu.externaltools.arm-none.linux64_1.17.0.201812190825/tools/compiler/bin/../lib/gcc/arm-none-eabi/7.3.1/../../../../arm-none-eabi/lib/thumb/v7e-m/fpv4-sp/hard/libc.a(lib_a-memmove.o)
                0x000000000800a2e4                memmove
 .text._realloc_r
                0x000000000800a3ac      0x35c /home/py/Ac6/SystemWorkbench/plugins/fr.ac6.mcu.externaltools.arm-none.linux64_1.17.0.201812190825/tools/compiler/bin/../lib/gcc/arm-none-eabi/7.3.1/../../../../arm-none-eabi/lib/thumb/v7e-m/fpv4-sp/hard/libc.a(lib_a-reallocr.o)
                0x000000000800a3ac                _realloc_r
 .text.__ascii_wctomb
                0x000000000800a708       0x1c /home/py/Ac6/SystemWorkbench/plugins/fr.ac6.mcu.externaltools.arm-none.linux64_1.17.0.201812190825/tools/compiler/bin/../lib/gcc/arm-none-eabi/7.3.1/../../../../arm-none-eabi/lib/thumb/v7e-m/fpv4-sp/hard/libc.a(lib_a-wctomb_r.o)
                0x000000000800a708                __ascii_wctomb
 *(.glue_7)
 .glue_7        0x000000000800a724        0x0 linker stubs
 *(.glue_7t)
 .glue_7t       0x000000000800a724        0x0 linker stubs
 *(.eh_frame)
 .eh_frame      0x000000000800a724        0x0 /home/py/Ac6/SystemWorkbench/plugins/fr.ac6.mcu.externaltools.arm-none.linux64_1.17.0.201812190825/tools/compiler/bin/../lib/gcc/arm-none-eabi/7.3.1/thumb/v7e-m/fpv4-sp/hard/crtbegin.o
 *(.init)
 .init          0x000000000800a724        0x4 /home/py/Ac6/SystemWorkbench/plugins/fr.ac6.mcu.externaltools.arm-none.linux64_1.17.0.201812190825/tools/compiler/bin/../lib/gcc/arm-none-eabi/7.3.1/thumb/v7e-m/fpv4-sp/hard/crti.o
                0x000000000800a724                _init
 .init          0x000000000800a728        0x8 /home/py/Ac6/SystemWorkbench/plugins/fr.ac6.mcu.externaltools.arm-none.linux64_1.17.0.201812190825/tools/compiler/bin/../lib/gcc/arm-none-eabi/7.3.1/thumb/v7e-m/fpv4-sp/hard/crtn.o
 *(.fini)
 .fini          0x000000000800a730        0x4 /home/py/Ac6/SystemWorkbench/plugins/fr.ac6.mcu.externaltools.arm-none.linux64_1.17.0.201812190825/tools/compiler/bin/../lib/gcc/arm-none-eabi/7.3.1/thumb/v7e-m/fpv4-sp/hard/crti.o
                0x000000000800a730                _fini
 .fini          0x000000000800a734        0x8 /home/py/Ac6/SystemWorkbench/plugins/fr.ac6.mcu.externaltools.arm-none.linux64_1.17.0.201812190825/tools/compiler/bin/../lib/gcc/arm-none-eabi/7.3.1/thumb/v7e-m/fpv4-sp/hard/crtn.o
                0x000000000800a73c                . = ALIGN (0x4)
                0x000000000800a73c                _etext = .

.vfp11_veneer   0x000000000800a73c        0x0
 .vfp11_veneer  0x000000000800a73c        0x0 linker stubs

.v4_bx          0x000000000800a73c        0x0
 .v4_bx         0x000000000800a73c        0x0 linker stubs

.iplt           0x000000000800a73c        0x0
 .iplt          0x000000000800a73c        0x0 /home/py/Ac6/SystemWorkbench/plugins/fr.ac6.mcu.externaltools.arm-none.linux64_1.17.0.201812190825/tools/compiler/bin/../lib/gcc/arm-none-eabi/7.3.1/thumb/v7e-m/fpv4-sp/hard/crtbegin.o

.rodata         0x000000000800a740      0x480
                0x000000000800a740                . = ALIGN (0x4)
 *(.rodata)
 .rodata        0x000000000800a740        0x5 Third-Party/FreeRTOS/org/Source/tasks.o
 *fill*         0x000000000800a745        0x3 
 .rodata        0x000000000800a748        0xd Third-Party/FreeRTOS/org/Source/timers.o
 *fill*         0x000000000800a755        0x3 
 .rodata        0x000000000800a758       0x51 Third-Party/SEGGER/Config/SEGGER_SYSVIEW_Config_FreeRTOS.o
 *fill*         0x000000000800a7a9        0x3 
 .rodata        0x000000000800a7ac       0x60 Third-Party/SEGGER/OS/SEGGER_SYSVIEW_FreeRTOS.o
                0x000000000800a804                SYSVIEW_X_OS_TraceAPI
 .rodata        0x000000000800a80c       0x17 Third-Party/SEGGER/SEGGER/SEGGER_RTT.o
 *fill*         0x000000000800a823        0x1 
 .rodata        0x000000000800a824       0x24 Third-Party/SEGGER/SEGGER/SEGGER_SYSVIEW.o
 .rodata        0x000000000800a848       0xec src/main.o
 *(.rodata*)
 .rodata._global_impure_ptr
                0x000000000800a934        0x4 /home/py/Ac6/SystemWorkbench/plugins/fr.ac6.mcu.externaltools.arm-none.linux64_1.17.0.201812190825/tools/compiler/bin/../lib/gcc/arm-none-eabi/7.3.1/../../../../arm-none-eabi/lib/thumb/v7e-m/fpv4-sp/hard/libc.a(lib_a-impure.o)
                0x000000000800a934                _global_impure_ptr
 .rodata._svfprintf_r.str1.4
                0x000000000800a938       0x42 /home/py/Ac6/SystemWorkbench/plugins/fr.ac6.mcu.externaltools.arm-none.linux64_1.17.0.201812190825/tools/compiler/bin/../lib/gcc/arm-none-eabi/7.3.1/../../../../arm-none-eabi/lib/thumb/v7e-m/fpv4-sp/hard/libc.a(lib_a-svfprintf.o)
 *fill*         0x000000000800a97a        0x2 
 .rodata.blanks.8590
                0x000000000800a97c       0x10 /home/py/Ac6/SystemWorkbench/plugins/fr.ac6.mcu.externaltools.arm-none.linux64_1.17.0.201812190825/tools/compiler/bin/../lib/gcc/arm-none-eabi/7.3.1/../../../../arm-none-eabi/lib/thumb/v7e-m/fpv4-sp/hard/libc.a(lib_a-svfprintf.o)
 .rodata.zeroes.8591
                0x000000000800a98c       0x10 /home/py/Ac6/SystemWorkbench/plugins/fr.ac6.mcu.externaltools.arm-none.linux64_1.17.0.201812190825/tools/compiler/bin/../lib/gcc/arm-none-eabi/7.3.1/../../../../arm-none-eabi/lib/thumb/v7e-m/fpv4-sp/hard/libc.a(lib_a-svfprintf.o)
 .rodata._dtoa_r.str1.4
                0x000000000800a99c       0x10 /home/py/Ac6/SystemWorkbench/plugins/fr.ac6.mcu.externaltools.arm-none.linux64_1.17.0.201812190825/tools/compiler/bin/../lib/gcc/arm-none-eabi/7.3.1/../../../../arm-none-eabi/lib/thumb/v7e-m/fpv4-sp/hard/libc.a(lib_a-dtoa.o)
                                         0x12 (size before relaxing)
 *fill*         0x000000000800a9ac        0x4 
 .rodata.__mprec_bigtens
                0x000000000800a9b0       0x28 /home/py/Ac6/SystemWorkbench/plugins/fr.ac6.mcu.externaltools.arm-none.linux64_1.17.0.201812190825/tools/compiler/bin/../lib/gcc/arm-none-eabi/7.3.1/../../../../arm-none-eabi/lib/thumb/v7e-m/fpv4-sp/hard/libc.a(lib_a-mprec.o)
                0x000000000800a9b0                __mprec_bigtens
 .rodata.__mprec_tens
                0x000000000800a9d8       0xc8 /home/py/Ac6/SystemWorkbench/plugins/fr.ac6.mcu.externaltools.arm-none.linux64_1.17.0.201812190825/tools/compiler/bin/../lib/gcc/arm-none-eabi/7.3.1/../../../../arm-none-eabi/lib/thumb/v7e-m/fpv4-sp/hard/libc.a(lib_a-mprec.o)
                0x000000000800a9d8                __mprec_tens
 .rodata.p05.7367
                0x000000000800aaa0        0xc /home/py/Ac6/SystemWorkbench/plugins/fr.ac6.mcu.externaltools.arm-none.linux64_1.17.0.201812190825/tools/compiler/bin/../lib/gcc/arm-none-eabi/7.3.1/../../../../arm-none-eabi/lib/thumb/v7e-m/fpv4-sp/hard/libc.a(lib_a-mprec.o)
 .rodata._setlocale_r.str1.4
                0x000000000800aaac        0xa /home/py/Ac6/SystemWorkbench/plugins/fr.ac6.mcu.externaltools.arm-none.linux64_1.17.0.201812190825/tools/compiler/bin/../lib/gcc/arm-none-eabi/7.3.1/../../../../arm-none-eabi/lib/thumb/v7e-m/fpv4-sp/hard/libc.a(lib_a-locale.o)
                                          0xd (size before relaxing)
 *fill*         0x000000000800aab6        0x2 
 .rodata.str1.4
                0x000000000800aab8        0x4 /home/py/Ac6/SystemWorkbench/plugins/fr.ac6.mcu.externaltools.arm-none.linux64_1.17.0.201812190825/tools/compiler/bin/../lib/gcc/arm-none-eabi/7.3.1/../../../../arm-none-eabi/lib/thumb/v7e-m/fpv4-sp/hard/libc.a(lib_a-locale.o)
                                          0x2 (size before relaxing)
 .rodata._ctype_
                0x000000000800aabc      0x101 /home/py/Ac6/SystemWorkbench/plugins/fr.ac6.mcu.externaltools.arm-none.linux64_1.17.0.201812190825/tools/compiler/bin/../lib/gcc/arm-none-eabi/7.3.1/../../../../arm-none-eabi/lib/thumb/v7e-m/fpv4-sp/hard/libc.a(lib_a-ctype_.o)
                0x000000000800aabc                _ctype_
                0x000000000800abc0                . = ALIGN (0x4)
 *fill*         0x000000000800abbd        0x3 

.ARM.extab      0x000000000800abc0        0x0
                0x000000000800abc0                . = ALIGN (0x4)
 *(.ARM.extab* .gnu.linkonce.armextab.*)
                0x000000000800abc0                . = ALIGN (0x4)

.ARM            0x000000000800abc0        0x8
                0x000000000800abc0                . = ALIGN (0x4)
                0x000000000800abc0                __exidx_start = .
 *(.ARM.exidx*)
 .ARM.exidx     0x000000000800abc0        0x8 /home/py/Ac6/SystemWorkbench/plugins/fr.ac6.mcu.externaltools.arm-none.linux64_1.17.0.201812190825/tools/compiler/bin/../lib/gcc/arm-none-eabi/7.3.1/thumb/v7e-m/fpv4-sp/hard/libgcc.a(_udivmoddi4.o)
                0x000000000800abc8                __exidx_end = .
                0x000000000800abc8                . = ALIGN (0x4)

.rel.dyn        0x000000000800abc8        0x0
 .rel.iplt      0x000000000800abc8        0x0 /home/py/Ac6/SystemWorkbench/plugins/fr.ac6.mcu.externaltools.arm-none.linux64_1.17.0.201812190825/tools/compiler/bin/../lib/gcc/arm-none-eabi/7.3.1/thumb/v7e-m/fpv4-sp/hard/crtbegin.o

.preinit_array  0x000000000800abc8        0x0
                0x000000000800abc8                . = ALIGN (0x4)
                0x000000000800abc8                PROVIDE (__preinit_array_start = .)
 *(.preinit_array*)
                0x000000000800abc8                PROVIDE (__preinit_array_end = .)
                0x000000000800abc8                . = ALIGN (0x4)

.init_array     0x000000000800abc8        0x8
                0x000000000800abc8                . = ALIGN (0x4)
                0x000000000800abc8                PROVIDE (__init_array_start = .)
 *(SORT_BY_NAME(.init_array.*))
 .init_array.00000
                0x000000000800abc8        0x4 /home/py/Ac6/SystemWorkbench/plugins/fr.ac6.mcu.externaltools.arm-none.linux64_1.17.0.201812190825/tools/compiler/bin/../lib/gcc/arm-none-eabi/7.3.1/../../../../arm-none-eabi/lib/thumb/v7e-m/fpv4-sp/hard/libc.a(lib_a-__call_atexit.o)
 *(.init_array*)
 .init_array    0x000000000800abcc        0x4 /home/py/Ac6/SystemWorkbench/plugins/fr.ac6.mcu.externaltools.arm-none.linux64_1.17.0.201812190825/tools/compiler/bin/../lib/gcc/arm-none-eabi/7.3.1/thumb/v7e-m/fpv4-sp/hard/crtbegin.o
                0x000000000800abd0                PROVIDE (__init_array_end = .)
                0x000000000800abd0                . = ALIGN (0x4)

.fini_array     0x000000000800abd0        0x4
                0x000000000800abd0                . = ALIGN (0x4)
                0x000000000800abd0                PROVIDE (__fini_array_start = .)
 *(SORT_BY_NAME(.fini_array.*))
 *(.fini_array*)
 .fini_array    0x000000000800abd0        0x4 /home/py/Ac6/SystemWorkbench/plugins/fr.ac6.mcu.externaltools.arm-none.linux64_1.17.0.201812190825/tools/compiler/bin/../lib/gcc/arm-none-eabi/7.3.1/thumb/v7e-m/fpv4-sp/hard/crtbegin.o
                0x000000000800abd4                PROVIDE (__fini_array_end = .)
                0x000000000800abd4                . = ALIGN (0x4)
                0x000000000800abd4                _sidata = LOADADDR (.data)

.data           0x0000000020000000      0x9d8 load address 0x000000000800abd4
                0x0000000020000000                . = ALIGN (0x4)
                0x0000000020000000                _sdata = .
 *(.data)
 .data          0x0000000020000000       0x10 StdPeriph_Driver/src/stm32f4xx_rcc.o
 .data          0x0000000020000010        0x4 Third-Party/FreeRTOS/org/Source/portable/GCC/ARM_CM4F/port.o
 .data          0x0000000020000014       0x14 src/system_stm32f4xx.o
                0x0000000020000014                SystemCoreClock
                0x0000000020000018                AHBPrescTable
 *(.data*)
 .data._impure_ptr
                0x0000000020000028        0x4 /home/py/Ac6/SystemWorkbench/plugins/fr.ac6.mcu.externaltools.arm-none.linux64_1.17.0.201812190825/tools/compiler/bin/../lib/gcc/arm-none-eabi/7.3.1/../../../../arm-none-eabi/lib/thumb/v7e-m/fpv4-sp/hard/libc.a(lib_a-impure.o)
                0x0000000020000028                _impure_ptr
 *fill*         0x000000002000002c        0x4 
 .data.impure_data
                0x0000000020000030      0x428 /home/py/Ac6/SystemWorkbench/plugins/fr.ac6.mcu.externaltools.arm-none.linux64_1.17.0.201812190825/tools/compiler/bin/../lib/gcc/arm-none-eabi/7.3.1/../../../../arm-none-eabi/lib/thumb/v7e-m/fpv4-sp/hard/libc.a(lib_a-impure.o)
 .data.__atexit_recursive_mutex
                0x0000000020000458        0x4 /home/py/Ac6/SystemWorkbench/plugins/fr.ac6.mcu.externaltools.arm-none.linux64_1.17.0.201812190825/tools/compiler/bin/../lib/gcc/arm-none-eabi/7.3.1/../../../../arm-none-eabi/lib/thumb/v7e-m/fpv4-sp/hard/libc.a(lib_a-__call_atexit.o)
                0x0000000020000458                __atexit_recursive_mutex
 .data.__malloc_av_
                0x000000002000045c      0x408 /home/py/Ac6/SystemWorkbench/plugins/fr.ac6.mcu.externaltools.arm-none.linux64_1.17.0.201812190825/tools/compiler/bin/../lib/gcc/arm-none-eabi/7.3.1/../../../../arm-none-eabi/lib/thumb/v7e-m/fpv4-sp/hard/libc.a(lib_a-mallocr.o)
                0x000000002000045c                __malloc_av_
 .data.__malloc_sbrk_base
                0x0000000020000864        0x4 /home/py/Ac6/SystemWorkbench/plugins/fr.ac6.mcu.externaltools.arm-none.linux64_1.17.0.201812190825/tools/compiler/bin/../lib/gcc/arm-none-eabi/7.3.1/../../../../arm-none-eabi/lib/thumb/v7e-m/fpv4-sp/hard/libc.a(lib_a-mallocr.o)
                0x0000000020000864                __malloc_sbrk_base
 .data.__malloc_trim_threshold
                0x0000000020000868        0x4 /home/py/Ac6/SystemWorkbench/plugins/fr.ac6.mcu.externaltools.arm-none.linux64_1.17.0.201812190825/tools/compiler/bin/../lib/gcc/arm-none-eabi/7.3.1/../../../../arm-none-eabi/lib/thumb/v7e-m/fpv4-sp/hard/libc.a(lib_a-mallocr.o)
                0x0000000020000868                __malloc_trim_threshold
 .data.__global_locale
                0x000000002000086c      0x16c /home/py/Ac6/SystemWorkbench/plugins/fr.ac6.mcu.externaltools.arm-none.linux64_1.17.0.201812190825/tools/compiler/bin/../lib/gcc/arm-none-eabi/7.3.1/../../../../arm-none-eabi/lib/thumb/v7e-m/fpv4-sp/hard/libc.a(lib_a-locale.o)
                0x000000002000086c                __global_locale
                0x00000000200009d8                . = ALIGN (0x4)
                0x00000000200009d8                _edata = .

.igot.plt       0x00000000200009d8        0x0 load address 0x000000000800b5ac
 .igot.plt      0x00000000200009d8        0x0 /home/py/Ac6/SystemWorkbench/plugins/fr.ac6.mcu.externaltools.arm-none.linux64_1.17.0.201812190825/tools/compiler/bin/../lib/gcc/arm-none-eabi/7.3.1/thumb/v7e-m/fpv4-sp/hard/crtbegin.o
                0x00000000200009d8                . = ALIGN (0x4)

.bss            0x00000000200009d8    0x175a8 load address 0x000000000800b5ac
                0x00000000200009d8                _sbss = .
                0x00000000200009d8                __bss_start__ = _sbss
 *(.bss)
 .bss           0x00000000200009d8       0x1c /home/py/Ac6/SystemWorkbench/plugins/fr.ac6.mcu.externaltools.arm-none.linux64_1.17.0.201812190825/tools/compiler/bin/../lib/gcc/arm-none-eabi/7.3.1/thumb/v7e-m/fpv4-sp/hard/crtbegin.o
 .bss           0x00000000200009f4      0x104 Third-Party/FreeRTOS/org/Source/tasks.o
                0x00000000200009f4                pxCurrentTCB
 .bss           0x0000000020000af8       0x3c Third-Party/FreeRTOS/org/Source/timers.o
 .bss           0x0000000020000b34        0x8 Third-Party/FreeRTOS/org/Source/portable/GCC/ARM_CM4F/port.o
 .bss           0x0000000020000b3c    0x12c18 Third-Party/FreeRTOS/org/Source/portable/MemMang/heap_4.o
 .bss           0x0000000020013754       0xa4 Third-Party/SEGGER/OS/SEGGER_SYSVIEW_FreeRTOS.o
 .bss           0x00000000200137f8      0x411 Third-Party/SEGGER/SEGGER/SEGGER_RTT.o
 *fill*         0x0000000020013c09        0x3 
 .bss           0x0000000020013c0c     0x411b Third-Party/SEGGER/SEGGER/SEGGER_SYSVIEW.o
 *fill*         0x0000000020017d27        0x1 
 .bss           0x0000000020017d28      0x10c src/main.o
                0x0000000020017d28                usr_msg
                0x0000000020017e24                xTaskHandleM
                0x0000000020017e28                xTaskHandleE
                0x0000000020017e2c                xWorkQueue
                0x0000000020017e30                xWork
 .bss           0x0000000020017e34        0x8 src/syscalls.o
                0x0000000020017e34                __env
 *(.bss*)
 .bss.__malloc_current_mallinfo
                0x0000000020017e3c       0x28 /home/py/Ac6/SystemWorkbench/plugins/fr.ac6.mcu.externaltools.arm-none.linux64_1.17.0.201812190825/tools/compiler/bin/../lib/gcc/arm-none-eabi/7.3.1/../../../../arm-none-eabi/lib/thumb/v7e-m/fpv4-sp/hard/libc.a(lib_a-mallocr.o)
                0x0000000020017e3c                __malloc_current_mallinfo
 .bss.__malloc_max_sbrked_mem
                0x0000000020017e64        0x4 /home/py/Ac6/SystemWorkbench/plugins/fr.ac6.mcu.externaltools.arm-none.linux64_1.17.0.201812190825/tools/compiler/bin/../lib/gcc/arm-none-eabi/7.3.1/../../../../arm-none-eabi/lib/thumb/v7e-m/fpv4-sp/hard/libc.a(lib_a-mallocr.o)
                0x0000000020017e64                __malloc_max_sbrked_mem
 .bss.__malloc_max_total_mem
                0x0000000020017e68        0x4 /home/py/Ac6/SystemWorkbench/plugins/fr.ac6.mcu.externaltools.arm-none.linux64_1.17.0.201812190825/tools/compiler/bin/../lib/gcc/arm-none-eabi/7.3.1/../../../../arm-none-eabi/lib/thumb/v7e-m/fpv4-sp/hard/libc.a(lib_a-mallocr.o)
                0x0000000020017e68                __malloc_max_total_mem
 .bss.__malloc_top_pad
                0x0000000020017e6c        0x4 /home/py/Ac6/SystemWorkbench/plugins/fr.ac6.mcu.externaltools.arm-none.linux64_1.17.0.201812190825/tools/compiler/bin/../lib/gcc/arm-none-eabi/7.3.1/../../../../arm-none-eabi/lib/thumb/v7e-m/fpv4-sp/hard/libc.a(lib_a-mallocr.o)
                0x0000000020017e6c                __malloc_top_pad
 *(COMMON)
 COMMON         0x0000000020017e70       0x40 Third-Party/FreeRTOS/org/Source/queue.o
                0x0000000020017e70                xQueueRegistry
 COMMON         0x0000000020017eb0       0xa8 Third-Party/SEGGER/SEGGER/SEGGER_RTT.o
                0x0000000020017eb0                _SEGGER_RTT
 COMMON         0x0000000020017f58       0x21 /home/py/Ac6/SystemWorkbench/plugins/fr.ac6.mcu.externaltools.arm-none.linux64_1.17.0.201812190825/tools/compiler/bin/../lib/gcc/arm-none-eabi/7.3.1/../../../../arm-none-eabi/lib/thumb/v7e-m/fpv4-sp/hard/libc.a(lib_a-lock.o)
                0x0000000020017f58                __lock___atexit_recursive_mutex
                0x0000000020017f5c                __lock___arc4random_mutex
                0x0000000020017f60                __lock___env_recursive_mutex
                0x0000000020017f64                __lock___sinit_recursive_mutex
                0x0000000020017f68                __lock___malloc_recursive_mutex
                0x0000000020017f6c                __lock___at_quick_exit_mutex
                0x0000000020017f70                __lock___dd_hash_mutex
                0x0000000020017f74                __lock___tz_mutex
                0x0000000020017f78                __lock___sfp_recursive_mutex
 *fill*         0x0000000020017f79        0x3 
 COMMON         0x0000000020017f7c        0x4 /home/py/Ac6/SystemWorkbench/plugins/fr.ac6.mcu.externaltools.arm-none.linux64_1.17.0.201812190825/tools/compiler/bin/../lib/gcc/arm-none-eabi/7.3.1/../../../../arm-none-eabi/lib/thumb/v7e-m/fpv4-sp/hard/libc.a(lib_a-reent.o)
                0x0000000020017f7c                errno
                0x0000000020017f80                . = ALIGN (0x4)
                0x0000000020017f80                _ebss = .
                0x0000000020017f80                __bss_end__ = _ebss

._user_heap_stack
                0x0000000020017f80      0x400 load address 0x000000000800b5ac
                0x0000000020017f80                . = ALIGN (0x8)
                0x0000000020017f80                PROVIDE (end = .)
                [!provide]                        PROVIDE (_end = .)
                0x0000000020017f80                . = (. + _Min_Heap_Size)
                0x0000000020018380                . = (. + _Min_Stack_Size)
 *fill*         0x0000000020017f80      0x400 
                0x0000000020018380                . = ALIGN (0x8)

/DISCARD/
 libc.a(*)
 libm.a(*)
 libgcc.a(*)

.ARM.attributes
                0x0000000000000000       0x30
 *(.ARM.attributes)
 .ARM.attributes
                0x0000000000000000       0x22 /home/py/Ac6/SystemWorkbench/plugins/fr.ac6.mcu.externaltools.arm-none.linux64_1.17.0.201812190825/tools/compiler/bin/../lib/gcc/arm-none-eabi/7.3.1/thumb/v7e-m/fpv4-sp/hard/crti.o
 .ARM.attributes
                0x0000000000000022       0x34 /home/py/Ac6/SystemWorkbench/plugins/fr.ac6.mcu.externaltools.arm-none.linux64_1.17.0.201812190825/tools/compiler/bin/../lib/gcc/arm-none-eabi/7.3.1/thumb/v7e-m/fpv4-sp/hard/crtbegin.o
 .ARM.attributes
                0x0000000000000056       0x39 StdPeriph_Driver/src/stm32f4xx_gpio.o
 .ARM.attributes
                0x000000000000008f       0x39 StdPeriph_Driver/src/stm32f4xx_rcc.o
 .ARM.attributes
                0x00000000000000c8       0x39 StdPeriph_Driver/src/stm32f4xx_usart.o
 .ARM.attributes
                0x0000000000000101       0x39 Third-Party/FreeRTOS/org/Source/list.o
 .ARM.attributes
                0x000000000000013a       0x39 Third-Party/FreeRTOS/org/Source/queue.o
 .ARM.attributes
                0x0000000000000173       0x39 Third-Party/FreeRTOS/org/Source/tasks.o
 .ARM.attributes
                0x00000000000001ac       0x39 Third-Party/FreeRTOS/org/Source/timers.o
 .ARM.attributes
                0x00000000000001e5       0x39 Third-Party/FreeRTOS/org/Source/portable/GCC/ARM_CM4F/port.o
 .ARM.attributes
                0x000000000000021e       0x39 Third-Party/FreeRTOS/org/Source/portable/MemMang/heap_4.o
 .ARM.attributes
                0x0000000000000257       0x39 Third-Party/SEGGER/Config/SEGGER_SYSVIEW_Config_FreeRTOS.o
 .ARM.attributes
                0x0000000000000290       0x39 Third-Party/SEGGER/OS/SEGGER_SYSVIEW_FreeRTOS.o
 .ARM.attributes
                0x00000000000002c9       0x39 Third-Party/SEGGER/SEGGER/SEGGER_RTT.o
 .ARM.attributes
                0x0000000000000302       0x39 Third-Party/SEGGER/SEGGER/SEGGER_SYSVIEW.o
 .ARM.attributes
                0x000000000000033b       0x39 src/main.o
 .ARM.attributes
                0x0000000000000374       0x39 src/syscalls.o
 .ARM.attributes
                0x00000000000003ad       0x39 src/system_stm32f4xx.o
 .ARM.attributes
                0x00000000000003e6       0x21 startup/startup_stm32.o
 .ARM.attributes
                0x0000000000000407       0x34 /home/py/Ac6/SystemWorkbench/plugins/fr.ac6.mcu.externaltools.arm-none.linux64_1.17.0.201812190825/tools/compiler/bin/../lib/gcc/arm-none-eabi/7.3.1/../../../../arm-none-eabi/lib/thumb/v7e-m/fpv4-sp/hard/libc.a(lib_a-errno.o)
 .ARM.attributes
                0x000000000000043b       0x34 /home/py/Ac6/SystemWorkbench/plugins/fr.ac6.mcu.externaltools.arm-none.linux64_1.17.0.201812190825/tools/compiler/bin/../lib/gcc/arm-none-eabi/7.3.1/../../../../arm-none-eabi/lib/thumb/v7e-m/fpv4-sp/hard/libc.a(lib_a-impure.o)
 .ARM.attributes
                0x000000000000046f       0x34 /home/py/Ac6/SystemWorkbench/plugins/fr.ac6.mcu.externaltools.arm-none.linux64_1.17.0.201812190825/tools/compiler/bin/../lib/gcc/arm-none-eabi/7.3.1/../../../../arm-none-eabi/lib/thumb/v7e-m/fpv4-sp/hard/libc.a(lib_a-init.o)
 .ARM.attributes
                0x00000000000004a3       0x34 /home/py/Ac6/SystemWorkbench/plugins/fr.ac6.mcu.externaltools.arm-none.linux64_1.17.0.201812190825/tools/compiler/bin/../lib/gcc/arm-none-eabi/7.3.1/../../../../arm-none-eabi/lib/thumb/v7e-m/fpv4-sp/hard/libc.a(lib_a-memcmp.o)
 .ARM.attributes
                0x00000000000004d7       0x20 /home/py/Ac6/SystemWorkbench/plugins/fr.ac6.mcu.externaltools.arm-none.linux64_1.17.0.201812190825/tools/compiler/bin/../lib/gcc/arm-none-eabi/7.3.1/../../../../arm-none-eabi/lib/thumb/v7e-m/fpv4-sp/hard/libc.a(lib_a-memcpy.o)
 .ARM.attributes
                0x00000000000004f7       0x34 /home/py/Ac6/SystemWorkbench/plugins/fr.ac6.mcu.externaltools.arm-none.linux64_1.17.0.201812190825/tools/compiler/bin/../lib/gcc/arm-none-eabi/7.3.1/../../../../arm-none-eabi/lib/thumb/v7e-m/fpv4-sp/hard/libc.a(lib_a-memset.o)
 .ARM.attributes
                0x000000000000052b       0x34 /home/py/Ac6/SystemWorkbench/plugins/fr.ac6.mcu.externaltools.arm-none.linux64_1.17.0.201812190825/tools/compiler/bin/../lib/gcc/arm-none-eabi/7.3.1/../../../../arm-none-eabi/lib/thumb/v7e-m/fpv4-sp/hard/libc.a(lib_a-rand.o)
 .ARM.attributes
                0x000000000000055f       0x34 /home/py/Ac6/SystemWorkbench/plugins/fr.ac6.mcu.externaltools.arm-none.linux64_1.17.0.201812190825/tools/compiler/bin/../lib/gcc/arm-none-eabi/7.3.1/../../../../arm-none-eabi/lib/thumb/v7e-m/fpv4-sp/hard/libc.a(lib_a-sprintf.o)
 .ARM.attributes
                0x0000000000000593       0x20 /home/py/Ac6/SystemWorkbench/plugins/fr.ac6.mcu.externaltools.arm-none.linux64_1.17.0.201812190825/tools/compiler/bin/../lib/gcc/arm-none-eabi/7.3.1/../../../../arm-none-eabi/lib/thumb/v7e-m/fpv4-sp/hard/libc.a(lib_a-strlen.o)
 .ARM.attributes
                0x00000000000005b3       0x34 /home/py/Ac6/SystemWorkbench/plugins/fr.ac6.mcu.externaltools.arm-none.linux64_1.17.0.201812190825/tools/compiler/bin/../lib/gcc/arm-none-eabi/7.3.1/../../../../arm-none-eabi/lib/thumb/v7e-m/fpv4-sp/hard/libc.a(lib_a-svfprintf.o)
 .ARM.attributes
                0x00000000000005e7       0x34 /home/py/Ac6/SystemWorkbench/plugins/fr.ac6.mcu.externaltools.arm-none.linux64_1.17.0.201812190825/tools/compiler/bin/../lib/gcc/arm-none-eabi/7.3.1/../../../../arm-none-eabi/lib/thumb/v7e-m/fpv4-sp/hard/libc.a(lib_a-__call_atexit.o)
 .ARM.attributes
                0x000000000000061b       0x34 /home/py/Ac6/SystemWorkbench/plugins/fr.ac6.mcu.externaltools.arm-none.linux64_1.17.0.201812190825/tools/compiler/bin/../lib/gcc/arm-none-eabi/7.3.1/../../../../arm-none-eabi/lib/thumb/v7e-m/fpv4-sp/hard/libc.a(lib_a-atexit.o)
 .ARM.attributes
                0x000000000000064f       0x34 /home/py/Ac6/SystemWorkbench/plugins/fr.ac6.mcu.externaltools.arm-none.linux64_1.17.0.201812190825/tools/compiler/bin/../lib/gcc/arm-none-eabi/7.3.1/../../../../arm-none-eabi/lib/thumb/v7e-m/fpv4-sp/hard/libc.a(lib_a-dtoa.o)
 .ARM.attributes
                0x0000000000000683       0x34 /home/py/Ac6/SystemWorkbench/plugins/fr.ac6.mcu.externaltools.arm-none.linux64_1.17.0.201812190825/tools/compiler/bin/../lib/gcc/arm-none-eabi/7.3.1/../../../../arm-none-eabi/lib/thumb/v7e-m/fpv4-sp/hard/libc.a(lib_a-fini.o)
 .ARM.attributes
                0x00000000000006b7       0x34 /home/py/Ac6/SystemWorkbench/plugins/fr.ac6.mcu.externaltools.arm-none.linux64_1.17.0.201812190825/tools/compiler/bin/../lib/gcc/arm-none-eabi/7.3.1/../../../../arm-none-eabi/lib/thumb/v7e-m/fpv4-sp/hard/libc.a(lib_a-freer.o)
 .ARM.attributes
                0x00000000000006eb       0x34 /home/py/Ac6/SystemWorkbench/plugins/fr.ac6.mcu.externaltools.arm-none.linux64_1.17.0.201812190825/tools/compiler/bin/../lib/gcc/arm-none-eabi/7.3.1/../../../../arm-none-eabi/lib/thumb/v7e-m/fpv4-sp/hard/libc.a(lib_a-localeconv.o)
 .ARM.attributes
                0x000000000000071f       0x34 /home/py/Ac6/SystemWorkbench/plugins/fr.ac6.mcu.externaltools.arm-none.linux64_1.17.0.201812190825/tools/compiler/bin/../lib/gcc/arm-none-eabi/7.3.1/../../../../arm-none-eabi/lib/thumb/v7e-m/fpv4-sp/hard/libc.a(lib_a-lock.o)
 .ARM.attributes
                0x0000000000000753       0x34 /home/py/Ac6/SystemWorkbench/plugins/fr.ac6.mcu.externaltools.arm-none.linux64_1.17.0.201812190825/tools/compiler/bin/../lib/gcc/arm-none-eabi/7.3.1/../../../../arm-none-eabi/lib/thumb/v7e-m/fpv4-sp/hard/libc.a(lib_a-mallocr.o)
 .ARM.attributes
                0x0000000000000787       0x20 /home/py/Ac6/SystemWorkbench/plugins/fr.ac6.mcu.externaltools.arm-none.linux64_1.17.0.201812190825/tools/compiler/bin/../lib/gcc/arm-none-eabi/7.3.1/../../../../arm-none-eabi/lib/thumb/v7e-m/fpv4-sp/hard/libc.a(lib_a-memchr.o)
 .ARM.attributes
                0x00000000000007a7       0x34 /home/py/Ac6/SystemWorkbench/plugins/fr.ac6.mcu.externaltools.arm-none.linux64_1.17.0.201812190825/tools/compiler/bin/../lib/gcc/arm-none-eabi/7.3.1/../../../../arm-none-eabi/lib/thumb/v7e-m/fpv4-sp/hard/libc.a(lib_a-mlock.o)
 .ARM.attributes
                0x00000000000007db       0x34 /home/py/Ac6/SystemWorkbench/plugins/fr.ac6.mcu.externaltools.arm-none.linux64_1.17.0.201812190825/tools/compiler/bin/../lib/gcc/arm-none-eabi/7.3.1/../../../../arm-none-eabi/lib/thumb/v7e-m/fpv4-sp/hard/libc.a(lib_a-mprec.o)
 .ARM.attributes
                0x000000000000080f       0x34 /home/py/Ac6/SystemWorkbench/plugins/fr.ac6.mcu.externaltools.arm-none.linux64_1.17.0.201812190825/tools/compiler/bin/../lib/gcc/arm-none-eabi/7.3.1/../../../../arm-none-eabi/lib/thumb/v7e-m/fpv4-sp/hard/libc.a(lib_a-s_frexp.o)
 .ARM.attributes
                0x0000000000000843       0x34 /home/py/Ac6/SystemWorkbench/plugins/fr.ac6.mcu.externaltools.arm-none.linux64_1.17.0.201812190825/tools/compiler/bin/../lib/gcc/arm-none-eabi/7.3.1/../../../../arm-none-eabi/lib/thumb/v7e-m/fpv4-sp/hard/libc.a(lib_a-sbrkr.o)
 .ARM.attributes
                0x0000000000000877       0x34 /home/py/Ac6/SystemWorkbench/plugins/fr.ac6.mcu.externaltools.arm-none.linux64_1.17.0.201812190825/tools/compiler/bin/../lib/gcc/arm-none-eabi/7.3.1/../../../../arm-none-eabi/lib/thumb/v7e-m/fpv4-sp/hard/libc.a(lib_a-strncpy.o)
 .ARM.attributes
                0x00000000000008ab       0x34 /home/py/Ac6/SystemWorkbench/plugins/fr.ac6.mcu.externaltools.arm-none.linux64_1.17.0.201812190825/tools/compiler/bin/../lib/gcc/arm-none-eabi/7.3.1/../../../../arm-none-eabi/lib/thumb/v7e-m/fpv4-sp/hard/libc.a(lib_a-svfiprintf.o)
 .ARM.attributes
                0x00000000000008df       0x34 /home/py/Ac6/SystemWorkbench/plugins/fr.ac6.mcu.externaltools.arm-none.linux64_1.17.0.201812190825/tools/compiler/bin/../lib/gcc/arm-none-eabi/7.3.1/../../../../arm-none-eabi/lib/thumb/v7e-m/fpv4-sp/hard/libc.a(lib_a-__atexit.o)
 .ARM.attributes
                0x0000000000000913       0x34 /home/py/Ac6/SystemWorkbench/plugins/fr.ac6.mcu.externaltools.arm-none.linux64_1.17.0.201812190825/tools/compiler/bin/../lib/gcc/arm-none-eabi/7.3.1/../../../../arm-none-eabi/lib/thumb/v7e-m/fpv4-sp/hard/libc.a(lib_a-callocr.o)
 .ARM.attributes
                0x0000000000000947       0x34 /home/py/Ac6/SystemWorkbench/plugins/fr.ac6.mcu.externaltools.arm-none.linux64_1.17.0.201812190825/tools/compiler/bin/../lib/gcc/arm-none-eabi/7.3.1/../../../../arm-none-eabi/lib/thumb/v7e-m/fpv4-sp/hard/libc.a(lib_a-locale.o)
 .ARM.attributes
                0x000000000000097b       0x34 /home/py/Ac6/SystemWorkbench/plugins/fr.ac6.mcu.externaltools.arm-none.linux64_1.17.0.201812190825/tools/compiler/bin/../lib/gcc/arm-none-eabi/7.3.1/../../../../arm-none-eabi/lib/thumb/v7e-m/fpv4-sp/hard/libc.a(lib_a-mbtowc_r.o)
 .ARM.attributes
                0x00000000000009af       0x34 /home/py/Ac6/SystemWorkbench/plugins/fr.ac6.mcu.externaltools.arm-none.linux64_1.17.0.201812190825/tools/compiler/bin/../lib/gcc/arm-none-eabi/7.3.1/../../../../arm-none-eabi/lib/thumb/v7e-m/fpv4-sp/hard/libc.a(lib_a-memmove.o)
 .ARM.attributes
                0x00000000000009e3       0x34 /home/py/Ac6/SystemWorkbench/plugins/fr.ac6.mcu.externaltools.arm-none.linux64_1.17.0.201812190825/tools/compiler/bin/../lib/gcc/arm-none-eabi/7.3.1/../../../../arm-none-eabi/lib/thumb/v7e-m/fpv4-sp/hard/libc.a(lib_a-reallocr.o)
 .ARM.attributes
                0x0000000000000a17       0x34 /home/py/Ac6/SystemWorkbench/plugins/fr.ac6.mcu.externaltools.arm-none.linux64_1.17.0.201812190825/tools/compiler/bin/../lib/gcc/arm-none-eabi/7.3.1/../../../../arm-none-eabi/lib/thumb/v7e-m/fpv4-sp/hard/libc.a(lib_a-reent.o)
 .ARM.attributes
                0x0000000000000a4b       0x34 /home/py/Ac6/SystemWorkbench/plugins/fr.ac6.mcu.externaltools.arm-none.linux64_1.17.0.201812190825/tools/compiler/bin/../lib/gcc/arm-none-eabi/7.3.1/../../../../arm-none-eabi/lib/thumb/v7e-m/fpv4-sp/hard/libc.a(lib_a-wctomb_r.o)
 .ARM.attributes
                0x0000000000000a7f       0x34 /home/py/Ac6/SystemWorkbench/plugins/fr.ac6.mcu.externaltools.arm-none.linux64_1.17.0.201812190825/tools/compiler/bin/../lib/gcc/arm-none-eabi/7.3.1/../../../../arm-none-eabi/lib/thumb/v7e-m/fpv4-sp/hard/libc.a(lib_a-ctype_.o)
 .ARM.attributes
                0x0000000000000ab3       0x22 /home/py/Ac6/SystemWorkbench/plugins/fr.ac6.mcu.externaltools.arm-none.linux64_1.17.0.201812190825/tools/compiler/bin/../lib/gcc/arm-none-eabi/7.3.1/thumb/v7e-m/fpv4-sp/hard/libgcc.a(_arm_addsubdf3.o)
 .ARM.attributes
                0x0000000000000ad5       0x22 /home/py/Ac6/SystemWorkbench/plugins/fr.ac6.mcu.externaltools.arm-none.linux64_1.17.0.201812190825/tools/compiler/bin/../lib/gcc/arm-none-eabi/7.3.1/thumb/v7e-m/fpv4-sp/hard/libgcc.a(_arm_muldivdf3.o)
 .ARM.attributes
                0x0000000000000af7       0x22 /home/py/Ac6/SystemWorkbench/plugins/fr.ac6.mcu.externaltools.arm-none.linux64_1.17.0.201812190825/tools/compiler/bin/../lib/gcc/arm-none-eabi/7.3.1/thumb/v7e-m/fpv4-sp/hard/libgcc.a(_arm_cmpdf2.o)
 .ARM.attributes
                0x0000000000000b19       0x22 /home/py/Ac6/SystemWorkbench/plugins/fr.ac6.mcu.externaltools.arm-none.linux64_1.17.0.201812190825/tools/compiler/bin/../lib/gcc/arm-none-eabi/7.3.1/thumb/v7e-m/fpv4-sp/hard/libgcc.a(_arm_unorddf2.o)
 .ARM.attributes
                0x0000000000000b3b       0x22 /home/py/Ac6/SystemWorkbench/plugins/fr.ac6.mcu.externaltools.arm-none.linux64_1.17.0.201812190825/tools/compiler/bin/../lib/gcc/arm-none-eabi/7.3.1/thumb/v7e-m/fpv4-sp/hard/libgcc.a(_arm_fixdfsi.o)
 .ARM.attributes
                0x0000000000000b5d       0x22 /home/py/Ac6/SystemWorkbench/plugins/fr.ac6.mcu.externaltools.arm-none.linux64_1.17.0.201812190825/tools/compiler/bin/../lib/gcc/arm-none-eabi/7.3.1/thumb/v7e-m/fpv4-sp/hard/libgcc.a(_aeabi_uldivmod.o)
 .ARM.attributes
                0x0000000000000b7f       0x34 /home/py/Ac6/SystemWorkbench/plugins/fr.ac6.mcu.externaltools.arm-none.linux64_1.17.0.201812190825/tools/compiler/bin/../lib/gcc/arm-none-eabi/7.3.1/thumb/v7e-m/fpv4-sp/hard/libgcc.a(_udivmoddi4.o)
 .ARM.attributes
                0x0000000000000bb3       0x22 /home/py/Ac6/SystemWorkbench/plugins/fr.ac6.mcu.externaltools.arm-none.linux64_1.17.0.201812190825/tools/compiler/bin/../lib/gcc/arm-none-eabi/7.3.1/thumb/v7e-m/fpv4-sp/hard/libgcc.a(_dvmd_tls.o)
 .ARM.attributes
                0x0000000000000bd5       0x22 /home/py/Ac6/SystemWorkbench/plugins/fr.ac6.mcu.externaltools.arm-none.linux64_1.17.0.201812190825/tools/compiler/bin/../lib/gcc/arm-none-eabi/7.3.1/thumb/v7e-m/fpv4-sp/hard/crtn.o
OUTPUT(STM32_FreeRTOS_Bin_Sema_Tasks.elf elf32-littlearm)

.debug_info     0x0000000000000000    0x119f7
 .debug_info    0x0000000000000000      0x62b StdPeriph_Driver/src/stm32f4xx_gpio.o
 .debug_info    0x000000000000062b      0xf8e StdPeriph_Driver/src/stm32f4xx_rcc.o
 .debug_info    0x00000000000015b9      0x9d4 StdPeriph_Driver/src/stm32f4xx_usart.o
 .debug_info    0x0000000000001f8d      0xadb Third-Party/FreeRTOS/org/Source/list.o
 .debug_info    0x0000000000002a68     0x1f3a Third-Party/FreeRTOS/org/Source/queue.o
 .debug_info    0x00000000000049a2     0x27c4 Third-Party/FreeRTOS/org/Source/tasks.o
 .debug_info    0x0000000000007166     0x1407 Third-Party/FreeRTOS/org/Source/timers.o
 .debug_info    0x000000000000856d      0x533 Third-Party/FreeRTOS/org/Source/portable/GCC/ARM_CM4F/port.o
 .debug_info    0x0000000000008aa0      0xbfc Third-Party/FreeRTOS/org/Source/portable/MemMang/heap_4.o
 .debug_info    0x000000000000969c      0x10f Third-Party/SEGGER/Config/SEGGER_SYSVIEW_Config_FreeRTOS.o
 .debug_info    0x00000000000097ab      0xb8d Third-Party/SEGGER/OS/SEGGER_SYSVIEW_FreeRTOS.o
 .debug_info    0x000000000000a338     0x16b9 Third-Party/SEGGER/SEGGER/SEGGER_RTT.o
 .debug_info    0x000000000000b9f1     0x3aea Third-Party/SEGGER/SEGGER/SEGGER_SYSVIEW.o
 .debug_info    0x000000000000f4db      0xfab src/main.o
 .debug_info    0x0000000000010486      0xf2e src/syscalls.o
 .debug_info    0x00000000000113b4      0x621 src/system_stm32f4xx.o
 .debug_info    0x00000000000119d5       0x22 startup/startup_stm32.o

.debug_abbrev   0x0000000000000000     0x25a2
 .debug_abbrev  0x0000000000000000      0x1bf StdPeriph_Driver/src/stm32f4xx_gpio.o
 .debug_abbrev  0x00000000000001bf      0x1d4 StdPeriph_Driver/src/stm32f4xx_rcc.o
 .debug_abbrev  0x0000000000000393      0x187 StdPeriph_Driver/src/stm32f4xx_usart.o
 .debug_abbrev  0x000000000000051a      0x205 Third-Party/FreeRTOS/org/Source/list.o
 .debug_abbrev  0x000000000000071f      0x352 Third-Party/FreeRTOS/org/Source/queue.o
 .debug_abbrev  0x0000000000000a71      0x395 Third-Party/FreeRTOS/org/Source/tasks.o
 .debug_abbrev  0x0000000000000e06      0x2fe Third-Party/FreeRTOS/org/Source/timers.o
 .debug_abbrev  0x0000000000001104      0x210 Third-Party/FreeRTOS/org/Source/portable/GCC/ARM_CM4F/port.o
 .debug_abbrev  0x0000000000001314      0x2d4 Third-Party/FreeRTOS/org/Source/portable/MemMang/heap_4.o
 .debug_abbrev  0x00000000000015e8       0xb5 Third-Party/SEGGER/Config/SEGGER_SYSVIEW_Config_FreeRTOS.o
 .debug_abbrev  0x000000000000169d      0x223 Third-Party/SEGGER/OS/SEGGER_SYSVIEW_FreeRTOS.o
 .debug_abbrev  0x00000000000018c0      0x2d6 Third-Party/SEGGER/SEGGER/SEGGER_RTT.o
 .debug_abbrev  0x0000000000001b96      0x336 Third-Party/SEGGER/SEGGER/SEGGER_SYSVIEW.o
 .debug_abbrev  0x0000000000001ecc      0x2bd src/main.o
 .debug_abbrev  0x0000000000002189      0x2aa src/syscalls.o
 .debug_abbrev  0x0000000000002433      0x15d src/system_stm32f4xx.o
 .debug_abbrev  0x0000000000002590       0x12 startup/startup_stm32.o

.debug_aranges  0x0000000000000000      0xdb8
 .debug_aranges
                0x0000000000000000       0x88 StdPeriph_Driver/src/stm32f4xx_gpio.o
 .debug_aranges
                0x0000000000000088      0x1e8 StdPeriph_Driver/src/stm32f4xx_rcc.o
 .debug_aranges
                0x0000000000000270      0x100 StdPeriph_Driver/src/stm32f4xx_usart.o
 .debug_aranges
                0x0000000000000370       0x40 Third-Party/FreeRTOS/org/Source/list.o
 .debug_aranges
                0x00000000000003b0      0x130 Third-Party/FreeRTOS/org/Source/queue.o
 .debug_aranges
                0x00000000000004e0      0x1f8 Third-Party/FreeRTOS/org/Source/tasks.o
 .debug_aranges
                0x00000000000006d8       0xc8 Third-Party/FreeRTOS/org/Source/timers.o
 .debug_aranges
                0x00000000000007a0       0x80 Third-Party/FreeRTOS/org/Source/portable/GCC/ARM_CM4F/port.o
 .debug_aranges
                0x0000000000000820       0x50 Third-Party/FreeRTOS/org/Source/portable/MemMang/heap_4.o
 .debug_aranges
                0x0000000000000870       0x28 Third-Party/SEGGER/Config/SEGGER_SYSVIEW_Config_FreeRTOS.o
 .debug_aranges
                0x0000000000000898       0x48 Third-Party/SEGGER/OS/SEGGER_SYSVIEW_FreeRTOS.o
 .debug_aranges
                0x00000000000008e0      0x110 Third-Party/SEGGER/SEGGER/SEGGER_RTT.o
 .debug_aranges
                0x00000000000009f0      0x268 Third-Party/SEGGER/SEGGER/SEGGER_SYSVIEW.o
 .debug_aranges
                0x0000000000000c58       0x58 src/main.o
 .debug_aranges
                0x0000000000000cb0       0xb0 src/syscalls.o
 .debug_aranges
                0x0000000000000d60       0x30 src/system_stm32f4xx.o
 .debug_aranges
                0x0000000000000d90       0x28 startup/startup_stm32.o

.debug_ranges   0x0000000000000000      0xcb0
 .debug_ranges  0x0000000000000000       0x78 StdPeriph_Driver/src/stm32f4xx_gpio.o
 .debug_ranges  0x0000000000000078      0x1d8 StdPeriph_Driver/src/stm32f4xx_rcc.o
 .debug_ranges  0x0000000000000250       0xf0 StdPeriph_Driver/src/stm32f4xx_usart.o
 .debug_ranges  0x0000000000000340       0x30 Third-Party/FreeRTOS/org/Source/list.o
 .debug_ranges  0x0000000000000370      0x120 Third-Party/FreeRTOS/org/Source/queue.o
 .debug_ranges  0x0000000000000490      0x1e8 Third-Party/FreeRTOS/org/Source/tasks.o
 .debug_ranges  0x0000000000000678       0xb8 Third-Party/FreeRTOS/org/Source/timers.o