14:53:11 **** Incremental Build of configuration Debug for project STM32_FreeRTOS_Queue_Processing ****
make -j8 all 
Building file: ../src/main.c
Invoking: MCU GCC Compiler
/home/py/workspace/RTOS_workspace/STM32_FreeRTOS_Queue_Processing/Debug
arm-none-eabi-gcc -mcpu=cortex-m4 -mthumb -mfloat-abi=hard -mfpu=fpv4-sp-d16 -DSTM32 -DSTM32F4 -DSTM32F446RETx -DNUCLEO_F446RE -DDEBUG -DSTM32F446xx -DUSE_STDPERIPH_DRIVER -I"/home/py/workspace/RTOS_workspace/STM32_FreeRTOS_Queue_Processing/StdPeriph_Driver/inc" -I"/home/py/workspace/RTOS_workspace/STM32_FreeRTOS_Queue_Processing/Config" -I"/home/py/workspace/RTOS_workspace/STM32_FreeRTOS_Queue_Processing/Third-Party/FreeRTOS/org/Source/include" -I"/home/py/workspace/RTOS_workspace/STM32_FreeRTOS_Queue_Processing/Third-Party/FreeRTOS/org/Source/portable/GCC/ARM_CM4F" -I"/home/py/workspace/RTOS_workspace/STM32_FreeRTOS_Queue_Processing/Third-Party/SEGGER/Config" -I"/home/py/workspace/RTOS_workspace/STM32_FreeRTOS_Queue_Processing/Third-Party/SEGGER/OS" -I"/home/py/workspace/RTOS_workspace/STM32_FreeRTOS_Queue_Processing/Third-Party/SEGGER/SEGGER" -I"/home/py/workspace/RTOS_workspace/STM32_FreeRTOS_Queue_Processing/inc" -I"/home/py/workspace/RTOS_workspace/STM32_FreeRTOS_Queue_Processing/CMSIS/device" -I"/home/py/workspace/RTOS_workspace/STM32_FreeRTOS_Queue_Processing/CMSIS/core" -O0 -g3 -Wall -fmessage-length=0 -ffunction-sections -c -MMD -MP -MF"src/main.d" -MT"src/main.o" -o "src/main.o" "../src/main.c"
Finished building: ../src/main.c
 
Building target: STM32_FreeRTOS_Queue_Processing.elf
Invoking: MCU GCC Linker
arm-none-eabi-gcc -mcpu=cortex-m4 -mthumb -mfloat-abi=hard -mfpu=fpv4-sp-d16 -T"/home/py/workspace/RTOS_workspace/STM32_FreeRTOS_Queue_Processing/LinkerScript.ld" -Wl,-Map=output.map -Wl,--gc-sections -o "STM32_FreeRTOS_Queue_Processing.elf" @"objects.list"   -lm
Finished building target: STM32_FreeRTOS_Queue_Processing.elf
 
make --no-print-directory post-build
Generating binary and Printing size information:
arm-none-eabi-objcopy -O binary "STM32_FreeRTOS_Queue_Processing.elf" "STM32_FreeRTOS_Queue_Processing.bin"
arm-none-eabi-size "STM32_FreeRTOS_Queue_Processing.elf"
   text	   data	    bss	    dec	    hex	filename
  46048	   2780	  96720	 145548	  2388c	STM32_FreeRTOS_Queue_Processing.elf
 

14:53:12 Build Finished (took 879ms)

