14:56:15 **** Incremental Build of configuration Debug for project STM32_HelloWorld ****
make -j8 all 
Building file: ../src/main.c
Invoking: MCU GCC Compiler
/home/py/workspace/RTOS_workspace/STM32_HelloWorld/Debug
arm-none-eabi-gcc -mcpu=cortex-m4 -mthumb -mfloat-abi=hard -mfpu=fpv4-sp-d16 -DSTM32 -DSTM32F4 -DSTM32F446RETx -DNUCLEO_F446RE -DDEBUG -DSTM32F446xx -DUSE_STDPERIPH_DRIVER -I"/home/py/workspace/RTOS_workspace/STM32_HelloWorld/Third-Party/FreeRTOS/org/Source/include" -I"/home/py/workspace/RTOS_workspace/STM32_HelloWorld/Third-Party/FreeRTOS/org/Source/portable/GCC/ARM_CM4F" -I"/home/py/workspace/RTOS_workspace/STM32_HelloWorld/Config" -I"/home/py/workspace/RTOS_workspace/STM32_HelloWorld/Third-Party/SEGGER/Config" -I"/home/py/workspace/RTOS_workspace/STM32_HelloWorld/Third-Party/SEGGER/OS" -I"/home/py/workspace/RTOS_workspace/STM32_HelloWorld/Third-Party/SEGGER/SEGGER" -I"/home/py/workspace/RTOS_workspace/STM32_HelloWorld/StdPeriph_Driver/inc" -I"/home/py/workspace/RTOS_workspace/STM32_HelloWorld/inc" -I"/home/py/workspace/RTOS_workspace/STM32_HelloWorld/CMSIS/device" -I"/home/py/workspace/RTOS_workspace/STM32_HelloWorld/CMSIS/core" -O0 -g3 -Wall -fmessage-length=0 -ffunction-sections -c -MMD -MP -MF"src/main.d" -MT"src/main.o" -o "src/main.o" "../src/main.c"
Finished building: ../src/main.c
 
Building target: STM32_HelloWorld.elf
Invoking: MCU GCC Linker
arm-none-eabi-gcc -mcpu=cortex-m4 -mthumb -mfloat-abi=hard -mfpu=fpv4-sp-d16 -specs=rdimon.specs -lc -lrdimon -T"/home/py/workspace/RTOS_workspace/STM32_HelloWorld/LinkerScript.ld" -Wl,-Map=output.map -Wl,--gc-sections -o "STM32_HelloWorld.elf" @"objects.list"   -lm
Finished building target: STM32_HelloWorld.elf
 
make --no-print-directory post-build
Generating binary and Printing size information:
arm-none-eabi-objcopy -O binary "STM32_HelloWorld.elf" "STM32_HelloWorld.bin"
arm-none-eabi-size "STM32_HelloWorld.elf"
   text	   data	    bss	    dec	    hex	filename
  15936	   1128	  88292	 105356	  19b8c	STM32_HelloWorld.elf
 

14:56:16 Build Finished (took 725ms)

